 ****** HSPICE -- O-2018.09-SP1-1 linux64 (Dec 28 2018) ******                  
  Copyright (c) 1986 - 2024 by Synopsys, Inc. All Rights Reserved.              
  This software and the associated documentation are proprietary
  to Synopsys, Inc. This software may only be used in accordance
  with the terms and conditions of a written license agreement with
  Synopsys, Inc. All other use, reproduction, or distribution of
  this software is strictly prohibited.
  Input File: sim.sp                                                            
  Command line options: /home/tools/synopsys/hspice/O-2018.09-SP1-1/hspice/linux64/hspice -i sim.sp -o sim
  Start time: Tue Dec  3 17:33:02 2024
 lic:  
 lic: FLEXlm: SDK_11.6.9.6 
 lic: USER:   centos               HOSTNAME: 2024-szjcdl53 
 lic: HOSTID: 005056a6b4a5         PID:      18320 
 lic: Using FLEXlm license file: 
 lic: 27020@10.15.89.162 
 lic: Checkout 1 hspice 
 lic: License/Maintenance for hspice will expire on 01-nov-2025/2023.03 
 lic: 3(in_use)/40(total) FLOATING license(s) on SERVER 27020@10.15.89.162 
 lic:   
  **warning** (../../backend/pex/myPPA_4_3.pex.netlist:7) Global net name, "gnd", in subckt pin list. The pin will be connected to the local net. Recommend to not use global net names in subckt pin lists.
1****** HSPICE -- O-2018.09-SP1-1 linux64 (Dec 28 2018) ******                  
 ******  
 * partial product adder

 ****** circuit name directory
 circuit number to circuit name directory
   number circuitname                     definition         multiplier
        0 main circuit
        1 xi0.                            myppa_4_3          1.00 
        2 xi0.x_pm_myppa_4_3%xi5/net11.   pm_myppa_4_3%xi5/net11
                                                                 1.00 
        3 xi0.x_pm_myppa_4_3%xi5/xi2/bbar.
                                            pm_myppa_4_3%xi5/xi2/bbar
                                                                 1.00 
        4 xi0.x_pm_myppa_4_3%xi0/net11.   pm_myppa_4_3%xi0/net11
                                                                 1.00 
        5 xi0.x_pm_myppa_4_3%xi0/xi2/bbar.
                                            pm_myppa_4_3%xi0/xi2/bbar
                                                                 1.00 
        6 xi0.x_pm_myppa_4_3%xi6/net11.   pm_myppa_4_3%xi6/net11
                                                                 1.00 
        7 xi0.x_pm_myppa_4_3%xi6/xi2/bbar.
                                            pm_myppa_4_3%xi6/xi2/bbar
                                                                 1.00 
        8 xi0.x_pm_myppa_4_3%xi22/net11.  pm_myppa_4_3%xi22/net11
                                                                 1.00 
        9 xi0.x_pm_myppa_4_3%xi22/xi2/bbar.
                                            pm_myppa_4_3%xi22/xi2/bbar
                                                                 1.00 
       10 xi0.x_pm_myppa_4_3%xi21/net11.  pm_myppa_4_3%xi21/net11
                                                                 1.00 
       11 xi0.x_pm_myppa_4_3%xi21/xi2/bbar.
                                            pm_myppa_4_3%xi21/xi2/bbar
                                                                 1.00 
       12 xi0.x_pm_myppa_4_3%xi16/net11.  pm_myppa_4_3%xi16/net11
                                                                 1.00 
       13 xi0.x_pm_myppa_4_3%xi16/xi2/bbar.
                                            pm_myppa_4_3%xi16/xi2/bbar
                                                                 1.00 
       14 xi0.x_pm_myppa_4_3%xi4/net79.   pm_myppa_4_3%xi4/net79
                                                                 1.00 
       15 xi0.x_pm_myppa_4_3%xi4/net4.    pm_myppa_4_3%xi4/net4
                                                                 1.00 
       16 xi0.x_pm_myppa_4_3%xi4/net7.    pm_myppa_4_3%xi4/net7
                                                                 1.00 
       17 xi0.x_pm_myppa_4_3%xi4/net65.   pm_myppa_4_3%xi4/net65
                                                                 1.00 
       18 xi0.x_pm_myppa_4_3%xi4/net42.   pm_myppa_4_3%xi4/net42
                                                                 1.00 
       19 xi0.x_pm_myppa_4_3%xi4/net35.   pm_myppa_4_3%xi4/net35
                                                                 1.00 
       20 xi0.x_pm_myppa_4_3%xi3/net79.   pm_myppa_4_3%xi3/net79
                                                                 1.00 
       21 xi0.x_pm_myppa_4_3%xi3/net4.    pm_myppa_4_3%xi3/net4
                                                                 1.00 
       22 xi0.x_pm_myppa_4_3%xi3/net7.    pm_myppa_4_3%xi3/net7
                                                                 1.00 
       23 xi0.x_pm_myppa_4_3%xi3/net65.   pm_myppa_4_3%xi3/net65
                                                                 1.00 
       24 xi0.x_pm_myppa_4_3%xi3/net42.   pm_myppa_4_3%xi3/net42
                                                                 1.00 
       25 xi0.x_pm_myppa_4_3%xi3/net35.   pm_myppa_4_3%xi3/net35
                                                                 1.00 
       26 xi0.x_pm_myppa_4_3%xi9/net79.   pm_myppa_4_3%xi9/net79
                                                                 1.00 
       27 xi0.x_pm_myppa_4_3%xi9/net4.    pm_myppa_4_3%xi9/net4
                                                                 1.00 
       28 xi0.x_pm_myppa_4_3%xi9/net7.    pm_myppa_4_3%xi9/net7
                                                                 1.00 
       29 xi0.x_pm_myppa_4_3%xi9/net65.   pm_myppa_4_3%xi9/net65
                                                                 1.00 
       30 xi0.x_pm_myppa_4_3%xi9/net42.   pm_myppa_4_3%xi9/net42
                                                                 1.00 
       31 xi0.x_pm_myppa_4_3%xi9/net35.   pm_myppa_4_3%xi9/net35
                                                                 1.00 
       32 xi0.x_pm_myppa_4_3%xi8/net79.   pm_myppa_4_3%xi8/net79
                                                                 1.00 
       33 xi0.x_pm_myppa_4_3%xi8/net4.    pm_myppa_4_3%xi8/net4
                                                                 1.00 
       34 xi0.x_pm_myppa_4_3%xi8/net7.    pm_myppa_4_3%xi8/net7
                                                                 1.00 
       35 xi0.x_pm_myppa_4_3%xi8/net65.   pm_myppa_4_3%xi8/net65
                                                                 1.00 
       36 xi0.x_pm_myppa_4_3%xi8/net42.   pm_myppa_4_3%xi8/net42
                                                                 1.00 
       37 xi0.x_pm_myppa_4_3%xi8/net35.   pm_myppa_4_3%xi8/net35
                                                                 1.00 
       38 xi0.x_pm_myppa_4_3%xi7/net79.   pm_myppa_4_3%xi7/net79
                                                                 1.00 
       39 xi0.x_pm_myppa_4_3%xi7/net4.    pm_myppa_4_3%xi7/net4
                                                                 1.00 
       40 xi0.x_pm_myppa_4_3%xi7/net7.    pm_myppa_4_3%xi7/net7
                                                                 1.00 
       41 xi0.x_pm_myppa_4_3%xi7/net65.   pm_myppa_4_3%xi7/net65
                                                                 1.00 
       42 xi0.x_pm_myppa_4_3%xi7/net42.   pm_myppa_4_3%xi7/net42
                                                                 1.00 
       43 xi0.x_pm_myppa_4_3%xi7/net35.   pm_myppa_4_3%xi7/net35
                                                                 1.00 
       44 xi0.x_pm_myppa_4_3%xi18/net79.  pm_myppa_4_3%xi18/net79
                                                                 1.00 
       45 xi0.x_pm_myppa_4_3%xi18/net4.   pm_myppa_4_3%xi18/net4
                                                                 1.00 
       46 xi0.x_pm_myppa_4_3%xi18/net7.   pm_myppa_4_3%xi18/net7
                                                                 1.00 
       47 xi0.x_pm_myppa_4_3%xi18/net65.  pm_myppa_4_3%xi18/net65
                                                                 1.00 
       48 xi0.x_pm_myppa_4_3%xi18/net42.  pm_myppa_4_3%xi18/net42
                                                                 1.00 
       49 xi0.x_pm_myppa_4_3%xi18/net35.  pm_myppa_4_3%xi18/net35
                                                                 1.00 
       50 xi0.x_pm_myppa_4_3%net28.       pm_myppa_4_3%net28
                                                                 1.00 
       51 xi0.x_pm_myppa_4_3%net33.       pm_myppa_4_3%net33
                                                                 1.00 
       52 xi0.x_pm_myppa_4_3%gnd!.        pm_myppa_4_3%gnd!
                                                                 1.00 
       53 xi0.x_pm_myppa_4_3%vdd!.        pm_myppa_4_3%vdd!
                                                                 1.00 
       54 xi0.x_pm_myppa_4_3%net18.       pm_myppa_4_3%net18
                                                                 1.00 
       55 xi0.x_pm_myppa_4_3%net20.       pm_myppa_4_3%net20
                                                                 1.00 
       56 xi0.x_pm_myppa_4_3%net010.      pm_myppa_4_3%net010
                                                                 1.00 
       57 xi0.x_pm_myppa_4_3%net016.      pm_myppa_4_3%net016
                                                                 1.00 
       58 xi0.x_pm_myppa_4_3%net012.      pm_myppa_4_3%net012
                                                                 1.00 
       59 xi0.x_pm_myppa_4_3%a1<3>.       pm_myppa_4_3%a1<3>
                                                                 1.00 
       60 xi0.x_pm_myppa_4_3%a0<3>.       pm_myppa_4_3%a0<3>
                                                                 1.00 
       61 xi0.x_pm_myppa_4_3%a1bar<3>.    pm_myppa_4_3%a1bar<3>
                                                                 1.00 
       62 xi0.x_pm_myppa_4_3%a0bar<3>.    pm_myppa_4_3%a0bar<3>
                                                                 1.00 
       63 xi0.x_pm_myppa_4_3%s<1>.        pm_myppa_4_3%s<1>
                                                                 1.00 
       64 xi0.x_pm_myppa_4_3%a0<2>.       pm_myppa_4_3%a0<2>
                                                                 1.00 
       65 xi0.x_pm_myppa_4_3%net6.        pm_myppa_4_3%net6
                                                                 1.00 
       66 xi0.x_pm_myppa_4_3%a1<2>.       pm_myppa_4_3%a1<2>
                                                                 1.00 
       67 xi0.x_pm_myppa_4_3%a1<1>.       pm_myppa_4_3%a1<1>
                                                                 1.00 
       68 xi0.x_pm_myppa_4_3%a0<1>.       pm_myppa_4_3%a0<1>
                                                                 1.00 
       69 xi0.x_pm_myppa_4_3%a1<0>.       pm_myppa_4_3%a1<0>
                                                                 1.00 
       70 xi0.x_pm_myppa_4_3%net35.       pm_myppa_4_3%net35
                                                                 1.00 
       71 xi0.x_pm_myppa_4_3%a0<0>.       pm_myppa_4_3%a0<0>
                                                                 1.00 
       72 xi0.x_pm_myppa_4_3%a2<2>.       pm_myppa_4_3%a2<2>
                                                                 1.00 
       73 xi0.x_pm_myppa_4_3%xi10/net5.   pm_myppa_4_3%xi10/net5
                                                                 1.00 
       74 xi0.x_pm_myppa_4_3%a2bar<2>.    pm_myppa_4_3%a2bar<2>
                                                                 1.00 
       75 xi0.x_pm_myppa_4_3%net34.       pm_myppa_4_3%net34
                                                                 1.00 
       76 xi0.x_pm_myppa_4_3%s<0>.        pm_myppa_4_3%s<0>
                                                                 1.00 
       77 xi0.x_pm_myppa_4_3%net1.        pm_myppa_4_3%net1
                                                                 1.00 
       78 xi0.x_pm_myppa_4_3%a2<3>.       pm_myppa_4_3%a2<3>
                                                                 1.00 
       79 xi0.x_pm_myppa_4_3%a2bar<1>.    pm_myppa_4_3%a2bar<1>
                                                                 1.00 
       80 xi0.x_pm_myppa_4_3%net29.       pm_myppa_4_3%net29
                                                                 1.00 
       81 xi0.x_pm_myppa_4_3%net5.        pm_myppa_4_3%net5
                                                                 1.00 
       82 xi0.x_pm_myppa_4_3%a2bar<0>.    pm_myppa_4_3%a2bar<0>
                                                                 1.00 
       83 xi0.x_pm_myppa_4_3%net027.      pm_myppa_4_3%net027
                                                                 1.00 
       84 xi0.x_pm_myppa_4_3%net025.      pm_myppa_4_3%net025
                                                                 1.00 
       85 xi0.x_pm_myppa_4_3%net020.      pm_myppa_4_3%net020
                                                                 1.00 
       86 xi0.x_pm_myppa_4_3%net021.      pm_myppa_4_3%net021
                                                                 1.00 
       87 xi0.x_pm_myppa_4_3%net023.      pm_myppa_4_3%net023
                                                                 1.00 
       88 xi0.x_pm_myppa_4_3%a2<0>.       pm_myppa_4_3%a2<0>
                                                                 1.00 
       89 xi0.x_pm_myppa_4_3%a2<1>.       pm_myppa_4_3%a2<1>
                                                                 1.00 
       90 xi0.x_pm_myppa_4_3%s<5>.        pm_myppa_4_3%s<5>
                                                                 1.00 
       91 xi0.x_pm_myppa_4_3%s<4>.        pm_myppa_4_3%s<4>
                                                                 1.00 
       92 xi0.x_pm_myppa_4_3%s<2>.        pm_myppa_4_3%s<2>
                                                                 1.00 
       93 xi0.x_pm_myppa_4_3%s<3>.        pm_myppa_4_3%s<3>
                                                                 1.00 
       94 xi0.x_pm_myppa_4_3%net032.      pm_myppa_4_3%net032
                                                                 1.00 
  **info** (sim.sp:62) DC voltage reset to initial transient source value in source 0:v1. new dc=0.7000D+00
  **warning** (v_$v1:0) pulse rise time is  < or = zero, reset to tstep
  **warning** (v_$v1:0) pulse fall time is  < or = zero, reset to tstep
  **warning** (v_$v2:0) pulse rise time is  < or = zero, reset to tstep
  **warning** (v_$v2:0) pulse fall time is  < or = zero, reset to tstep
  **warning** (v_$v3:0) pulse rise time is  < or = zero, reset to tstep
  **warning** (v_$v3:0) pulse fall time is  < or = zero, reset to tstep
  **warning** (v_$v4:0) pulse rise time is  < or = zero, reset to tstep
  **warning** (v_$v4:0) pulse fall time is  < or = zero, reset to tstep
  **warning** (v_$v5:0) pulse rise time is  < or = zero, reset to tstep
  **warning** (v_$v5:0) pulse fall time is  < or = zero, reset to tstep
  **warning** (v_$v6:0) pulse rise time is  < or = zero, reset to tstep
  **warning** (v_$v6:0) pulse fall time is  < or = zero, reset to tstep
  **warning** (v_$v7:0) pulse rise time is  < or = zero, reset to tstep
  **warning** (v_$v7:0) pulse fall time is  < or = zero, reset to tstep
  **warning** (pmos_vtl:mxi11/mm1 (../../backend/pex/myPPA_4_3.pex.netlist:33)) Warning:  Acde = 0.300892 may be too small in BSIM4 model with w=1.8e-07 l=5e-08.
             
 Summary of Linear Res Distribution Info
 ---------------------------------------
 |Range          |Total     |Percent(%)|
 |---------------+----------+----------|
 |1e-03  ~  1e-02|1         |0.0330    |
 |1e-02  ~  1e-01|356       |11.7414   |
 |1e-01  ~  1e+00|1368      |45.1187   |
 |1e+00  ~  1e+03|1307      |43.1069   |
 ---------------------------------------
              
             
 Summary of Linear Cap Distribution Info
 ---------------------------------------
 |Range          |Total     |Percent(%)|
 |---------------+----------+----------|
 |1e-19  ~  1e-18|1099      |19.4376   |
 |1e-18  ~  1e-17|3392      |59.9929   |
 |1e-17  ~  1e-16|1103      |19.5083   |
 |1e-16  ~  1e-15|54        |0.9551    |
 |1e-14  ~  1e-13|6         |0.1061    |
 ---------------------------------------
              
             
 Summary of Detailed RC Type Statistics
 -------------------------
 |Element Type|Number    |
 |------------+----------|
 |Constant Res|3032      |
 |            |          |
 |Constant Cap|5654      |
 -------------------------
              
  
      
  **warning** (v_$v1:0) pulse rise time is  < or = zero, reset to tstep
  **warning** (v_$v1:0) pulse fall time is  < or = zero, reset to tstep
  **warning** (v_$v2:0) pulse rise time is  < or = zero, reset to tstep
  **warning** (v_$v2:0) pulse fall time is  < or = zero, reset to tstep
  **warning** (v_$v3:0) pulse rise time is  < or = zero, reset to tstep
  **warning** (v_$v3:0) pulse fall time is  < or = zero, reset to tstep
  **warning** (v_$v4:0) pulse rise time is  < or = zero, reset to tstep
  **warning** (v_$v4:0) pulse fall time is  < or = zero, reset to tstep
  **warning** (v_$v5:0) pulse rise time is  < or = zero, reset to tstep
  **warning** (v_$v5:0) pulse fall time is  < or = zero, reset to tstep
  **warning** (v_$v6:0) pulse rise time is  < or = zero, reset to tstep
  **warning** (v_$v6:0) pulse fall time is  < or = zero, reset to tstep
  **warning** (v_$v7:0) pulse rise time is  < or = zero, reset to tstep
  **warning** (v_$v7:0) pulse fall time is  < or = zero, reset to tstep

Element variations(Local):   element              parameter
 *****************************************************************
 ******  option summary
 ******
 runlvl  = 3         bypass  = 2.0000    
  Opening plot unit= 15
 file=sim.pa0

  **warning** (v_$v1:0) pulse rise time is  < or = zero, reset to tstep
  **warning** (v_$v1:0) pulse fall time is  < or = zero, reset to tstep
  **warning** (v_$v2:0) pulse rise time is  < or = zero, reset to tstep
  **warning** (v_$v2:0) pulse fall time is  < or = zero, reset to tstep
  **warning** (v_$v3:0) pulse rise time is  < or = zero, reset to tstep
  **warning** (v_$v3:0) pulse fall time is  < or = zero, reset to tstep
  **warning** (v_$v4:0) pulse rise time is  < or = zero, reset to tstep
  **warning** (v_$v4:0) pulse fall time is  < or = zero, reset to tstep
  **warning** (v_$v5:0) pulse rise time is  < or = zero, reset to tstep
  **warning** (v_$v5:0) pulse fall time is  < or = zero, reset to tstep
  **warning** (v_$v6:0) pulse rise time is  < or = zero, reset to tstep
  **warning** (v_$v6:0) pulse fall time is  < or = zero, reset to tstep
  **warning** (v_$v7:0) pulse rise time is  < or = zero, reset to tstep
  **warning** (v_$v7:0) pulse fall time is  < or = zero, reset to tstep
 **info** dc convergence successful at GMINDC ramping method 
 ******  
 * partial product adder

 ****** operating point information tnom=  25.000 temp=  25.000 ******
 ****** operating point status is voltage   simulation time is   0.000e+00
     node    =voltage       node    =voltage       node    =voltage

 + 0:a<0>    = 7.000e-01  0:a<1>    = 7.000e-01  0:a<2>    = 7.000e-01
 + 0:a<3>    = 7.000e-01  0:b<0>    = 7.000e-01  0:b<1>    = 7.000e-01
 + 0:b<2>    = 7.000e-01  0:i0<0>   = 7.000e-01  0:i0<1>   = 7.000e-01
 + 0:i0<2>   = 7.000e-01  0:i0<3>   = 7.000e-01  0:i1<0>   = 7.000e-01
 + 0:i1<1>   = 7.000e-01  0:i1<2>   = 7.000e-01  0:i1<3>   = 7.000e-01
 + 0:i2<0>   = 7.000e-01  0:i2<1>   = 7.000e-01  0:i2<2>   = 7.000e-01
 + 0:i2<3>   = 7.000e-01  0:s<0>    = 7.000e-01  0:s<1>    = 1.561e-04
 + 0:s<2>    = 1.759e-04  0:s<3>    = 4.678e-05  0:s<4>    = 1.797e-04
 + 0:s<5>    = 1.808e-04  0:vdd!    = 7.000e-01  1:n_a0<2>_= 7.000e-01
 + 1:n_gnd!_x= 2.141e-05  1:n_xi3/ne= 2.151e-05  1:n_net35_= 7.000e-01
 + 1:n_gnd!_x= 2.141e-05  1:n_a0<2>_= 7.000e-01  1:n_gnd!_x= 2.141e-05
 + 1:n_xi3/ne= 2.151e-05  1:n_a1<1>_= 7.000e-01  1:n_xi3/ne= 1.727e-04
 + 1:n_xi3/ne= 3.123e-05  1:n_xi3/ne= 2.151e-05  1:n_xi3/ne= 1.727e-04
 + 1:n_a1<1>_= 7.000e-01  1:n_net35_= 7.000e-01  1:n_a0<2>_= 7.000e-01
 + 1:n_gnd!_x= 2.142e-05  1:n_xi3/ne= 6.616e-01  1:n_net35_= 7.000e-01
 + 1:n_vdd!_x= 7.000e-01  1:n_a0<2>_= 7.000e-01  1:n_xi3/ne= 3.123e-05
 + 1:n_a1<1>_= 7.000e-01  1:n_xi3/ne= 6.616e-01  1:n_xi3/ne= 3.123e-05
 + 1:n_net35_= 7.000e-01  1:n_a0<2>_= 7.000e-01  1:n_xi3/ne= 1.778e-01
 + 1:n_net35_= 7.000e-01  1:n_a0<2>_= 7.000e-01  1:n_xi3/ne= 1.778e-01
 + 1:n_a1<1>_= 7.000e-01  1:n_xi3/ne= 1.728e-04  1:n_xi3/ne= 3.123e-05
 + 1:n_xi3/ne= 1.778e-01  1:n_xi3/ne= 1.728e-04  1:n_a1<1>_= 7.000e-01
 + 1:n_net35_= 7.000e-01  1:n_a0<2>_= 7.000e-01  1:n_net33_= 7.000e-01
 + 1:n_xi3/ne= 3.125e-05  1:n_gnd!_x= 2.141e-05  1:n_net33_= 7.000e-01
 + 1:n_xi3/ne= 3.126e-05  1:n_vdd!_x= 7.000e-01  1:n_net34_= 6.999e-01
 + 1:n_xi3/ne= 1.728e-04  1:n_gnd!_x= 2.137e-05  1:n_net34_= 6.999e-01
 + 1:n_xi3/ne= 1.728e-04  1:n_vdd!_x= 7.000e-01  1:n_xi9/ne= 3.876e-05
 + 1:n_net18_= 5.185e-05  1:n_gnd!_x= 2.467e-05  1:n_gnd!_x= 2.462e-05
 + 1:n_a2<3>_= 7.000e-01  1:n_gnd!_x= 2.467e-05  1:n_xi9/ne= 6.999e-01
 + 1:n_net5_x= 5.790e-05  1:n_xi9/ne= 3.878e-05  1:n_xi9/ne= 6.999e-01
 + 1:n_net18_= 5.182e-05  1:n_a2<3>_= 7.000e-01  1:n_gnd!_x= 2.465e-05
 + 1:n_xi9/ne= 6.726e-05  1:n_net18_= 5.176e-05  1:n_gnd!_x= 2.465e-05
 + 1:n_a2<3>_= 7.000e-01  1:n_gnd!_x= 2.467e-05  1:n_xi9/ne= 6.731e-05
 + 1:n_net5_x= 5.790e-05  1:n_xi9/ne= 1.097e-04  1:n_xi9/ne= 6.999e-01
 + 1:n_xi9/ne= 6.732e-05  1:n_xi9/ne= 1.097e-04  1:n_net5_x= 5.789e-05
 + 1:n_net18_= 5.175e-05  1:n_a2<3>_= 7.000e-01  1:n_gnd!_x= 2.458e-05
 + 1:n_xi9/ne= 7.000e-01  1:n_net18_= 5.185e-05  1:n_vdd!_x= 7.000e-01
 + 1:n_a2<3>_= 7.000e-01  1:n_xi9/ne= 6.999e-01  1:n_xi9/ne= 7.000e-01
 + 1:n_xi9/ne= 6.999e-01  1:n_net18_= 5.182e-05  1:n_a2<3>_= 7.000e-01
 + 1:n_xi9/ne= 7.000e-01  1:n_net18_= 5.176e-05  1:n_a2<3>_= 7.000e-01
 + 1:n_xi9/ne= 7.000e-01  1:n_xi9/ne= 1.097e-04  1:n_xi9/ne= 6.999e-01
 + 1:n_xi9/ne= 7.000e-01  1:n_xi9/ne= 1.097e-04  1:n_net5_x= 5.789e-05
 + 1:n_net18_= 5.175e-05  1:n_a2<3>_= 7.000e-01  1:n_net027= 5.031e-05
 + 1:n_xi9/ne= 6.999e-01  1:n_gnd!_x= 2.465e-05  1:n_net027= 5.032e-05
 + 1:n_xi9/ne= 6.999e-01  1:n_vdd!_x= 7.000e-01  1:n_net020= 6.999e-01
 + 1:n_xi9/ne= 1.098e-04  1:n_gnd!_x= 2.451e-05  1:n_net020= 6.999e-01
 + 1:n_xi9/ne= 1.098e-04  1:n_vdd!_x= 7.000e-01  1:n_xi8/ne= 5.316e-01
 + 1:n_net20_= 5.032e-05  1:n_gnd!_x= 2.361e-05  1:n_gnd!_x= 2.357e-05
 + 1:n_a2bar<= 5.361e-05  1:n_gnd!_x= 2.361e-05  1:n_xi8/ne= 6.999e-01
 + 1:n_net6_x= 6.999e-01  1:n_xi8/ne= 5.316e-01  1:n_xi8/ne= 6.999e-01
 + 1:n_net20_= 5.029e-05  1:n_a2bar<= 5.370e-05  1:n_gnd!_x= 2.359e-05
 + 1:n_xi8/ne= 7.595e-05  1:n_net20_= 5.024e-05  1:n_gnd!_x= 2.361e-05
 + 1:n_a2bar<= 5.379e-05  1:n_gnd!_x= 2.363e-05  1:n_xi8/ne= 7.595e-05
 + 1:n_net6_x= 6.999e-01  1:n_xi8/ne= 1.281e-04  1:n_xi8/ne= 6.999e-01
 + 1:n_xi8/ne= 7.597e-05  1:n_xi8/ne= 1.281e-04  1:n_net6_x= 6.999e-01
 + 1:n_net20_= 5.029e-05  1:n_a2bar<= 5.383e-05  1:n_gnd!_x= 2.353e-05
 + 1:n_xi8/ne= 7.000e-01  1:n_net20_= 5.032e-05  1:n_vdd!_x= 7.000e-01
 + 1:n_a2bar<= 5.363e-05  1:n_xi8/ne= 6.999e-01  1:n_xi8/ne= 7.000e-01
 + 1:n_xi8/ne= 6.999e-01  1:n_net20_= 5.028e-05  1:n_a2bar<= 5.372e-05
 + 1:n_xi8/ne= 7.000e-01  1:n_net20_= 5.024e-05  1:n_a2bar<= 5.380e-05
 + 1:n_xi8/ne= 7.000e-01  1:n_xi8/ne= 1.281e-04  1:n_xi8/ne= 6.999e-01
 + 1:n_xi8/ne= 7.000e-01  1:n_xi8/ne= 1.281e-04  1:n_net6_x= 6.999e-01
 + 1:n_net20_= 5.029e-05  1:n_a2bar<= 5.385e-05  1:n_net18_= 5.156e-05
 + 1:n_xi8/ne= 6.999e-01  1:n_gnd!_x= 2.360e-05  1:n_net18_= 5.158e-05
 + 1:n_xi8/ne= 6.999e-01  1:n_vdd!_x= 7.000e-01  1:n_net021= 6.999e-01
 + 1:n_xi8/ne= 1.281e-04  1:n_gnd!_x= 2.345e-05  1:n_net021= 6.999e-01
 + 1:n_xi8/ne= 1.282e-04  1:n_vdd!_x= 7.000e-01  1:n_xi7/ne= 3.092e-02
 + 1:n_net1_x= 3.869e-05  1:n_gnd!_x= 2.126e-05  1:n_gnd!_x= 2.124e-05
 + 1:n_a2bar<= 4.867e-05  1:n_gnd!_x= 2.126e-05  1:n_xi7/ne= 7.000e-01
 + 1:n_net29_= 5.185e-05  1:n_xi7/ne= 3.092e-02  1:n_xi7/ne= 7.000e-01
 + 1:n_net1_x= 3.878e-05  1:n_a2bar<= 4.864e-05  1:n_gnd!_x= 2.125e-05
 + 1:n_xi7/ne= 5.210e-01  1:n_net1_x= 3.886e-05  1:n_gnd!_x= 2.127e-05
 + 1:n_a2bar<= 4.856e-05  1:n_gnd!_x= 2.127e-05  1:n_xi7/ne= 5.210e-01
 + 1:n_net29_= 5.187e-05  1:n_xi7/ne= 6.999e-01  1:n_xi7/ne= 7.000e-01
 + 1:n_xi7/ne= 5.210e-01  1:n_xi7/ne= 6.999e-01  1:n_net29_= 5.189e-05
 + 1:n_net1_x= 3.890e-05  1:n_a2bar<= 4.835e-05  1:n_gnd!_x= 2.121e-05
 + 1:n_xi7/ne= 7.000e-01  1:n_vdd!_x= 7.000e-01  1:n_a2bar<= 4.869e-05
 + 1:n_xi7/ne= 7.000e-01  1:n_net29_= 5.186e-05  1:n_xi7/ne= 7.000e-01
 + 1:n_xi7/ne= 7.000e-01  1:n_a2bar<= 4.866e-05  1:n_xi7/ne= 7.000e-01
 + 1:n_a2bar<= 4.857e-05  1:n_xi7/ne= 7.000e-01  1:n_net29_= 5.189e-05
 + 1:n_xi7/ne= 6.999e-01  1:n_xi7/ne= 7.000e-01  1:n_xi7/ne= 7.000e-01
 + 1:n_xi7/ne= 6.999e-01  1:n_net29_= 5.191e-05  1:n_net1_x= 3.890e-05
 + 1:n_a2bar<= 4.830e-05  1:n_net20_= 4.997e-05  1:n_xi7/ne= 7.000e-01
 + 1:n_gnd!_x= 2.127e-05  1:n_net20_= 4.998e-05  1:n_xi7/ne= 7.000e-01
 + 1:n_vdd!_x= 7.000e-01  1:n_net023= 4.839e-05  1:n_xi7/ne= 6.999e-01
 + 1:n_gnd!_x= 2.117e-05  1:n_net023= 4.841e-05  1:n_xi7/ne= 6.999e-01
 + 1:n_vdd!_x= 7.000e-01  1:n_xi18/n= 2.118e-05  1:n_net016= 7.000e-01
 + 1:n_gnd!_x= 2.107e-05  1:n_gnd!_x= 2.109e-05  1:n_vdd!_x= 6.999e-01
 + 1:n_gnd!_x= 2.108e-05  1:n_xi18/n= 9.714e-05  1:n_net023= 4.859e-05
 + 1:n_xi18/n= 2.118e-05  1:n_xi18/n= 9.714e-05  1:n_net016= 7.000e-01
 + 1:n_vdd!_x= 6.999e-01  1:n_gnd!_x= 2.112e-05  1:n_xi18/n= 2.822e-05
 + 1:n_net016= 7.000e-01  1:n_gnd!_x= 2.111e-05  1:n_vdd!_x= 6.999e-01
 + 1:n_gnd!_x= 2.112e-05  1:n_xi18/n= 2.824e-05  1:n_net023= 4.864e-05
 + 1:n_xi18/n= 6.999e-01  1:n_xi18/n= 9.722e-05  1:n_xi18/n= 2.824e-05
 + 1:n_xi18/n= 6.999e-01  1:n_net023= 4.866e-05  1:n_net016= 7.000e-01
 + 1:n_vdd!_x= 6.999e-01  1:n_gnd!_x= 2.111e-05  1:n_xi18/n= 1.672e-01
 + 1:n_net016= 7.000e-01  1:n_vdd!_x= 6.999e-01  1:n_vdd!_x= 6.999e-01
 + 1:n_vdd!_x= 6.999e-01  1:n_vdd!_x= 6.999e-01  1:n_xi18/n= 9.716e-05
 + 1:n_net023= 4.859e-05  1:n_xi18/n= 1.672e-01  1:n_xi18/n= 9.716e-05
 + 1:n_net016= 7.000e-01  1:n_vdd!_x= 6.999e-01  1:n_vdd!_x= 6.999e-01
 + 1:n_xi18/n= 6.999e-01  1:n_net016= 7.000e-01  1:n_vdd!_x= 6.999e-01
 + 1:n_vdd!_x= 6.999e-01  1:n_vdd!_x= 6.999e-01  1:n_xi18/n= 6.999e-01
 + 1:n_net023= 4.866e-05  1:n_xi18/n= 6.999e-01  1:n_xi18/n= 9.723e-05
 + 1:n_xi18/n= 6.999e-01  1:n_xi18/n= 6.999e-01  1:n_net023= 4.868e-05
 + 1:n_net016= 7.000e-01  1:n_vdd!_x= 6.999e-01  1:n_vdd!_x= 6.999e-01
 + 1:n_net012= 6.999e-01  1:n_xi18/n= 9.718e-05  1:n_gnd!_x= 2.111e-05
 + 1:n_net012= 6.999e-01  1:n_xi18/n= 9.718e-05  1:n_vdd!_x= 6.999e-01
 + 1:n_s<3>_x= 4.677e-05  1:n_xi18/n= 6.999e-01  1:n_gnd!_x= 2.111e-05
 + 1:n_s<3>_x= 4.678e-05  1:n_xi18/n= 6.999e-01  1:n_vdd!_x= 6.999e-01
 + 1:n_xi5/ne= 7.000e-01  1:n_xi5/ne= 7.000e-01  1:n_xi5/ne= 7.000e-01
 + 1:n_xi5/ne= 7.000e-01  1:n_xi5/ne= 7.000e-01  1:n_xi5/ne= 7.000e-01
 + 1:n_xi5/xi= 7.000e-01  1:n_xi5/xi= 7.000e-01  1:n_xi5/xi= 7.000e-01
 + 1:n_xi5/xi= 7.000e-01  1:n_xi5/xi= 7.000e-01  1:n_xi5/xi= 7.000e-01
 + 1:n_xi5/xi= 7.000e-01  1:n_xi5/xi= 7.000e-01  1:n_xi0/ne= 1.055e-04
 + 1:n_xi0/ne= 1.055e-04  1:n_xi0/ne= 1.054e-04  1:n_xi0/ne= 1.054e-04
 + 1:n_xi0/ne= 1.054e-04  1:n_xi0/ne= 1.055e-04  1:n_xi0/xi= 9.087e-05
 + 1:n_xi0/xi= 9.089e-05  1:n_xi0/xi= 9.090e-05  1:n_xi0/xi= 9.094e-05
 + 1:n_xi0/xi= 9.091e-05  1:n_xi0/xi= 9.094e-05  1:n_xi0/xi= 9.094e-05
 + 1:n_xi6/ne= 7.000e-01  1:n_xi6/ne= 7.000e-01  1:n_xi6/ne= 7.000e-01
 + 1:n_xi6/ne= 7.000e-01  1:n_xi6/ne= 7.000e-01  1:n_xi6/ne= 7.000e-01
 + 1:n_xi6/xi= 5.313e-05  1:n_xi6/xi= 5.313e-05  1:n_xi6/xi= 5.313e-05
 + 1:n_xi6/xi= 5.314e-05  1:n_xi6/xi= 5.313e-05  1:n_xi6/xi= 5.314e-05
 + 1:n_xi6/xi= 5.314e-05  1:n_xi6/xi= 5.314e-05  1:n_xi22/n= 1.289e-04
 + 1:n_xi22/n= 1.289e-04  1:n_xi22/n= 1.288e-04  1:n_xi22/n= 1.288e-04
 + 1:n_xi22/n= 1.288e-04  1:n_xi22/n= 1.288e-04  1:n_xi22/x= 1.156e-04
 + 1:n_xi22/x= 1.156e-04  1:n_xi22/x= 1.156e-04  1:n_xi22/x= 1.157e-04
 + 1:n_xi22/x= 1.157e-04  1:n_xi22/x= 1.157e-04  1:n_xi22/x= 1.157e-04
 + 1:n_xi21/n= 1.278e-04  1:n_xi21/n= 1.278e-04  1:n_xi21/n= 1.277e-04
 + 1:n_xi21/n= 1.277e-04  1:n_xi21/n= 1.277e-04  1:n_xi21/n= 1.278e-04
 + 1:n_xi21/x= 1.145e-04  1:n_xi21/x= 1.146e-04  1:n_xi21/x= 1.146e-04
 + 1:n_xi21/x= 1.146e-04  1:n_xi21/x= 1.146e-04  1:n_xi21/x= 1.146e-04
 + 1:n_xi21/x= 1.146e-04  1:n_xi21/x= 1.146e-04  1:n_xi16/n= 1.241e-04
 + 1:n_xi16/n= 1.241e-04  1:n_xi16/n= 1.241e-04  1:n_xi16/n= 1.241e-04
 + 1:n_xi16/n= 1.241e-04  1:n_xi16/x= 1.107e-04  1:n_xi16/x= 1.107e-04
 + 1:n_xi16/x= 1.107e-04  1:n_xi16/x= 1.108e-04  1:n_xi16/x= 1.107e-04
 + 1:n_xi16/x= 1.108e-04  1:n_xi16/x= 1.108e-04  1:n_xi4/ne= 1.299e-04
 + 1:n_xi4/ne= 1.300e-04  1:n_xi4/ne= 1.300e-04  1:n_xi4/ne= 1.299e-04
 + 1:n_xi4/ne= 1.299e-04  1:n_xi4/ne= 1.299e-04  1:n_xi4/ne= 1.299e-04
 + 1:n_xi4/ne= 1.299e-04  1:n_xi4/ne= 1.299e-04  1:n_xi4/ne= 1.300e-04
 + 1:n_xi4/ne= 7.700e-05  1:n_xi4/ne= 7.697e-05  1:n_xi4/ne= 7.000e-01
 + 1:n_xi4/ne= 7.000e-01  1:n_xi4/ne= 3.097e-05  1:n_xi4/ne= 3.096e-05
 + 1:n_xi4/ne= 3.097e-05  1:n_xi4/ne= 3.097e-05  1:n_xi4/ne= 3.097e-05
 + 1:n_xi4/ne= 7.000e-01  1:n_xi4/ne= 7.000e-01  1:n_xi4/ne= 7.000e-01
 + 1:n_xi4/ne= 7.000e-01  1:n_xi4/ne= 7.000e-01  1:n_xi4/ne= 7.000e-01
 + 1:n_xi4/ne= 7.000e-01  1:n_xi4/ne= 7.000e-01  1:n_xi4/ne= 7.000e-01
 + 1:n_xi4/ne= 7.000e-01  1:n_xi4/ne= 7.000e-01  1:n_xi3/ne= 3.125e-05
 + 1:n_xi3/ne= 3.123e-05  1:n_xi3/ne= 3.123e-05  1:n_xi3/ne= 3.123e-05
 + 1:n_xi3/ne= 3.123e-05  1:n_xi3/ne= 3.123e-05  1:n_xi3/ne= 3.123e-05
 + 1:n_xi3/ne= 3.123e-05  1:n_xi3/ne= 3.123e-05  1:n_xi3/ne= 3.123e-05
 + 1:n_xi3/ne= 2.478e-05  1:n_xi3/ne= 2.478e-05  1:n_xi3/ne= 6.616e-01
 + 1:n_xi3/ne= 6.616e-01  1:n_xi3/ne= 2.151e-05  1:n_xi3/ne= 2.151e-05
 + 1:n_xi3/ne= 2.151e-05  1:n_xi3/ne= 2.151e-05  1:n_xi3/ne= 2.151e-05
 + 1:n_xi3/ne= 1.778e-01  1:n_xi3/ne= 1.778e-01  1:n_xi3/ne= 1.778e-01
 + 1:n_xi3/ne= 1.778e-01  1:n_xi3/ne= 1.728e-04  1:n_xi3/ne= 1.728e-04
 + 1:n_xi3/ne= 1.728e-04  1:n_xi3/ne= 1.727e-04  1:n_xi3/ne= 1.728e-04
 + 1:n_xi3/ne= 1.728e-04  1:n_xi3/ne= 1.728e-04  1:n_xi9/ne= 6.999e-01
 + 1:n_xi9/ne= 6.999e-01  1:n_xi9/ne= 6.999e-01  1:n_xi9/ne= 6.999e-01
 + 1:n_xi9/ne= 6.999e-01  1:n_xi9/ne= 6.999e-01  1:n_xi9/ne= 6.999e-01
 + 1:n_xi9/ne= 6.999e-01  1:n_xi9/ne= 6.999e-01  1:n_xi9/ne= 6.999e-01
 + 1:n_xi9/ne= 3.878e-05  1:n_xi9/ne= 3.877e-05  1:n_xi9/ne= 7.000e-01
 + 1:n_xi9/ne= 7.000e-01  1:n_xi9/ne= 6.729e-05  1:n_xi9/ne= 6.727e-05
 + 1:n_xi9/ne= 6.732e-05  1:n_xi9/ne= 6.731e-05  1:n_xi9/ne= 6.732e-05
 + 1:n_xi9/ne= 7.000e-01  1:n_xi9/ne= 7.000e-01  1:n_xi9/ne= 7.000e-01
 + 1:n_xi9/ne= 7.000e-01  1:n_xi9/ne= 1.098e-04  1:n_xi9/ne= 1.098e-04
 + 1:n_xi9/ne= 1.097e-04  1:n_xi9/ne= 1.097e-04  1:n_xi9/ne= 1.097e-04
 + 1:n_xi9/ne= 1.097e-04  1:n_xi9/ne= 1.097e-04  1:n_xi8/ne= 6.999e-01
 + 1:n_xi8/ne= 6.999e-01  1:n_xi8/ne= 6.999e-01  1:n_xi8/ne= 6.999e-01
 + 1:n_xi8/ne= 6.999e-01  1:n_xi8/ne= 6.999e-01  1:n_xi8/ne= 6.999e-01
 + 1:n_xi8/ne= 6.999e-01  1:n_xi8/ne= 6.999e-01  1:n_xi8/ne= 6.999e-01
 + 1:n_xi8/ne= 5.316e-01  1:n_xi8/ne= 5.316e-01  1:n_xi8/ne= 7.000e-01
 + 1:n_xi8/ne= 7.000e-01  1:n_xi8/ne= 7.595e-05  1:n_xi8/ne= 7.595e-05
 + 1:n_xi8/ne= 7.597e-05  1:n_xi8/ne= 7.596e-05  1:n_xi8/ne= 7.597e-05
 + 1:n_xi8/ne= 7.000e-01  1:n_xi8/ne= 7.000e-01  1:n_xi8/ne= 7.000e-01
 + 1:n_xi8/ne= 7.000e-01  1:n_xi8/ne= 1.281e-04  1:n_xi8/ne= 1.281e-04
 + 1:n_xi8/ne= 1.281e-04  1:n_xi8/ne= 1.281e-04  1:n_xi8/ne= 1.281e-04
 + 1:n_xi8/ne= 1.281e-04  1:n_xi8/ne= 1.281e-04  1:n_xi7/ne= 7.000e-01
 + 1:n_xi7/ne= 7.000e-01  1:n_xi7/ne= 7.000e-01  1:n_xi7/ne= 7.000e-01
 + 1:n_xi7/ne= 7.000e-01  1:n_xi7/ne= 7.000e-01  1:n_xi7/ne= 7.000e-01
 + 1:n_xi7/ne= 7.000e-01  1:n_xi7/ne= 7.000e-01  1:n_xi7/ne= 7.000e-01
 + 1:n_xi7/ne= 3.092e-02  1:n_xi7/ne= 3.092e-02  1:n_xi7/ne= 7.000e-01
 + 1:n_xi7/ne= 7.000e-01  1:n_xi7/ne= 5.210e-01  1:n_xi7/ne= 5.210e-01
 + 1:n_xi7/ne= 5.210e-01  1:n_xi7/ne= 5.210e-01  1:n_xi7/ne= 5.210e-01
 + 1:n_xi7/ne= 7.000e-01  1:n_xi7/ne= 7.000e-01  1:n_xi7/ne= 7.000e-01
 + 1:n_xi7/ne= 7.000e-01  1:n_xi7/ne= 6.999e-01  1:n_xi7/ne= 6.999e-01
 + 1:n_xi7/ne= 6.999e-01  1:n_xi7/ne= 6.999e-01  1:n_xi7/ne= 6.999e-01
 + 1:n_xi7/ne= 6.999e-01  1:n_xi7/ne= 6.999e-01  1:n_xi18/n= 9.718e-05
 + 1:n_xi18/n= 9.722e-05  1:n_xi18/n= 9.722e-05  1:n_xi18/n= 9.715e-05
 + 1:n_a1bar<= 8.456e-05  1:n_xi18/n= 9.715e-05  1:n_xi18/n= 9.716e-05
 + 1:n_xi18/n= 9.715e-05  1:n_xi18/n= 9.716e-05  1:n_xi18/n= 9.718e-05
 + 1:n_xi18/n= 9.720e-05  1:n_xi18/n= 2.118e-05  1:n_xi18/n= 2.118e-05
 + 1:n_a1<3>_= 7.000e-01  1:n_xi18/n= 1.672e-01  1:n_xi18/n= 1.672e-01
 + 1:n_xi18/n= 2.823e-05  1:n_xi18/n= 2.823e-05  1:n_xi18/n= 2.824e-05
 + 1:n_xi18/n= 2.824e-05  1:n_xi18/n= 2.824e-05  1:n_xi18/n= 6.999e-01
 + 1:n_gnd!_x= 3.111e-05  1:n_xi18/n= 6.999e-01  1:n_xi18/n= 6.999e-01
 + 1:n_xi18/n= 6.999e-01  1:n_xi18/n= 6.999e-01  1:n_xi18/n= 6.999e-01
 + 1:n_xi18/n= 6.999e-01  1:n_xi18/n= 6.999e-01  1:n_xi18/n= 6.999e-01
 + 1:n_xi18/n= 6.999e-01  1:n_gnd!_x= 3.109e-05  1:n_net010= 6.999e-01
 + 1:n_net010= 6.999e-01  1:n_net010= 6.999e-01  1:n_a1bar<= 8.458e-05
 + 1:n_net010= 6.999e-01  1:n_net010= 6.999e-01  1:n_net010= 6.999e-01
 + 1:n_net010= 6.999e-01  1:n_net010= 6.999e-01  1:n_net016= 7.000e-01
 + 1:n_net016= 7.000e-01  1:n_net016= 7.000e-01  1:n_net016= 7.000e-01
 + 1:n_a1<3>_= 7.000e-01  1:n_net016= 7.000e-01  1:n_net016= 7.000e-01
 + 1:n_net016= 7.000e-01  1:n_net016= 7.000e-01  1:n_net016= 7.000e-01
 + 1:n_net012= 6.999e-01  1:n_net012= 6.999e-01  1:n_net012= 6.999e-01
 + 1:n_net012= 6.999e-01  1:n_vdd!_x= 7.000e-01  1:n_net012= 6.999e-01
 + 1:n_net012= 6.999e-01  1:n_net012= 6.999e-01  1:n_net012= 6.999e-01
 + 1:n_net012= 6.999e-01  1:n_a1bar<= 8.685e-05  1:n_a1bar<= 8.682e-05
 + 1:n_vdd!_x= 7.000e-01  1:n_a1bar<= 8.681e-05  1:n_a1bar<= 8.674e-05
 + 1:n_a1bar<= 8.678e-05  1:n_a1bar<= 8.670e-05  1:n_a1bar<= 8.582e-05
 + 1:n_a1bar<= 8.606e-05  1:n_a1bar<= 8.586e-05  1:n_a1bar<= 8.684e-05
 + 1:n_a1bar<= 8.535e-05  1:n_a1bar<= 8.457e-05  1:n_a0bar<= 5.254e-05
 + 1:n_a0bar<= 5.287e-05  1:n_a0bar<= 5.295e-05  1:n_a0bar<= 5.300e-05
 + 1:n_a0bar<= 5.287e-05  1:n_a0bar<= 5.278e-05  1:n_a0bar<= 5.278e-05
 + 1:n_a0bar<= 5.264e-05  1:n_a0bar<= 5.271e-05  1:n_a0bar<= 5.264e-05
 + 1:n_a0<3>_= 7.000e-01  1:n_a0bar<= 5.277e-05  1:n_a0bar<= 5.255e-05
 + 1:n_gnd!_x= 2.389e-05  1:n_xi10/n= 3.240e-05  1:n_xi10/n= 3.238e-05
 + 1:n_xi10/n= 3.238e-05  1:n_a2bar<= 5.369e-05  1:n_a2bar<= 5.377e-05
 + 1:n_a2bar<= 5.382e-05  1:n_gnd!_x= 2.389e-05  1:n_a2bar<= 5.369e-05
 + 1:n_a2bar<= 5.377e-05  1:n_a2bar<= 5.360e-05  1:n_a2bar<= 5.360e-05
 + 1:n_a2bar<= 5.352e-05  1:n_a2bar<= 5.352e-05  1:n_a2bar<= 5.342e-05
 + 1:n_a2bar<= 5.359e-05  1:n_a2bar<= 5.334e-05  1:n_a0bar<= 5.256e-05
 + 1:n_a2bar<= 4.862e-05  1:n_a2bar<= 4.854e-05  1:n_a2bar<= 4.840e-05
 + 1:n_a2bar<= 4.862e-05  1:n_a2bar<= 4.854e-05  1:n_a2bar<= 4.865e-05
 + 1:n_a0<3>_= 7.000e-01  1:n_a2bar<= 4.807e-05  1:n_a2bar<= 4.824e-05
 + 1:n_a2bar<= 4.800e-05  1:n_a2bar<= 4.800e-05  1:n_a2bar<= 4.791e-05
 + 1:n_a2bar<= 4.798e-05  1:n_a2bar<= 8.714e-05  1:n_vdd!_x= 7.000e-01
 + 1:n_a2bar<= 8.722e-05  1:n_a2bar<= 8.720e-05  1:n_a2bar<= 8.716e-05
 + 1:n_a2bar<= 8.562e-05  1:n_a2bar<= 8.657e-05  1:n_net025= 6.998e-01
 + 1:n_net025= 6.998e-01  1:n_net025= 6.998e-01  1:n_vdd!_x= 7.000e-01
 + 1:n_net025= 6.998e-01  1:n_net025= 6.998e-01  1:n_net025= 6.998e-01
 + 1:n_net025= 6.998e-01  1:n_net025= 6.998e-01  1:n_net025= 6.998e-01
 + 1:n_net025= 6.998e-01  1:n_net025= 6.998e-01  1:n_net025= 6.998e-01
 + 1:n_net025= 6.998e-01  1:n_xi10/n= 3.237e-05  1:n_net025= 6.998e-01
 + 1:n_net025= 6.998e-01  1:n_net025= 6.998e-01  1:n_net025= 6.998e-01
 + 1:n_net020= 6.999e-01  1:n_net020= 6.999e-01  1:n_net020= 6.999e-01
 + 1:n_net020= 6.999e-01  1:n_net020= 6.999e-01  1:n_a0<0>_= 7.000e-01
 + 1:n_net020= 6.999e-01  1:n_net020= 6.999e-01  1:n_net020= 6.999e-01
 + 1:n_net020= 6.999e-01  1:n_net020= 6.999e-01  1:n_net020= 6.999e-01
 + 1:n_net020= 6.999e-01  1:n_net020= 6.999e-01  1:n_net021= 6.999e-01
 + 1:n_gnd!_x= 5.957e-06  1:n_net021= 6.999e-01  1:n_net021= 6.999e-01
 + 1:n_net021= 6.999e-01  1:n_net021= 6.999e-01  1:n_net021= 6.999e-01
 + 1:n_net021= 6.999e-01  1:n_net021= 6.999e-01  1:n_net021= 6.999e-01
 + 1:n_net021= 6.999e-01  1:n_net021= 6.999e-01  1:n_gnd!_x= 5.535e-06
 + 1:n_net021= 6.999e-01  1:n_net021= 6.999e-01  1:n_net023= 4.865e-05
 + 1:n_net023= 4.863e-05  1:n_net023= 4.859e-05  1:n_net023= 4.859e-05
 + 1:n_net023= 4.846e-05  1:n_net023= 4.850e-05  1:n_net023= 4.845e-05
 + 1:n_xi10/n= 3.239e-05  1:n_net023= 4.841e-05  1:n_net023= 4.859e-05
 + 1:n_net023= 4.859e-05  1:n_net023= 4.855e-05  1:n_net023= 4.859e-05
 + 1:n_net023= 4.841e-05  1:n_net023= 4.859e-05  1:n_a0<0>_= 7.000e-01
 + 1:n_vdd!_x= 7.000e-01  1:n_vdd!_x= 7.000e-01  1:n_a2bar<= 5.333e-05
 + 1:n_a2<2>_= 7.000e-01  1:n_gnd!_x= 2.469e-05  1:n_gnd!_x= 2.469e-05
 + 1:n_a2bar<= 5.335e-05  1:n_a2<2>_= 7.000e-01  1:n_vdd!_x= 7.000e-01
 + 1:n_vdd!_x= 7.000e-01  1:n_s<0>_x= 7.000e-01  1:n_xi10/n= 3.240e-05
 + 1:n_gnd!_x= 7.735e-06  1:n_gnd!_x= 7.324e-06  1:n_s<0>_x= 7.000e-01
 + 1:n_xi10/n= 3.241e-05  1:n_vdd!_x= 7.000e-01  1:n_vdd!_x= 7.000e-01
 + 1:n_a2bar<= 8.560e-05  1:n_a2<0>_= 7.000e-01  1:n_gnd!_x= 1.901e-05
 + 1:n_gnd!_x= 1.904e-05  1:n_a2bar<= 8.563e-05  1:n_a2<0>_= 7.000e-01
 + 1:n_vdd!_x= 7.000e-01  1:n_vdd!_x= 7.000e-01  1:n_a2bar<= 4.790e-05
 + 1:n_a2<1>_= 7.000e-01  1:n_gnd!_x= 1.925e-05  1:n_gnd!_x= 1.928e-05
 + 1:n_a2bar<= 4.792e-05  1:n_a2<1>_= 7.000e-01  1:n_vdd!_x= 7.000e-01
 + 1:n_vdd!_x= 7.000e-01  1:n_xi5/ne= 7.000e-01  1:n_a1bar<= 8.685e-05
 + 1:n_gnd!_x= 3.081e-05  1:n_net28_= 7.000e-01  1:n_gnd!_x= 3.080e-05
 + 1:n_xi5/xi= 7.000e-01  1:n_a1bar<= 8.682e-05  1:n_gnd!_x= 3.086e-05
 + 1:n_gnd!_x= 3.084e-05  1:n_net6_x= 6.999e-01  1:n_net28_= 7.000e-01
 + 1:n_xi5/xi= 7.000e-01  1:n_gnd!_x= 3.086e-05  1:n_xi5/ne= 7.000e-01
 + 1:n_a1bar<= 8.685e-05  1:n_vdd!_x= 7.000e-01  1:n_vdd!_x= 7.000e-01
 + 1:n_net28_= 7.000e-01  1:n_vdd!_x= 7.000e-01  1:n_xi5/xi= 7.000e-01
 + 1:n_a1bar<= 8.682e-05  1:n_vdd!_x= 7.000e-01  1:n_vdd!_x= 7.000e-01
 + 1:n_net6_x= 6.999e-01  1:n_net28_= 7.000e-01  1:n_a1bar<= 8.675e-05
 + 1:n_vdd!_x= 7.000e-01  1:n_net28_= 7.000e-01  1:n_xi5/xi= 7.000e-01
 + 1:n_net6_x= 6.999e-01  1:n_gnd!_x= 3.086e-05  1:n_net28_= 7.000e-01
 + 1:n_a1bar<= 8.608e-05  1:n_net6_x= 6.999e-01  1:n_vdd!_x= 7.000e-01
 + 1:n_net5_x= 5.785e-05  1:n_xi5/ne= 7.000e-01  1:n_gnd!_x= 3.067e-05
 + 1:n_gnd!_x= 3.069e-05  1:n_net5_x= 5.787e-05  1:n_xi5/ne= 7.000e-01
 + 1:n_vdd!_x= 7.000e-01  1:n_vdd!_x= 7.000e-01  1:n_xi0/ne= 1.054e-04
 + 1:n_a1<0>_= 7.000e-01  1:n_gnd!_x= 1.054e-06  1:n_a0<1>_= 7.000e-01
 + 1:n_gnd!_x= 1.373e-06  1:n_xi0/xi= 9.087e-05  1:n_a1<0>_= 7.000e-01
 + 1:n_gnd!_x= 3.232e-08  1:n_gnd!_x= 2.469e-07  1:n_s<1>_x= 1.560e-04
 + 1:n_a0<1>_= 7.000e-01  1:n_xi0/xi= 9.096e-05  1:n_gnd!_x= 3.260e-08
 + 1:n_xi0/ne= 1.055e-04  1:n_a1<0>_= 7.000e-01  1:n_vdd!_x= 7.000e-01
 + 1:n_vdd!_x= 7.000e-01  1:n_a0<1>_= 7.000e-01  1:n_vdd!_x= 7.000e-01
 + 1:n_xi0/xi= 9.089e-05  1:n_a1<0>_= 7.000e-01  1:n_vdd!_x= 7.000e-01
 + 1:n_vdd!_x= 7.000e-01  1:n_s<1>_x= 1.561e-04  1:n_a0<1>_= 7.000e-01
 + 1:n_a1<0>_= 7.000e-01  1:n_vdd!_x= 7.000e-01  1:n_a0<1>_= 7.000e-01
 + 1:n_xi0/xi= 9.095e-05  1:n_s<1>_x= 1.561e-04  1:n_gnd!_x= 3.256e-08
 + 1:n_a0<1>_= 7.000e-01  1:n_a1<0>_= 7.000e-01  1:n_s<1>_x= 1.561e-04
 + 1:n_vdd!_x= 7.000e-01  1:n_net35_= 7.000e-01  1:n_xi0/ne= 1.055e-04
 + 1:n_gnd!_x= 3.701e-06  1:n_gnd!_x= 3.279e-06  1:n_net35_= 7.000e-01
 + 1:n_xi0/ne= 1.055e-04  1:n_vdd!_x= 7.000e-01  1:n_vdd!_x= 7.000e-01
 + 1:n_xi6/ne= 7.000e-01  1:n_net34_= 6.999e-01  1:n_gnd!_x= 1.230e-05
 + 1:n_a2bar<= 8.721e-05  1:n_gnd!_x= 1.202e-05  1:n_xi6/xi= 5.313e-05
 + 1:n_net34_= 6.999e-01  1:n_gnd!_x= 1.341e-05  1:n_gnd!_x= 1.303e-05
 + 1:n_net025= 6.998e-01  1:n_a2bar<= 8.715e-05  1:n_xi6/xi= 5.314e-05
 + 1:n_gnd!_x= 1.341e-05  1:n_xi6/ne= 7.000e-01  1:n_net34_= 6.999e-01
 + 1:n_vdd!_x= 7.000e-01  1:n_vdd!_x= 7.000e-01  1:n_a2bar<= 8.722e-05
 + 1:n_vdd!_x= 7.000e-01  1:n_xi6/xi= 5.314e-05  1:n_net34_= 6.999e-01
 + 1:n_vdd!_x= 7.000e-01  1:n_vdd!_x= 7.000e-01  1:n_net025= 6.998e-01
 + 1:n_a2bar<= 8.715e-05  1:n_net34_= 6.999e-01  1:n_vdd!_x= 7.000e-01
 + 1:n_a2bar<= 8.801e-05  1:n_xi6/xi= 5.314e-05  1:n_net025= 6.998e-01
 + 1:n_gnd!_x= 1.341e-05  1:n_a2bar<= 8.802e-05  1:n_net34_= 6.999e-01
 + 1:n_net025= 6.998e-01  1:n_vdd!_x= 7.000e-01  1:n_net1_x= 3.852e-05
 + 1:n_xi6/ne= 7.000e-01  1:n_gnd!_x= 9.819e-06  1:n_gnd!_x= 1.021e-05
 + 1:n_net1_x= 3.854e-05  1:n_xi6/ne= 7.000e-01  1:n_vdd!_x= 7.000e-01
 + 1:n_vdd!_x= 7.000e-01  1:n_xi22/n= 1.288e-04  1:n_net020= 6.999e-01
 + 1:n_gnd!_x= 2.470e-05  1:n_net010= 6.999e-01  1:n_gnd!_x= 2.470e-05
 + 1:n_xi22/x= 1.156e-04  1:n_net020= 6.999e-01  1:n_gnd!_x= 2.480e-05
 + 1:n_gnd!_x= 2.475e-05  1:n_s<5>_x= 1.808e-04  1:n_net010= 6.999e-01
 + 1:n_xi22/x= 1.157e-04  1:n_gnd!_x= 2.480e-05  1:n_xi22/n= 1.289e-04
 + 1:n_net020= 6.999e-01  1:n_vdd!_x= 6.999e-01  1:n_vdd!_x= 6.999e-01
 + 1:n_net010= 6.999e-01  1:n_vdd!_x= 6.999e-01  1:n_xi22/x= 1.156e-04
 + 1:n_net020= 6.999e-01  1:n_vdd!_x= 6.999e-01  1:n_vdd!_x= 6.999e-01
 + 1:n_s<5>_x= 1.808e-04  1:n_net010= 6.999e-01  1:n_net020= 6.999e-01
 + 1:n_vdd!_x= 6.999e-01  1:n_net010= 6.999e-01  1:n_xi22/x= 1.157e-04
 + 1:n_s<5>_x= 1.808e-04  1:n_gnd!_x= 2.480e-05  1:n_net010= 6.999e-01
 + 1:n_net020= 6.999e-01  1:n_s<5>_x= 1.808e-04  1:n_vdd!_x= 6.999e-01
 + 1:n_net032= 6.999e-01  1:n_xi22/n= 1.289e-04  1:n_gnd!_x= 2.447e-05
 + 1:n_gnd!_x= 2.450e-05  1:n_net032= 6.999e-01  1:n_xi22/n= 1.289e-04
 + 1:n_vdd!_x= 6.999e-01  1:n_vdd!_x= 6.999e-01  1:n_xi21/n= 1.277e-04
 + 1:n_net021= 6.999e-01  1:n_gnd!_x= 2.363e-05  1:n_net012= 6.999e-01
 + 1:n_gnd!_x= 2.363e-05  1:n_xi21/x= 1.145e-04  1:n_net021= 6.999e-01
 + 1:n_gnd!_x= 2.373e-05  1:n_gnd!_x= 2.368e-05  1:n_s<4>_x= 1.797e-04
 + 1:n_net012= 6.999e-01  1:n_xi21/x= 1.146e-04  1:n_gnd!_x= 2.373e-05
 + 1:n_xi21/n= 1.278e-04  1:n_net021= 6.999e-01  1:n_vdd!_x= 6.999e-01
 + 1:n_vdd!_x= 6.999e-01  1:n_net012= 6.999e-01  1:n_vdd!_x= 6.999e-01
 + 1:n_xi21/x= 1.146e-04  1:n_net021= 6.999e-01  1:n_vdd!_x= 6.999e-01
 + 1:n_vdd!_x= 6.999e-01  1:n_s<4>_x= 1.797e-04  1:n_net012= 6.999e-01
 + 1:n_net021= 6.999e-01  1:n_vdd!_x= 6.999e-01  1:n_net012= 6.999e-01
 + 1:n_xi21/x= 1.146e-04  1:n_s<4>_x= 1.798e-04  1:n_gnd!_x= 2.373e-05
 + 1:n_net012= 6.999e-01  1:n_net021= 6.999e-01  1:n_s<4>_x= 1.798e-04
 + 1:n_vdd!_x= 6.999e-01  1:n_net010= 6.999e-01  1:n_xi21/n= 1.278e-04
 + 1:n_gnd!_x= 2.340e-05  1:n_gnd!_x= 2.343e-05  1:n_net010= 6.999e-01
 + 1:n_xi21/n= 1.278e-04  1:n_vdd!_x= 6.999e-01  1:n_vdd!_x= 6.999e-01
 + 1:n_xi16/n= 1.241e-04  1:n_net025= 6.998e-01  1:n_gnd!_x= 1.969e-05
 + 1:n_vdd!_x= 6.999e-01  1:n_gnd!_x= 1.968e-05  1:n_xi16/x= 1.107e-04
 + 1:n_net025= 6.998e-01  1:n_gnd!_x= 1.978e-05  1:n_gnd!_x= 1.974e-05
 + 1:n_s<2>_x= 1.758e-04  1:n_vdd!_x= 6.999e-01  1:n_xi16/x= 1.108e-04
 + 1:n_gnd!_x= 1.978e-05  1:n_xi16/n= 1.241e-04  1:n_net025= 6.998e-01
 + 1:n_vdd!_x= 7.000e-01  1:n_vdd!_x= 7.000e-01  1:n_vdd!_x= 6.999e-01
 + 1:n_vdd!_x= 7.000e-01  1:n_xi16/x= 1.107e-04  1:n_net025= 6.998e-01
 + 1:n_vdd!_x= 7.000e-01  1:n_vdd!_x= 7.000e-01  1:n_s<2>_x= 1.758e-04
 + 1:n_vdd!_x= 6.999e-01  1:n_net025= 6.998e-01  1:n_vdd!_x= 7.000e-01
 + 1:n_vdd!_x= 6.999e-01  1:n_xi16/x= 1.108e-04  1:n_s<2>_x= 1.759e-04
 + 1:n_gnd!_x= 1.978e-05  1:n_vdd!_x= 6.999e-01  1:n_net025= 6.998e-01
 + 1:n_s<2>_x= 1.759e-04  1:n_vdd!_x= 7.000e-01  1:n_net016= 7.000e-01
 + 1:n_xi16/n= 1.241e-04  1:n_gnd!_x= 1.945e-05  1:n_gnd!_x= 1.949e-05
 + 1:n_net016= 7.000e-01  1:n_xi16/n= 1.241e-04  1:n_vdd!_x= 7.000e-01
 + 1:n_vdd!_x= 7.000e-01  1:n_xi4/ne= 7.696e-05  1:n_net33_= 7.000e-01
 + 1:n_gnd!_x= 2.388e-05  1:n_gnd!_x= 2.384e-05  1:n_a0bar<= 5.279e-05
 + 1:n_gnd!_x= 2.386e-05  1:n_xi4/ne= 1.299e-04  1:n_a1<2>_= 7.000e-01
 + 1:n_xi4/ne= 7.702e-05  1:n_xi4/ne= 1.299e-04  1:n_net33_= 7.000e-01
 + 1:n_a0bar<= 5.289e-05  1:n_gnd!_x= 2.385e-05  1:n_xi4/ne= 3.096e-05
 + 1:n_net33_= 7.000e-01  1:n_gnd!_x= 2.385e-05  1:n_a0bar<= 5.297e-05
 + 1:n_gnd!_x= 2.385e-05  1:n_xi4/ne= 3.097e-05  1:n_a1<2>_= 7.000e-01
 + 1:n_xi4/ne= 7.000e-01  1:n_xi4/ne= 1.300e-04  1:n_xi4/ne= 3.098e-05
 + 1:n_xi4/ne= 7.000e-01  1:n_a1<2>_= 7.000e-01  1:n_net33_= 7.000e-01
 + 1:n_a0bar<= 5.302e-05  1:n_gnd!_x= 2.382e-05  1:n_xi4/ne= 7.000e-01
 + 1:n_net33_= 7.000e-01  1:n_vdd!_x= 7.000e-01  1:n_a0bar<= 5.281e-05
 + 1:n_xi4/ne= 1.299e-04  1:n_a1<2>_= 7.000e-01  1:n_xi4/ne= 7.000e-01
 + 1:n_xi4/ne= 1.299e-04  1:n_net33_= 7.000e-01  1:n_a0bar<= 5.290e-05
 + 1:n_xi4/ne= 7.000e-01  1:n_net33_= 7.000e-01  1:n_a0bar<= 5.298e-05
 + 1:n_xi4/ne= 7.000e-01  1:n_a1<2>_= 7.000e-01  1:n_xi4/ne= 7.000e-01
 + 1:n_xi4/ne= 1.300e-04  1:n_xi4/ne= 7.000e-01  1:n_xi4/ne= 7.000e-01
 + 1:n_a1<2>_= 7.000e-01  1:n_net33_= 7.000e-01  1:n_a0bar<= 5.303e-05
 + 1:n_net28_= 7.000e-01  1:n_xi4/ne= 1.299e-04  1:n_gnd!_x= 2.385e-05
 + 1:n_net28_= 7.000e-01  1:n_xi4/ne= 1.299e-04  1:n_vdd!_x= 7.000e-01
 + 1:n_net29_= 5.180e-05  1:n_xi4/ne= 7.000e-01  1:n_gnd!_x= 2.379e-05
 + 1:n_net29_= 5.181e-05  1:n_xi4/ne= 7.000e-01  1:n_vdd!_x= 7.000e-01
 + 1:n_xi3/ne= 2.478e-05  1:n_net35_= 7.000e-01  1:n_gnd!_x= 2.140e-05
 + 1:n_gnd!_x= 2.140e-05  1:n_a0<2>_= 7.000e-01  1:n_gnd!_x= 2.141e-05
 + 1:n_xi3/ne= 3.122e-05  1:n_a1<1>_= 7.000e-01  1:n_xi3/ne= 2.478e-05
 + 1:n_xi3/ne= 3.122e-05  1:n_net35_= 7.000e-01  1:n_a0<0>_= 7.000e-01
 + 1:n_a0<0>_= 7.000e-01  1:n_a0<0>_= 7.000e-01  1:n_a0<1>_= 7.000e-01
 + 1:n_a0<1>_= 7.000e-01  1:n_a0<1>_= 7.000e-01  1:n_a0<1>_= 7.000e-01
 + 1:n_a0<1>_= 7.000e-01  1:n_a0<1>_= 7.000e-01  1:n_a0<2>_= 7.000e-01
 + 1:n_a0<2>_= 7.000e-01  1:n_a0<2>_= 7.000e-01  1:n_a0<2>_= 7.000e-01
 + 1:n_a0<2>_= 7.000e-01  1:n_a0<3>_= 7.000e-01  1:n_a0<3>_= 7.000e-01
 + 1:n_a0<3>_= 7.000e-01  1:n_a1<0>_= 7.000e-01  1:n_a1<0>_= 7.000e-01
 + 1:n_a1<0>_= 7.000e-01  1:n_a1<0>_= 7.000e-01  1:n_a1<0>_= 7.000e-01
 + 1:n_a1<0>_= 7.000e-01  1:n_a1<0>_= 7.000e-01  1:n_a1<0>_= 7.000e-01
 + 1:n_a1<1>_= 7.000e-01  1:n_a1<1>_= 7.000e-01  1:n_a1<1>_= 7.000e-01
 + 1:n_a1<1>_= 7.000e-01  1:n_a1<2>_= 7.000e-01  1:n_a1<2>_= 7.000e-01
 + 1:n_a1<2>_= 7.000e-01  1:n_a1<2>_= 7.000e-01  1:n_a1<3>_= 7.000e-01
 + 1:n_a1<3>_= 7.000e-01  1:n_a1<3>_= 7.000e-01  1:n_a2<0>_= 7.000e-01
 + 1:n_a2<0>_= 7.000e-01  1:n_a2<1>_= 7.000e-01  1:n_a2<1>_= 7.000e-01
 + 1:n_a2<2>_= 7.000e-01  1:n_a2<2>_= 7.000e-01  1:n_a2<2>_= 7.000e-01
 + 1:n_a2<3>_= 7.000e-01  1:n_a2<3>_= 7.000e-01  1:n_a2<3>_= 7.000e-01
 + 1:n_gnd!_c= 3.079e-05  1:n_gnd!_c= 3.084e-05  1:n_gnd!_c= 3.086e-05
 + 1:n_gnd!_c= 2.385e-05  1:n_gnd!_c= 3.084e-05  1:n_gnd!_c= 3.089e-05
 + 1:n_gnd!_c= 3.088e-05  1:n_gnd!_c= 3.086e-05  1:n_gnd!_c= 3.088e-05
 + 1:n_gnd!_c= 3.080e-05  1:n_gnd!_c= 3.086e-05  1:n_gnd!_c= 2.387e-05
 + 1:n_gnd!_c= 2.385e-05  1:n_gnd!_c= 2.385e-05  1:n_gnd!_c= 2.382e-05
 + 1:n_gnd!_c= 2.140e-05  1:n_gnd!_c= 2.141e-05  1:n_gnd!_c= 1.161e-06
 + 1:n_gnd!_c= 1.442e-06  1:n_gnd!_c= 1.296e-05  1:n_gnd!_c= 1.194e-05
 + 1:n_gnd!_c= 2.326e-05  1:n_gnd!_c= 2.475e-05  1:n_gnd!_c= 2.343e-05
 + 1:n_gnd!_c= 2.468e-05  1:n_gnd!_c= 2.361e-05  1:n_gnd!_c= 2.363e-05
 + 1:n_gnd!_c= 2.339e-05  1:n_gnd!_c= 2.446e-05  1:n_gnd!_c= 2.339e-05
 + 1:n_gnd!_c= 2.343e-05  1:n_gnd!_c= 2.368e-05  1:n_gnd!_c= 2.368e-05
 + 1:n_gnd!_c= 2.107e-05  1:n_gnd!_c= 2.107e-05  1:n_gnd!_c= 2.108e-05
 + 1:n_gnd!_c= 2.107e-05  1:n_gnd!_c= 2.107e-05  1:n_gnd!_c= 2.108e-05
 + 1:n_gnd!_c= 2.111e-05  1:n_gnd!_c= 1.973e-05  1:n_gnd!_c= 1.966e-05
 + 1:n_gnd!_c= 1.978e-05  1:n_gnd!_c= 2.140e-05  1:n_gnd!_c= 2.141e-05
 + 1:n_gnd!_c= 2.140e-05  1:n_gnd!_c= 2.137e-05  1:n_gnd!_c= 3.249e-08
 + 1:n_gnd!_c= 9.219e-09  1:n_gnd!_c= 1.716e-07  1:n_gnd!_c= 2.141e-05
 + 1:n_gnd!_c= 2.469e-07  1:n_gnd!_c= 5.535e-06  1:n_gnd!_c= 2.467e-05
 + 1:n_gnd!_c= 2.465e-05  1:n_gnd!_c= 2.465e-05  1:n_gnd!_c= 2.466e-05
 + 1:n_gnd!_c= 2.352e-05  1:n_gnd!_c= 2.361e-05  1:n_gnd!_c= 2.359e-05
 + 1:n_gnd!_c= 2.360e-05  1:n_gnd!_c= 2.361e-05  1:n_gnd!_c= 2.121e-05
 + 1:n_gnd!_c= 1.898e-05  1:n_gnd!_c= 2.126e-05  1:n_gnd!_c= 2.125e-05
 + 1:n_gnd!_c= 1.220e-05  1:n_gnd!_c= 1.303e-05  1:n_gnd!_c= 2.126e-05
 + 1:n_gnd!_c= 1.341e-05  1:n_gnd!_c= 2.126e-05  1:n_gnd!_c= 1.410e-05
 + 1:n_gnd!_c= 1.340e-05  1:n_gnd!_c= 1.333e-05  1:n_gnd!_c= 2.111e-05
 + 1:n_gnd!_c= 2.110e-05  1:n_gnd!_c= 1.924e-05  1:n_gnd!_c= 1.928e-05
 + 1:n_gnd!_c= 1.948e-05  1:n_gnd!_c= 2.111e-05  1:n_gnd!_c= 1.968e-05
 + 1:n_gnd!_c= 1.927e-05  1:n_gnd!_c= 1.944e-05  1:n_gnd!_c= 1.945e-05
 + 1:n_gnd!_c= 1.949e-05  1:n_gnd!_c= 1.974e-05  1:n_gnd!_c= 1.975e-05
 + 1:n_gnd!_c= 1.976e-05  1:n_gnd!_c= 2.139e-05  1:n_gnd!_c= 5.458e-06
 + 1:n_gnd!_c= 9.738e-06  1:n_gnd!_c= 2.352e-05  1:n_gnd!_c= 2.121e-05
 + 1:n_gnd!_c= 1.891e-05  1:n_gnd!_c= 2.370e-05  1:n_gnd!_c= 2.389e-05
 + 1:n_gnd!_c= 3.109e-05  1:n_gnd!_c= 3.107e-05  1:n_gnd!_c= 2.389e-05
 + 1:n_gnd!_c= 2.386e-05  1:n_gnd!_c= 2.140e-05  1:n_gnd!_c= 2.140e-05
 + 1:n_gnd!_c= 2.141e-05  1:n_gnd!_c= 3.279e-06  1:n_gnd!_c= 2.756e-05
 + 1:n_gnd!_c= 2.137e-05  1:n_gnd!_c= 5.874e-06  1:n_gnd!_c= 7.249e-06
 + 1:n_gnd!_c= 2.466e-05  1:n_gnd!_c= 2.458e-05  1:n_gnd!_c= 2.353e-05
 + 1:n_gnd!_c= 2.121e-05  1:n_gnd!_c= 2.346e-05  1:n_gnd!_c= 2.117e-05
 + 1:n_gnd!_c= 1.899e-05  1:n_gnd!_c= 1.923e-05  1:n_gnd!_c= 2.370e-05
 + 1:n_gnd!_c= 2.373e-05  1:n_gnd!_c= 2.110e-05  1:n_gnd!_c= 2.111e-05
 + 1:n_gnd!_c= 2.389e-05  1:n_gnd!_c= 2.140e-05  1:n_gnd!_c= 2.139e-05
 + 1:n_gnd!_c= 3.356e-06  1:n_gnd!_c= 2.127e-05  1:n_gnd!_c= 2.353e-05
 + 1:n_gnd!_c= 2.121e-05  1:n_gnd!_c= 2.345e-05  1:n_gnd!_c= 2.432e-05
 + 1:n_gnd!_c= 2.325e-05  1:n_gnd!_c= 2.116e-05  1:n_gnd!_c= 2.103e-05
 + 1:n_gnd!_c= 1.903e-05  1:n_gnd!_c= 2.110e-05  1:n_gnd!_c= 5.951e-06
 + 1:n_gnd!_c= 2.362e-05  1:n_gnd!_c= 2.361e-05  1:n_gnd!_c= 2.106e-05
 + 1:n_gnd!_c= 2.480e-05  1:n_gnd!_c= 2.475e-05  1:n_gnd!_c= 2.470e-05
 + 1:n_gnd!_c= 2.477e-05  1:n_gnd!_c= 2.477e-05  1:n_gnd!_c= 2.386e-05
 + 1:n_gnd!_c= 2.362e-05  1:n_gnd!_c= 2.361e-05  1:n_gnd!_c= 2.358e-05
 + 1:n_gnd!_c= 2.385e-05  1:n_gnd!_c= 2.141e-05  1:n_gnd!_c= 3.698e-06
 + 1:n_gnd!_c= 2.361e-05  1:n_gnd!_c= 2.361e-05  1:n_gnd!_c= 1.371e-05
 + 1:n_gnd!_c= 2.467e-05  1:n_gnd!_c= 2.126e-05  1:n_gnd!_c= 1.899e-05
 + 1:n_gnd!_c= 1.892e-05  1:n_gnd!_c= 2.126e-05  1:n_gnd!_c= 2.126e-05
 + 1:n_gnd!_c= 2.126e-05  1:n_gnd!_c= 2.125e-05  1:n_gnd!_c= 3.064e-05
 + 1:n_gnd!_c= 2.466e-05  1:n_gnd!_c= 2.465e-05  1:n_gnd!_c= 2.469e-05
 + 1:n_gnd!_c= 2.467e-05  1:n_gnd!_c= 2.464e-05  1:n_gnd!_c= 1.379e-05
 + 1:n_gnd!_c= 1.377e-05  1:n_gnd!_c= 2.111e-05  1:n_gnd!_c= 2.111e-05
 + 1:n_gnd!_c= 2.110e-05  1:n_gnd!_c= 3.066e-05  1:n_gnd!_c= 3.107e-05
 + 1:n_gnd!_c= 2.385e-05  1:n_gnd!_c= 2.140e-05  1:n_gnd!_c= 2.464e-05
 + 1:n_gnd!_c= 2.358e-05  1:n_gnd!_c= 2.125e-05  1:n_gnd!_c= 2.110e-05
 + 1:n_net18_= 5.185e-05  1:n_net18_= 5.162e-05  1:n_net18_= 5.175e-05
 + 1:n_net18_= 5.174e-05  1:n_net18_= 5.175e-05  1:n_net18_= 5.174e-05
 + 1:n_net18_= 5.168e-05  1:n_net18_= 5.184e-05  1:n_net18_= 5.174e-05
 + 1:n_net1_c= 3.869e-05  1:n_net1_c= 3.885e-05  1:n_net1_c= 3.885e-05
 + 1:n_net1_c= 3.889e-05  1:n_net1_c= 3.853e-05  1:n_net1_c= 3.860e-05
 + 1:n_net1_c= 3.867e-05  1:n_net1_c= 3.853e-05  1:n_net1_x= 3.869e-05
 + 1:n_net1_x= 3.878e-05  1:n_net1_x= 3.886e-05  1:n_net20_= 5.032e-05
 + 1:n_net20_= 5.005e-05  1:n_net20_= 5.023e-05  1:n_net20_= 5.021e-05
 + 1:n_net20_= 5.027e-05  1:n_net20_= 5.021e-05  1:n_net20_= 5.013e-05
 + 1:n_net20_= 5.020e-05  1:n_net20_= 5.031e-05  1:n_net28_= 7.000e-01
 + 1:n_net28_= 7.000e-01  1:n_net28_= 7.000e-01  1:n_net28_= 7.000e-01
 + 1:n_net28_= 7.000e-01  1:n_net28_= 7.000e-01  1:n_net28_= 7.000e-01
 + 1:n_net28_= 7.000e-01  1:n_net28_= 7.000e-01  1:n_net29_= 5.188e-05
 + 1:n_net29_= 5.186e-05  1:n_net29_= 5.182e-05  1:n_net29_= 5.184e-05
 + 1:n_net29_= 5.181e-05  1:n_net29_= 5.182e-05  1:n_net29_= 5.181e-05
 + 1:n_net29_= 5.182e-05  1:n_net29_= 5.182e-05  1:n_net29_= 5.181e-05
 + 1:n_net29_= 5.182e-05  1:n_net29_= 5.181e-05  1:n_net33_= 7.000e-01
 + 1:n_net33_= 7.000e-01  1:n_net33_= 7.000e-01  1:n_net33_= 7.000e-01
 + 1:n_net33_= 7.000e-01  1:n_net33_= 7.000e-01  1:n_net33_= 7.000e-01
 + 1:n_net33_= 7.000e-01  1:n_net33_= 7.000e-01  1:n_net34_= 6.999e-01
 + 1:n_net34_= 6.999e-01  1:n_net34_= 6.999e-01  1:n_net34_= 6.999e-01
 + 1:n_net34_= 6.999e-01  1:n_net34_= 6.999e-01  1:n_net34_= 6.999e-01
 + 1:n_net34_= 6.999e-01  1:n_net34_= 6.999e-01  1:n_net34_= 6.999e-01
 + 1:n_net34_= 6.999e-01  1:n_net34_= 6.999e-01  1:n_net34_= 6.999e-01
 + 1:n_net34_= 6.999e-01  1:n_net34_= 6.999e-01  1:n_net35_= 7.000e-01
 + 1:n_net35_= 7.000e-01  1:n_net35_= 7.000e-01  1:n_net35_= 7.000e-01
 + 1:n_net35_= 7.000e-01  1:n_net35_= 7.000e-01  1:n_net35_= 7.000e-01
 + 1:n_net35_= 7.000e-01  1:n_net35_= 7.000e-01  1:n_net35_= 7.000e-01
 + 1:n_net5_c= 5.789e-05  1:n_net5_c= 5.789e-05  1:n_net5_c= 5.787e-05
 + 1:n_net5_c= 5.789e-05  1:n_net5_c= 5.786e-05  1:n_net5_c= 5.786e-05
 + 1:n_net5_c= 5.787e-05  1:n_net5_c= 5.787e-05  1:n_net5_c= 5.787e-05
 + 1:n_net5_c= 5.786e-05  1:n_net5_c= 5.787e-05  1:n_net5_x= 5.792e-05
 + 1:n_net5_x= 5.792e-05  1:n_net6_c= 6.999e-01  1:n_net6_c= 6.999e-01
 + 1:n_net6_c= 6.999e-01  1:n_net6_c= 6.999e-01  1:n_net6_c= 6.999e-01
 + 1:n_net6_c= 6.999e-01  1:n_net6_c= 6.999e-01  1:n_net6_c= 6.999e-01
 + 1:n_net6_c= 6.999e-01  1:n_net6_c= 6.999e-01  1:n_net6_c= 6.999e-01
 + 1:n_net6_c= 6.999e-01  1:n_net6_c= 6.999e-01  1:n_net6_c= 6.999e-01
 + 1:n_net6_c= 6.999e-01  1:n_net6_c= 6.999e-01  1:n_net6_c= 6.999e-01
 + 1:n_net6_c= 6.999e-01  1:n_net6_c= 6.999e-01  1:n_net6_c= 6.999e-01
 + 1:n_net6_c= 6.999e-01  1:n_net6_x= 6.999e-01  1:n_net6_x= 6.999e-01
 + 1:n_s<1>_c= 1.561e-04  1:n_s<1>_c= 1.561e-04  1:n_s<1>_c= 1.561e-04
 + 1:n_s<2>_c= 1.759e-04  1:n_s<2>_c= 1.758e-04  1:n_s<2>_c= 1.759e-04
 + 1:n_s<4>_c= 1.798e-04  1:n_s<4>_c= 1.797e-04  1:n_s<4>_c= 1.798e-04
 + 1:n_s<5>_c= 1.808e-04  1:n_s<5>_c= 1.808e-04  1:n_s<5>_c= 1.808e-04
 + 1:n_vdd!_c= 7.000e-01  1:n_vdd!_c= 7.000e-01  1:n_vdd!_c= 7.000e-01
 + 1:n_vdd!_c= 7.000e-01  1:n_vdd!_c= 7.000e-01  1:n_vdd!_c= 7.000e-01
 + 1:n_vdd!_c= 7.000e-01  1:n_vdd!_c= 7.000e-01  1:n_vdd!_c= 7.000e-01
 + 1:n_vdd!_c= 7.000e-01  1:n_vdd!_c= 7.000e-01  1:n_vdd!_c= 7.000e-01
 + 1:n_vdd!_c= 7.000e-01  1:n_vdd!_c= 7.000e-01  1:n_vdd!_c= 7.000e-01
 + 1:n_vdd!_c= 7.000e-01  1:n_vdd!_c= 7.000e-01  1:n_vdd!_c= 6.999e-01
 + 1:n_vdd!_c= 6.999e-01  1:n_vdd!_c= 6.999e-01  1:n_vdd!_c= 6.999e-01
 + 1:n_vdd!_c= 6.999e-01  1:n_vdd!_c= 6.999e-01  1:n_vdd!_c= 6.999e-01
 + 1:n_vdd!_c= 6.999e-01  1:n_vdd!_c= 6.999e-01  1:n_vdd!_c= 6.999e-01
 + 1:n_vdd!_c= 6.999e-01  1:n_vdd!_c= 6.999e-01  1:n_vdd!_c= 6.999e-01
 + 1:n_vdd!_c= 6.999e-01  1:n_vdd!_c= 6.999e-01  1:n_vdd!_c= 7.000e-01
 + 1:n_vdd!_c= 7.000e-01  1:n_vdd!_c= 6.999e-01  1:n_vdd!_c= 6.999e-01
 + 1:n_vdd!_c= 6.999e-01  1:n_vdd!_c= 7.000e-01  1:n_vdd!_c= 7.000e-01
 + 1:n_vdd!_c= 7.000e-01  1:n_vdd!_c= 7.000e-01  1:n_vdd!_c= 7.000e-01
 + 1:n_vdd!_c= 7.000e-01  1:n_vdd!_c= 7.000e-01  1:n_vdd!_c= 7.000e-01
 + 1:n_vdd!_c= 7.000e-01  1:n_vdd!_c= 7.000e-01  1:n_vdd!_c= 7.000e-01
 + 1:n_vdd!_c= 7.000e-01  1:n_vdd!_c= 7.000e-01  1:n_vdd!_c= 7.000e-01
 + 1:n_vdd!_c= 7.000e-01  1:n_vdd!_c= 7.000e-01  1:n_vdd!_c= 7.000e-01
 + 1:n_vdd!_c= 7.000e-01  1:n_vdd!_c= 7.000e-01  1:n_vdd!_c= 7.000e-01
 + 1:n_vdd!_c= 7.000e-01  1:n_vdd!_c= 7.000e-01  1:n_vdd!_c= 7.000e-01
 + 1:n_vdd!_c= 7.000e-01  1:n_vdd!_c= 7.000e-01  1:n_vdd!_c= 7.000e-01
 + 1:n_vdd!_c= 7.000e-01  1:n_vdd!_c= 7.000e-01  1:n_vdd!_c= 7.000e-01
 + 1:n_vdd!_c= 7.000e-01  1:n_vdd!_c= 7.000e-01  1:n_vdd!_c= 6.999e-01
 + 1:n_vdd!_c= 6.999e-01  1:n_vdd!_c= 6.999e-01  1:n_vdd!_c= 6.999e-01
 + 1:n_vdd!_c= 6.999e-01  1:n_vdd!_c= 6.999e-01  1:n_vdd!_c= 6.999e-01
 + 1:n_vdd!_c= 6.999e-01  1:n_vdd!_c= 6.999e-01  1:n_vdd!_c= 6.999e-01
 + 1:n_vdd!_c= 6.999e-01  1:n_vdd!_c= 6.999e-01  1:n_vdd!_c= 6.999e-01
 + 1:n_vdd!_c= 6.999e-01  1:n_vdd!_c= 6.999e-01  1:n_vdd!_c= 7.000e-01
 + 1:n_vdd!_c= 7.000e-01  1:n_vdd!_c= 7.000e-01  1:n_vdd!_c= 7.000e-01
 + 1:n_vdd!_c= 7.000e-01  1:n_vdd!_c= 7.000e-01  1:n_vdd!_c= 7.000e-01
 + 1:n_vdd!_c= 7.000e-01  1:n_vdd!_c= 7.000e-01  1:n_vdd!_c= 6.999e-01
 + 1:n_vdd!_c= 6.999e-01  1:n_vdd!_c= 7.000e-01  1:n_vdd!_c= 7.000e-01
 + 1:n_vdd!_c= 7.000e-01  1:n_vdd!_c= 7.000e-01  1:n_vdd!_c= 7.000e-01
 + 1:n_vdd!_c= 7.000e-01  1:n_vdd!_c= 7.000e-01  1:n_vdd!_c= 7.000e-01
 + 1:n_vdd!_c= 7.000e-01  1:n_vdd!_c= 7.000e-01  1:n_vdd!_c= 7.000e-01
 + 1:n_vdd!_c= 7.000e-01  1:n_vdd!_c= 7.000e-01  1:n_vdd!_c= 7.000e-01
 + 1:n_vdd!_c= 7.000e-01  1:n_vdd!_c= 7.000e-01  1:n_vdd!_c= 7.000e-01
 + 1:n_vdd!_c= 7.000e-01  1:n_vdd!_c= 7.000e-01  1:n_vdd!_c= 7.000e-01
 + 1:n_vdd!_c= 7.000e-01  1:n_vdd!_c= 7.000e-01  1:n_vdd!_c= 7.000e-01
 + 1:n_vdd!_c= 6.999e-01  1:n_vdd!_c= 6.999e-01  1:n_vdd!_c= 6.999e-01
 + 1:n_vdd!_c= 6.999e-01  1:n_vdd!_c= 6.999e-01  1:n_vdd!_c= 6.999e-01
 + 1:n_vdd!_c= 6.999e-01  1:n_vdd!_c= 6.999e-01  1:n_vdd!_c= 6.999e-01
 + 1:n_vdd!_c= 7.000e-01  1:n_vdd!_c= 7.000e-01  1:n_vdd!_c= 7.000e-01
 + 1:n_vdd!_c= 7.000e-01  1:n_vdd!_c= 7.000e-01  1:n_vdd!_c= 7.000e-01
 + 1:n_vdd!_c= 7.000e-01  1:n_vdd!_c= 7.000e-01  1:n_vdd!_c= 7.000e-01
 + 1:n_vdd!_c= 7.000e-01  1:n_vdd!_c= 7.000e-01  1:n_vdd!_c= 6.999e-01
 + 1:n_vdd!_c= 6.999e-01  1:n_vdd!_c= 6.999e-01  1:n_vdd!_c= 6.999e-01
 + 1:n_vdd!_c= 6.999e-01  1:n_vdd!_c= 7.000e-01  1:n_vdd!_c= 7.000e-01
 + 1:n_vdd!_c= 7.000e-01  1:n_vdd!_c= 7.000e-01  1:n_vdd!_c= 7.000e-01
 + 1:n_vdd!_c= 7.000e-01  1:n_vdd!_c= 7.000e-01  1:n_vdd!_c= 7.000e-01
 + 1:n_vdd!_c= 7.000e-01  1:n_vdd!_c= 7.000e-01  1:n_vdd!_c= 7.000e-01
 + 1:n_vdd!_c= 7.000e-01  1:n_vdd!_c= 6.999e-01  1:n_vdd!_c= 6.999e-01
 + 1:n_vdd!_c= 6.999e-01  1:n_vdd!_c= 6.999e-01  1:n_vdd!_c= 6.999e-01
 + 1:n_vdd!_c= 6.999e-01  1:n_vdd!_c= 6.999e-01  1:n_vdd!_c= 6.999e-01
 + 1:n_vdd!_c= 6.999e-01  1:n_vdd!_c= 6.999e-01  1:n_vdd!_c= 6.999e-01
 + 1:n_vdd!_c= 6.999e-01  1:n_vdd!_c= 6.999e-01  1:n_vdd!_c= 6.999e-01
 + 1:n_vdd!_c= 7.000e-01  1:n_vdd!_c= 7.000e-01  1:n_vdd!_c= 7.000e-01
 + 1:n_vdd!_c= 7.000e-01  1:n_vdd!_c= 7.000e-01  1:n_vdd!_c= 7.000e-01
 + 1:n_vdd!_c= 7.000e-01  1:n_vdd!_c= 7.000e-01  1:n_vdd!_c= 7.000e-01
 + 1:n_vdd!_c= 7.000e-01  1:n_vdd!_c= 7.000e-01  1:n_vdd!_c= 7.000e-01
 + 1:n_vdd!_c= 7.000e-01  1:n_vdd!_c= 7.000e-01  1:n_vdd!_c= 7.000e-01
 + 1:n_vdd!_c= 7.000e-01  1:n_vdd!_c= 7.000e-01  1:n_vdd!_c= 7.000e-01
 + 1:n_vdd!_c= 7.000e-01  1:n_vdd!_c= 7.000e-01  1:n_vdd!_c= 7.000e-01
 + 1:n_vdd!_c= 7.000e-01  1:n_vdd!_c= 7.000e-01  1:n_vdd!_c= 7.000e-01
 + 1:n_vdd!_c= 7.000e-01  1:n_vdd!_c= 7.000e-01  1:n_vdd!_c= 7.000e-01
 + 1:n_vdd!_c= 7.000e-01  1:n_vdd!_c= 7.000e-01  1:n_vdd!_c= 7.000e-01
 + 1:n_vdd!_c= 7.000e-01  1:n_vdd!_c= 7.000e-01  1:n_vdd!_c= 7.000e-01
 + 1:n_vdd!_c= 7.000e-01  1:n_vdd!_c= 7.000e-01  1:n_vdd!_c= 7.000e-01
 + 1:n_vdd!_c= 7.000e-01  1:n_vdd!_c= 7.000e-01  1:n_vdd!_c= 7.000e-01
 + 1:n_vdd!_c= 7.000e-01  1:n_vdd!_c= 7.000e-01  1:n_vdd!_c= 6.999e-01
 + 1:n_vdd!_c= 6.999e-01  1:n_vdd!_c= 6.999e-01  1:n_vdd!_c= 6.999e-01
 + 1:n_vdd!_c= 6.999e-01  1:n_vdd!_c= 6.999e-01  1:n_vdd!_c= 6.999e-01
 + 1:n_vdd!_c= 6.999e-01  1:n_vdd!_c= 6.999e-01  1:n_vdd!_c= 6.999e-01
 + 1:n_vdd!_c= 6.999e-01  1:n_vdd!_c= 7.000e-01  1:n_vdd!_c= 7.000e-01
 + 1:n_vdd!_c= 7.000e-01  1:n_vdd!_c= 7.000e-01  1:n_vdd!_c= 7.000e-01
 + 1:n_vdd!_c= 7.000e-01  1:n_vdd!_c= 7.000e-01  1:n_vdd!_c= 6.999e-01
 + 1:n_vdd!_c= 7.000e-01  1:n_vdd!_c= 6.999e-01  1:n_vdd!_c= 6.999e-01
 + 1:n_vdd!_c= 6.999e-01  1:n_vdd!_x= 7.000e-01  1:n_vdd!_x= 7.000e-01
 + 1:n_vdd!_x= 7.000e-01  1:n_vdd!_x= 7.000e-01  1:n_vdd!_x= 7.000e-01
 + 1:n_vdd!_x= 7.000e-01  1:n_vdd!_x= 7.000e-01  1:n_vdd!_x= 7.000e-01
 + 1:n_vdd!_x= 7.000e-01  1:n_vdd!_x= 7.000e-01  1:n_vdd!_x= 7.000e-01
 + 1:n_vdd!_x= 7.000e-01  1:n_vdd!_x= 7.000e-01  1:n_vdd!_x= 7.000e-01
 + 1:n_vdd!_x= 7.000e-01  1:n_vdd!_x= 7.000e-01  1:n_vdd!_x= 7.000e-01
 + 1:n_vdd!_x= 7.000e-01  1:n_vdd!_x= 7.000e-01  1:n_vdd!_x= 7.000e-01
 + 1:n_vdd!_x= 7.000e-01  1:n_vdd!_x= 7.000e-01  1:n_vdd!_x= 7.000e-01
 + 1:n_vdd!_x= 7.000e-01  1:n_vdd!_x= 7.000e-01  1:n_vdd!_x= 7.000e-01
 + 1:n_vdd!_x= 7.000e-01  1:n_vdd!_x= 7.000e-01  1:n_vdd!_x= 7.000e-01
 + 1:n_vdd!_x= 7.000e-01  1:xi0/xi0/= 5.351e-05  1:xi16/xi0= 7.197e-05
 + 1:xi18/net= 6.999e-01  1:xi18/net= 6.999e-01  1:xi18/net= 6.469e-01
 + 1:xi18/net= 5.923e-05  1:xi18/net= 3.539e-05  1:xi18/net= 4.948e-05
 + 1:xi21/xi0= 7.579e-05  1:xi22/xi0= 7.686e-05  1:xi3/net0= 6.297e-01
 + 1:xi3/net0= 6.816e-01  1:xi3/net0= 6.469e-01  1:xi3/net1= 2.642e-05
 + 1:xi3/net6= 7.206e-05  1:xi3/net6= 1.225e-04  1:xi4/net0= 7.000e-01
 + 1:xi4/net0= 7.000e-01  1:xi4/net0= 7.000e-01  1:xi4/net1= 1.300e-04
 + 1:xi4/net6= 5.283e-01  1:xi4/net6= 5.510e-01  1:xi5/xi0/= 4.490e-05
 + 1:xi6/xi0/= 5.496e-01  1:xi7/net0= 6.999e-01  1:xi7/net0= 6.999e-01
 + 1:xi7/net0= 7.000e-01  1:xi7/net1= 4.487e-02  1:xi7/net6= 1.680e-02
 + 1:xi7/net6= 6.079e-02  1:xi8/net0= 6.999e-01  1:xi8/net0= 7.000e-01
 + 1:xi8/net0= 7.000e-01  1:xi8/net1= 4.488e-02  1:xi8/net6= 7.581e-05
 + 1:xi8/net6= 1.282e-04  1:xi9/net0= 1.477e-01  1:xi9/net0= 1.728e-01
 + 1:xi9/net0= 6.999e-01  1:xi9/net1= 3.874e-05  1:xi9/net6= 2.469e-05
 + 1:xi9/net6= 6.718e-05  2:5       = 7.000e-01  2:8       = 7.000e-01
 + 2:13      = 7.000e-01  2:14      = 7.000e-01  2:25      = 7.000e-01
 + 2:30      = 7.000e-01  2:31      = 7.000e-01  2:37      = 7.000e-01
 + 2:39      = 7.000e-01  3:3       = 7.000e-01  3:14      = 7.000e-01
 + 3:15      = 7.000e-01  3:19      = 7.000e-01  3:23      = 7.000e-01
 + 4:5       = 1.055e-04  4:8       = 1.055e-04  4:13      = 1.054e-04
 + 4:14      = 1.055e-04  4:25      = 1.054e-04  4:30      = 1.055e-04
 + 4:31      = 1.055e-04  4:37      = 1.054e-04  4:39      = 1.054e-04
 + 5:3       = 9.094e-05  5:14      = 9.087e-05  5:15      = 9.091e-05
 + 5:19      = 9.094e-05  5:23      = 9.094e-05  5:26      = 9.094e-05
 + 6:5       = 7.000e-01  6:8       = 7.000e-01  6:13      = 7.000e-01
 + 6:14      = 7.000e-01  6:25      = 7.000e-01  6:30      = 7.000e-01
 + 6:31      = 7.000e-01  6:37      = 7.000e-01  6:39      = 7.000e-01
 + 7:3       = 5.314e-05  7:14      = 5.313e-05  7:15      = 5.313e-05
 + 7:19      = 5.314e-05  7:23      = 5.314e-05  8:5       = 1.289e-04
 + 8:8       = 1.289e-04  8:13      = 1.288e-04  8:14      = 1.289e-04
 + 8:25      = 1.288e-04  8:30      = 1.288e-04  8:31      = 1.288e-04
 + 8:37      = 1.288e-04  8:39      = 1.288e-04  9:3       = 1.157e-04
 + 9:14      = 1.156e-04  9:15      = 1.156e-04  9:19      = 1.157e-04
 + 9:23      = 1.157e-04  9:26      = 1.157e-04 10:5       = 1.278e-04
 +10:8       = 1.278e-04 10:13      = 1.277e-04 10:14      = 1.278e-04
 +10:25      = 1.277e-04 10:30      = 1.278e-04 10:31      = 1.278e-04
 +10:37      = 1.277e-04 10:39      = 1.277e-04 11:3       = 1.146e-04
 +11:14      = 1.145e-04 11:15      = 1.146e-04 11:19      = 1.146e-04
 +11:23      = 1.146e-04 12:5       = 1.241e-04 12:8       = 1.241e-04
 +12:12      = 1.241e-04 12:13      = 1.241e-04 12:14      = 1.241e-04
 +12:25      = 1.241e-04 12:30      = 1.241e-04 12:31      = 1.241e-04
 +12:37      = 1.241e-04 12:39      = 1.241e-04 13:3       = 1.108e-04
 +13:14      = 1.107e-04 13:15      = 1.107e-04 13:19      = 1.108e-04
 +13:23      = 1.108e-04 13:26      = 1.108e-04 14:5       = 1.299e-04
 +14:8       = 1.299e-04 14:12      = 1.299e-04 14:14      = 1.299e-04
 +14:18      = 1.300e-04 14:22      = 1.300e-04 14:34      = 1.299e-04
 +14:36      = 1.299e-04 14:40      = 1.299e-04 14:46      = 1.299e-04
 +14:51      = 1.299e-04 14:59      = 1.300e-04 15:3       = 7.697e-05
 +15:9       = 7.700e-05 16:3       = 7.000e-01 16:9       = 7.000e-01
 +17:4       = 3.096e-05 17:10      = 3.097e-05 17:11      = 3.097e-05
 +18:4       = 7.000e-01 18:10      = 7.000e-01 18:11      = 7.000e-01
 +18:19      = 7.000e-01 19:5       = 7.000e-01 19:8       = 7.000e-01
 +19:14      = 7.000e-01 19:24      = 7.000e-01 19:26      = 7.000e-01
 +19:30      = 7.000e-01 19:33      = 7.000e-01 20:5       = 3.125e-05
 +20:8       = 3.125e-05 20:12      = 3.125e-05 20:14      = 3.125e-05
 +20:18      = 3.123e-05 20:22      = 3.123e-05 20:34      = 3.123e-05
 +20:36      = 3.122e-05 20:40      = 3.123e-05 20:46      = 3.123e-05
 +20:51      = 3.123e-05 20:59      = 3.123e-05 21:3       = 2.478e-05
 +21:9       = 2.478e-05 22:3       = 6.616e-01 22:9       = 6.616e-01
 +23:4       = 2.151e-05 23:10      = 2.151e-05 23:11      = 2.151e-05
 +24:4       = 1.778e-01 24:10      = 1.778e-01 24:11      = 1.778e-01
 +24:19      = 1.778e-01 25:5       = 1.728e-04 25:8       = 1.728e-04
 +25:14      = 1.728e-04 25:24      = 1.728e-04 25:26      = 1.727e-04
 +25:30      = 1.728e-04 25:33      = 1.728e-04 26:5       = 6.999e-01
 +26:8       = 6.999e-01 26:12      = 6.999e-01 26:14      = 6.999e-01
 +26:18      = 6.999e-01 26:22      = 6.999e-01 26:34      = 6.999e-01
 +26:36      = 6.999e-01 26:40      = 6.999e-01 26:46      = 6.999e-01
 +26:51      = 6.999e-01 26:59      = 6.999e-01 27:3       = 3.877e-05
 +27:9       = 3.878e-05 28:3       = 7.000e-01 28:9       = 7.000e-01
 +29:4       = 6.727e-05 29:10      = 6.731e-05 29:11      = 6.730e-05
 +30:4       = 7.000e-01 30:10      = 7.000e-01 30:11      = 7.000e-01
 +30:19      = 7.000e-01 31:5       = 1.098e-04 31:8       = 1.098e-04
 +31:14      = 1.098e-04 31:24      = 1.097e-04 31:26      = 1.097e-04
 +31:30      = 1.097e-04 31:33      = 1.097e-04 32:5       = 6.999e-01
 +32:8       = 6.999e-01 32:12      = 6.999e-01 32:14      = 6.999e-01
 +32:18      = 6.999e-01 32:22      = 6.999e-01 32:34      = 6.999e-01
 +32:36      = 6.999e-01 32:40      = 6.999e-01 32:46      = 6.999e-01
 +32:51      = 6.999e-01 32:59      = 6.999e-01 33:3       = 5.316e-01
 +33:9       = 5.316e-01 34:3       = 7.000e-01 34:9       = 7.000e-01
 +35:4       = 7.595e-05 35:10      = 7.595e-05 35:11      = 7.595e-05
 +36:4       = 7.000e-01 36:10      = 7.000e-01 36:11      = 7.000e-01
 +36:19      = 7.000e-01 37:5       = 1.281e-04 37:8       = 1.281e-04
 +37:14      = 1.281e-04 37:24      = 1.281e-04 37:26      = 1.281e-04
 +37:30      = 1.281e-04 37:33      = 1.281e-04 38:5       = 7.000e-01
 +38:8       = 7.000e-01 38:12      = 7.000e-01 38:14      = 7.000e-01
 +38:18      = 7.000e-01 38:22      = 7.000e-01 38:34      = 7.000e-01
 +38:36      = 7.000e-01 38:40      = 7.000e-01 38:46      = 7.000e-01
 +38:51      = 7.000e-01 38:59      = 7.000e-01 39:3       = 3.092e-02
 +39:9       = 3.092e-02 40:3       = 7.000e-01 40:9       = 7.000e-01
 +41:4       = 5.210e-01 41:10      = 5.210e-01 41:11      = 5.210e-01
 +42:4       = 7.000e-01 42:10      = 7.000e-01 42:11      = 7.000e-01
 +42:19      = 7.000e-01 43:5       = 6.999e-01 43:8       = 6.999e-01
 +43:14      = 6.999e-01 43:24      = 6.999e-01 43:26      = 6.999e-01
 +43:30      = 6.999e-01 43:33      = 6.999e-01 44:5       = 9.718e-05
 +44:8       = 9.718e-05 44:12      = 9.718e-05 44:14      = 9.717e-05
 +44:18      = 9.722e-05 44:22      = 9.722e-05 44:34      = 9.716e-05
 +44:36      = 9.714e-05 44:40      = 9.716e-05 44:46      = 9.715e-05
 +44:51      = 9.718e-05 44:59      = 9.722e-05 45:3       = 2.118e-05
 +45:9       = 2.118e-05 46:3       = 1.672e-01 46:9       = 1.672e-01
 +47:4       = 2.822e-05 47:10      = 2.824e-05 47:11      = 2.823e-05
 +48:4       = 6.999e-01 48:10      = 6.999e-01 48:11      = 6.999e-01
 +48:19      = 6.999e-01 49:5       = 6.999e-01 49:8       = 6.999e-01
 +49:12      = 6.999e-01 49:14      = 6.999e-01 49:24      = 6.999e-01
 +49:26      = 6.999e-01 49:30      = 6.999e-01 49:33      = 6.999e-01
 +50:7       = 7.000e-01 50:8       = 7.000e-01 50:11      = 7.000e-01
 +50:30      = 7.000e-01 50:31      = 7.000e-01 50:59      = 7.000e-01
 +50:61      = 7.000e-01 50:65      = 7.000e-01 50:67      = 7.000e-01
 +50:82      = 7.000e-01 50:87      = 7.000e-01 51:1       = 7.000e-01
 +51:5       = 7.000e-01 51:6       = 7.000e-01 51:17      = 7.000e-01
 +51:28      = 7.000e-01 51:53      = 7.000e-01 51:55      = 7.000e-01
 +51:57      = 7.000e-01 51:58      = 7.000e-01 51:60      = 7.000e-01
 +51:64      = 7.000e-01 51:71      = 7.000e-01 52:143     = 3.067e-05
 +52:146     = 3.068e-05 52:147     = 3.067e-05 52:148     = 3.069e-05
 +52:152     = 3.069e-05 52:159     = 3.084e-05 52:161     = 3.084e-05
 +52:167     = 3.067e-05 52:168     = 3.069e-05 52:171     = 3.086e-05
 +52:175     = 3.086e-05 52:234     = 3.698e-06 52:238     = 3.621e-06
 +52:239     = 3.279e-06 52:243     = 3.201e-06 52:250     = 3.222e-07
 +52:252     = 2.469e-07 52:262     = 3.249e-08 52:266     = 3.249e-08
 +52:325     = 9.813e-06 52:328     = 1.014e-05 52:329     = 9.885e-06
 +52:330     = 1.021e-05 52:334     = 1.028e-05 52:343     = 1.303e-05
 +52:349     = 9.812e-06 52:350     = 1.021e-05 52:353     = 1.341e-05
 +52:357     = 1.341e-05 52:416     = 2.446e-05 52:419     = 2.450e-05
 +52:420     = 2.447e-05 52:421     = 2.450e-05 52:425     = 2.451e-05
 +52:434     = 2.475e-05 52:440     = 2.446e-05 52:441     = 2.450e-05
 +52:444     = 2.480e-05 52:448     = 2.480e-05 52:507     = 2.339e-05
 +52:511     = 2.340e-05 52:512     = 2.343e-05 52:516     = 2.344e-05
 +52:525     = 2.368e-05 52:535     = 2.373e-05 52:539     = 2.373e-05
 +52:598     = 1.945e-05 52:602     = 1.946e-05 52:603     = 1.949e-05
 +52:607     = 1.950e-05 52:616     = 1.974e-05 52:626     = 1.978e-05
 +52:630     = 1.978e-05 52:699     = 2.386e-05 52:704     = 2.386e-05
 +52:705     = 2.385e-05 52:710     = 2.385e-05 52:711     = 2.385e-05
 +52:714     = 2.385e-05 52:715     = 2.385e-05 52:716     = 2.385e-05
 +52:720     = 2.385e-05 52:721     = 2.385e-05 52:726     = 2.385e-05
 +52:727     = 2.385e-05 52:732     = 2.385e-05 52:733     = 2.382e-05
 +52:737     = 2.382e-05 52:738     = 2.382e-05 52:739     = 2.382e-05
 +52:742     = 2.379e-05 52:743     = 2.381e-05 52:744     = 2.378e-05
 +52:749     = 2.385e-05 52:750     = 2.385e-05 52:751     = 2.385e-05
 +52:752     = 2.385e-05 52:754     = 2.382e-05 52:755     = 2.382e-05
 +52:756     = 2.378e-05 52:811     = 2.140e-05 52:816     = 2.140e-05
 +52:817     = 2.141e-05 52:822     = 2.140e-05 52:823     = 2.140e-05
 +52:826     = 2.141e-05 52:827     = 2.140e-05 52:828     = 2.141e-05
 +52:832     = 2.141e-05 52:833     = 2.141e-05 52:838     = 2.141e-05
 +52:839     = 2.141e-05 52:844     = 2.141e-05 52:845     = 2.141e-05
 +52:850     = 2.140e-05 52:851     = 2.139e-05 52:855     = 2.139e-05
 +52:856     = 2.137e-05 52:861     = 2.140e-05 52:862     = 2.140e-05
 +52:863     = 2.141e-05 52:864     = 2.141e-05 52:922     = 2.467e-05
 +52:923     = 2.467e-05 52:928     = 2.467e-05 52:929     = 2.465e-05
 +52:934     = 2.464e-05 52:935     = 2.463e-05 52:938     = 2.464e-05
 +52:939     = 2.464e-05 52:940     = 2.465e-05 52:944     = 2.465e-05
 +52:945     = 2.465e-05 52:950     = 2.465e-05 52:951     = 2.466e-05
 +52:956     = 2.466e-05 52:957     = 2.458e-05 52:961     = 2.457e-05
 +52:962     = 2.458e-05 52:963     = 2.457e-05 52:966     = 2.452e-05
 +52:967     = 2.456e-05 52:968     = 2.450e-05 52:973     = 2.465e-05
 +52:975     = 2.465e-05 52:978     = 2.458e-05 52:979     = 2.457e-05
 +52:980     = 2.450e-05 52:1035    = 2.361e-05 52:1040    = 2.361e-05
 +52:1041    = 2.359e-05 52:1046    = 2.359e-05 52:1047    = 2.358e-05
 +52:1050    = 2.359e-05 52:1051    = 2.359e-05 52:1052    = 2.360e-05
 +52:1056    = 2.360e-05 52:1057    = 2.361e-05 52:1062    = 2.361e-05
 +52:1063    = 2.362e-05 52:1068    = 2.361e-05 52:1069    = 2.353e-05
 +52:1074    = 2.353e-05 52:1075    = 2.352e-05 52:1079    = 2.350e-05
 +52:1080    = 2.345e-05 52:1085    = 2.359e-05 52:1087    = 2.360e-05
 +52:1147    = 2.126e-05 52:1152    = 2.126e-05 52:1153    = 2.125e-05
 +52:1158    = 2.125e-05 52:1159    = 2.125e-05 52:1162    = 2.126e-05
 +52:1163    = 2.125e-05 52:1164    = 2.126e-05 52:1168    = 2.126e-05
 +52:1169    = 2.126e-05 52:1174    = 2.126e-05 52:1175    = 2.126e-05
 +52:1180    = 2.126e-05 52:1181    = 2.121e-05 52:1186    = 2.121e-05
 +52:1187    = 2.121e-05 52:1191    = 2.120e-05 52:1192    = 2.116e-05
 +52:1197    = 2.125e-05 52:1199    = 2.126e-05 52:1259    = 2.108e-05
 +52:1264    = 2.108e-05 52:1265    = 2.111e-05 52:1270    = 2.111e-05
 +52:1271    = 2.110e-05 52:1274    = 2.110e-05 52:1275    = 2.110e-05
 +52:1276    = 2.111e-05 52:1280    = 2.111e-05 52:1281    = 2.111e-05
 +52:1286    = 2.111e-05 52:1287    = 2.111e-05 52:1292    = 2.111e-05
 +52:1293    = 2.110e-05 52:1297    = 2.110e-05 52:1298    = 2.110e-05
 +52:1299    = 2.110e-05 52:1302    = 2.110e-05 52:1303    = 2.110e-05
 +52:1304    = 2.111e-05 52:1309    = 2.111e-05 52:1311    = 2.111e-05
 +52:1446    = 3.081e-05 52:1447    = 8.623e-07 52:1448    = 3.081e-05
 +52:1449    = 1.054e-06 52:1450    = 3.775e-06 52:1451    = 2.378e-05
 +52:1452    = 2.137e-05 52:1454    = 1.230e-05 52:1455    = 1.247e-05
 +52:1456    = 1.310e-05 52:1457    = 2.449e-05 52:1458    = 2.343e-05
 +52:1459    = 2.115e-05 52:1463    = 2.470e-05 52:1464    = 2.363e-05
 +52:1465    = 2.472e-05 52:1466    = 2.364e-05 52:1467    = 2.476e-05
 +52:1468    = 2.369e-05 52:1469    = 1.969e-05 52:1470    = 1.970e-05
 +52:1471    = 1.974e-05 52:1473    = 2.387e-05 52:1474    = 2.140e-05
 +52:1475    = 2.361e-05 52:1476    = 2.126e-05 52:1477    = 2.107e-05
 +52:1478    = 3.109e-05 52:1481    = 2.389e-05 52:1484    = 3.109e-05
 +52:1488    = 3.109e-05 52:1491    = 2.389e-05 52:1495    = 3.109e-05
 +52:1497    = 2.389e-05 52:1498    = 3.106e-05 52:1501    = 3.106e-05
 +52:1502    = 2.386e-05 52:1505    = 2.140e-05 52:1508    = 2.387e-05
 +52:1509    = 2.386e-05 52:1512    = 2.387e-05 52:1515    = 2.140e-05
 +52:1518    = 3.089e-05 52:1524    = 3.086e-05 52:1527    = 1.036e-08
 +52:1530    = 3.086e-05 52:1531    = 4.821e-09 52:1538    = 1.054e-06
 +52:1540    = 3.079e-05 52:1543    = 1.360e-06 52:1547    = 5.535e-06
 +52:1550    = 2.469e-05 52:1554    = 5.612e-06 52:1555    = 2.469e-05
 +52:1557    = 5.951e-06 52:1560    = 2.469e-05 52:1564    = 6.026e-06
 +52:1566    = 2.468e-05 52:1569    = 7.324e-06 52:1572    = 7.657e-06
 +52:1573    = 7.399e-06 52:1574    = 7.732e-06 52:1577    = 2.465e-05
 +52:1580    = 2.361e-05 52:1583    = 2.126e-05 52:1586    = 7.807e-06
 +52:1588    = 2.361e-05 52:1589    = 2.126e-05 52:1590    = 2.126e-05
 +52:1591    = 2.467e-05 52:1594    = 2.361e-05 52:1597    = 2.126e-05
 +52:1600    = 1.202e-05 52:1604    = 1.230e-05 52:1607    = 1.340e-05
 +52:1611    = 1.346e-05 52:1612    = 1.401e-05 52:1623    = 2.431e-05
 +52:1625    = 2.319e-05 52:1627    = 2.095e-05 52:1629    = 1.893e-05
 +52:1631    = 1.900e-05 52:1634    = 2.432e-05 52:1635    = 2.325e-05
 +52:1637    = 2.102e-05 52:1639    = 1.900e-05 52:1640    = 1.904e-05
 +52:1643    = 2.107e-05 52:1647    = 1.905e-05 52:1649    = 2.107e-05
 +52:1650    = 2.107e-05 52:1653    = 1.924e-05 52:1657    = 1.925e-05
 +52:1658    = 1.928e-05 52:1661    = 1.929e-05 52:1662    = 2.469e-05
 +52:1665    = 2.362e-05 52:1676    = 2.478e-05 52:1679    = 2.371e-05
 +52:1686    = 1.967e-05 52:1690    = 1.969e-05 52:1693    = 1.976e-05
 +52:1699    = 3.109e-05 52:1701    = 2.386e-05 52:1702    = 2.387e-05
 +52:1706    = 3.079e-05 52:1707    = 1.360e-06 52:1712    = 2.469e-05
 +52:1713    = 7.324e-06 52:1714    = 7.732e-06 52:1715    = 2.466e-05
 +52:1716    = 2.465e-05 52:1718    = 2.126e-05 52:1719    = 2.467e-05
 +52:1721    = 2.361e-05 52:1723    = 1.202e-05 52:1726    = 2.431e-05
 +52:1727    = 2.324e-05 52:1728    = 2.102e-05 52:1731    = 1.904e-05
 +52:1736    = 2.469e-05 52:1737    = 2.362e-05 52:1740    = 1.967e-05
 +52:1743    = 2.774e-05 52:1744    = 3.064e-05 52:1748    = 2.467e-05
 +53:140     = 7.000e-01 53:143     = 7.000e-01 53:144     = 7.000e-01
 +53:145     = 7.000e-01 53:149     = 7.000e-01 53:150     = 7.000e-01
 +53:155     = 7.000e-01 53:156     = 7.000e-01 53:161     = 7.000e-01
 +53:162     = 7.000e-01 53:168     = 7.000e-01 53:169     = 7.000e-01
 +53:175     = 7.000e-01 53:176     = 7.000e-01 53:177     = 7.000e-01
 +53:180     = 7.000e-01 53:184     = 7.000e-01 53:188     = 7.000e-01
 +53:190     = 7.000e-01 53:247     = 7.000e-01 53:250     = 7.000e-01
 +53:251     = 7.000e-01 53:252     = 7.000e-01 53:256     = 7.000e-01
 +53:257     = 7.000e-01 53:262     = 7.000e-01 53:263     = 7.000e-01
 +53:268     = 7.000e-01 53:269     = 7.000e-01 53:275     = 7.000e-01
 +53:276     = 7.000e-01 53:282     = 7.000e-01 53:283     = 7.000e-01
 +53:284     = 7.000e-01 53:287     = 7.000e-01 53:291     = 7.000e-01
 +53:295     = 7.000e-01 53:297     = 7.000e-01 53:354     = 7.000e-01
 +53:357     = 7.000e-01 53:358     = 7.000e-01 53:359     = 7.000e-01
 +53:363     = 7.000e-01 53:364     = 7.000e-01 53:369     = 7.000e-01
 +53:370     = 7.000e-01 53:375     = 7.000e-01 53:376     = 7.000e-01
 +53:382     = 7.000e-01 53:383     = 7.000e-01 53:389     = 7.000e-01
 +53:390     = 7.000e-01 53:391     = 7.000e-01 53:394     = 7.000e-01
 +53:398     = 7.000e-01 53:402     = 7.000e-01 53:404     = 7.000e-01
 +53:461     = 6.999e-01 53:465     = 6.999e-01 53:466     = 6.999e-01
 +53:470     = 6.999e-01 53:471     = 6.999e-01 53:476     = 6.999e-01
 +53:477     = 6.999e-01 53:482     = 6.999e-01 53:483     = 6.999e-01
 +53:489     = 6.999e-01 53:490     = 6.999e-01 53:501     = 6.999e-01
 +53:505     = 6.999e-01 53:509     = 6.999e-01 53:511     = 6.999e-01
 +53:568     = 6.999e-01 53:572     = 6.999e-01 53:573     = 6.999e-01
 +53:577     = 6.999e-01 53:578     = 6.999e-01 53:583     = 6.999e-01
 +53:584     = 6.999e-01 53:589     = 6.999e-01 53:590     = 6.999e-01
 +53:596     = 6.999e-01 53:597     = 6.999e-01 53:608     = 6.999e-01
 +53:612     = 6.999e-01 53:616     = 6.999e-01 53:618     = 6.999e-01
 +53:679     = 7.000e-01 53:682     = 7.000e-01 53:683     = 7.000e-01
 +53:684     = 7.000e-01 53:688     = 7.000e-01 53:689     = 7.000e-01
 +53:694     = 7.000e-01 53:695     = 7.000e-01 53:700     = 7.000e-01
 +53:701     = 7.000e-01 53:707     = 7.000e-01 53:708     = 7.000e-01
 +53:714     = 7.000e-01 53:715     = 7.000e-01 53:716     = 7.000e-01
 +53:719     = 7.000e-01 53:723     = 7.000e-01 53:727     = 7.000e-01
 +53:729     = 7.000e-01 53:747     = 6.999e-01 53:748     = 6.999e-01
 +53:751     = 6.999e-01 53:770     = 6.999e-01 53:830     = 7.000e-01
 +53:835     = 7.000e-01 53:836     = 7.000e-01 53:841     = 7.000e-01
 +53:842     = 7.000e-01 53:845     = 7.000e-01 53:846     = 7.000e-01
 +53:847     = 7.000e-01 53:851     = 7.000e-01 53:852     = 7.000e-01
 +53:857     = 7.000e-01 53:858     = 7.000e-01 53:865     = 7.000e-01
 +53:870     = 7.000e-01 53:871     = 7.000e-01 53:874     = 7.000e-01
 +53:926     = 7.000e-01 53:931     = 7.000e-01 53:932     = 7.000e-01
 +53:937     = 7.000e-01 53:938     = 7.000e-01 53:942     = 7.000e-01
 +53:943     = 7.000e-01 53:947     = 7.000e-01 53:948     = 7.000e-01
 +53:953     = 7.000e-01 53:954     = 7.000e-01 53:961     = 7.000e-01
 +53:967     = 7.000e-01 53:1022    = 7.000e-01 53:1027    = 7.000e-01
 +53:1028    = 7.000e-01 53:1033    = 7.000e-01 53:1034    = 7.000e-01
 +53:1037    = 7.000e-01 53:1038    = 7.000e-01 53:1039    = 7.000e-01
 +53:1043    = 7.000e-01 53:1044    = 7.000e-01 53:1049    = 7.000e-01
 +53:1050    = 7.000e-01 53:1057    = 7.000e-01 53:1061    = 7.000e-01
 +53:1062    = 7.000e-01 53:1063    = 7.000e-01 53:1066    = 7.000e-01
 +53:1118    = 7.000e-01 53:1123    = 7.000e-01 53:1124    = 7.000e-01
 +53:1129    = 7.000e-01 53:1130    = 7.000e-01 53:1133    = 7.000e-01
 +53:1134    = 7.000e-01 53:1135    = 7.000e-01 53:1139    = 7.000e-01
 +53:1140    = 7.000e-01 53:1145    = 7.000e-01 53:1146    = 7.000e-01
 +53:1153    = 7.000e-01 53:1157    = 7.000e-01 53:1158    = 7.000e-01
 +53:1159    = 7.000e-01 53:1162    = 7.000e-01 53:1214    = 7.000e-01
 +53:1219    = 7.000e-01 53:1220    = 7.000e-01 53:1224    = 7.000e-01
 +53:1225    = 7.000e-01 53:1226    = 7.000e-01 53:1230    = 7.000e-01
 +53:1231    = 7.000e-01 53:1235    = 7.000e-01 53:1236    = 7.000e-01
 +53:1241    = 7.000e-01 53:1242    = 7.000e-01 53:1249    = 7.000e-01
 +53:1258    = 7.000e-01 53:1259    = 7.000e-01 53:1296    = 6.999e-01
 +53:1303    = 6.999e-01 53:1304    = 6.999e-01 53:1311    = 6.999e-01
 +53:1316    = 6.999e-01 53:1340    = 6.999e-01 53:1341    = 6.999e-01
 +53:1346    = 6.999e-01 53:1347    = 6.999e-01 53:1351    = 6.999e-01
 +53:1352    = 6.999e-01 53:1353    = 6.999e-01 53:1357    = 6.999e-01
 +53:1358    = 6.999e-01 53:1362    = 6.999e-01 53:1363    = 6.999e-01
 +53:1368    = 6.999e-01 53:1369    = 6.999e-01 53:1376    = 6.999e-01
 +53:1386    = 6.999e-01 53:1509    = 6.999e-01 53:1510    = 6.999e-01
 +53:1512    = 6.999e-01 53:1513    = 6.999e-01 53:1514    = 6.999e-01
 +53:1515    = 6.999e-01 53:1516    = 6.999e-01 53:1521    = 6.999e-01
 +53:1523    = 6.999e-01 53:1529    = 6.999e-01 53:1542    = 7.000e-01
 +53:1543    = 7.000e-01 53:1544    = 7.000e-01 53:1545    = 7.000e-01
 +53:1548    = 7.000e-01 53:1549    = 7.000e-01 53:1552    = 7.000e-01
 +53:1553    = 7.000e-01 53:1554    = 7.000e-01 53:1558    = 7.000e-01
 +53:1559    = 7.000e-01 53:1560    = 7.000e-01 53:1566    = 6.999e-01
 +53:1569    = 6.999e-01 53:1570    = 7.000e-01 53:1571    = 7.000e-01
 +53:1572    = 7.000e-01 53:1573    = 7.000e-01 53:1574    = 7.000e-01
 +53:1575    = 7.000e-01 53:1578    = 7.000e-01 53:1579    = 7.000e-01
 +53:1580    = 7.000e-01 53:1581    = 7.000e-01 53:1584    = 7.000e-01
 +53:1588    = 7.000e-01 53:1589    = 7.000e-01 53:1590    = 7.000e-01
 +53:1591    = 7.000e-01 53:1594    = 7.000e-01 53:1598    = 7.000e-01
 +53:1599    = 7.000e-01 53:1601    = 7.000e-01 53:1604    = 7.000e-01
 +53:1606    = 7.000e-01 53:1608    = 7.000e-01 53:1609    = 7.000e-01
 +53:1612    = 7.000e-01 53:1616    = 7.000e-01 53:1617    = 7.000e-01
 +53:1618    = 7.000e-01 53:1619    = 7.000e-01 53:1622    = 7.000e-01
 +53:1627    = 7.000e-01 53:1631    = 7.000e-01 53:1634    = 7.000e-01
 +53:1637    = 7.000e-01 53:1638    = 7.000e-01 53:1645    = 7.000e-01
 +53:1648    = 7.000e-01 53:1651    = 7.000e-01 53:1652    = 7.000e-01
 +53:1653    = 7.000e-01 53:1656    = 7.000e-01 53:1659    = 7.000e-01
 +53:1660    = 7.000e-01 53:1661    = 7.000e-01 53:1662    = 7.000e-01
 +53:1665    = 7.000e-01 53:1668    = 7.000e-01 53:1671    = 7.000e-01
 +53:1675    = 7.000e-01 53:1677    = 7.000e-01 53:1682    = 7.000e-01
 +53:1685    = 7.000e-01 53:1686    = 7.000e-01 53:1687    = 7.000e-01
 +53:1690    = 7.000e-01 53:1691    = 7.000e-01 53:1692    = 7.000e-01
 +53:1693    = 7.000e-01 53:1695    = 7.000e-01 53:1697    = 7.000e-01
 +53:1700    = 7.000e-01 53:1703    = 7.000e-01 53:1707    = 7.000e-01
 +53:1711    = 7.000e-01 53:1712    = 7.000e-01 53:1718    = 7.000e-01
 +53:1719    = 7.000e-01 53:1722    = 7.000e-01 53:1725    = 7.000e-01
 +53:1728    = 7.000e-01 53:1729    = 7.000e-01 53:1730    = 7.000e-01
 +53:1733    = 7.000e-01 53:1734    = 7.000e-01 53:1737    = 7.000e-01
 +53:1740    = 7.000e-01 53:1747    = 7.000e-01 53:1748    = 7.000e-01
 +53:1751    = 7.000e-01 53:1754    = 7.000e-01 53:1755    = 7.000e-01
 +53:1756    = 7.000e-01 53:1759    = 6.999e-01 53:1763    = 7.000e-01
 +53:1766    = 6.999e-01 53:1772    = 7.000e-01 53:1775    = 7.000e-01
 +53:1776    = 7.000e-01 53:1777    = 7.000e-01 53:1780    = 7.000e-01
 +53:1783    = 6.999e-01 53:1786    = 6.999e-01 53:1790    = 6.999e-01
 +53:1792    = 6.999e-01 53:1793    = 6.999e-01 53:1795    = 6.999e-01
 +53:1806    = 7.000e-01 53:1809    = 6.999e-01 53:1811    = 6.999e-01
 +53:1822    = 6.999e-01 53:1825    = 6.999e-01 53:1829    = 6.999e-01
 +53:1830    = 6.999e-01 53:1831    = 6.999e-01 53:1835    = 6.999e-01
 +53:1836    = 6.999e-01 53:1839    = 7.000e-01 53:1840    = 7.000e-01
 +53:1842    = 7.000e-01 53:1851    = 7.000e-01 53:1853    = 7.000e-01
 +53:1854    = 7.000e-01 53:1855    = 7.000e-01 53:1857    = 7.000e-01
 +53:1858    = 7.000e-01 53:1859    = 7.000e-01 53:1860    = 7.000e-01
 +53:1861    = 7.000e-01 53:1862    = 7.000e-01 53:1863    = 7.000e-01
 +53:1864    = 7.000e-01 53:1865    = 7.000e-01 53:1869    = 7.000e-01
 +53:1873    = 7.000e-01 53:1876    = 7.000e-01 53:1878    = 7.000e-01
 +53:1879    = 6.999e-01 53:1881    = 7.000e-01 53:1882    = 7.000e-01
 +53:1887    = 6.999e-01 53:1893    = 6.999e-01 53:1896    = 7.000e-01
 +53:1899    = 7.000e-01 53:1906    = 7.000e-01 53:1912    = 7.000e-01
 +53:1914    = 7.000e-01 53:1920    = 7.000e-01 53:1925    = 6.999e-01
 +54:1       = 5.185e-05 54:5       = 5.185e-05 54:6       = 5.184e-05
 +54:17      = 5.175e-05 54:28      = 5.175e-05 54:53      = 5.181e-05
 +54:55      = 5.175e-05 54:57      = 5.181e-05 54:58      = 5.174e-05
 +54:60      = 5.175e-05 54:64      = 5.174e-05 54:71      = 5.162e-05
 +55:1       = 5.032e-05 55:5       = 5.032e-05 55:6       = 5.031e-05
 +55:17      = 5.023e-05 55:28      = 5.023e-05 55:53      = 5.027e-05
 +55:55      = 5.023e-05 55:57      = 5.027e-05 55:58      = 5.021e-05
 +55:60      = 5.028e-05 55:64      = 5.021e-05 55:71      = 5.005e-05
 +56:7       = 6.999e-01 56:8       = 6.999e-01 56:11      = 6.999e-01
 +56:30      = 6.999e-01 56:59      = 6.999e-01 56:60      = 6.999e-01
 +56:61      = 6.999e-01 56:62      = 6.999e-01 56:66      = 6.999e-01
 +56:68      = 6.999e-01 56:72      = 6.999e-01 56:84      = 6.999e-01
 +56:88      = 6.999e-01 57:9       = 7.000e-01 57:13      = 7.000e-01
 +57:14      = 7.000e-01 57:25      = 7.000e-01 57:53      = 7.000e-01
 +57:55      = 7.000e-01 57:57      = 7.000e-01 57:58      = 7.000e-01
 +57:60      = 7.000e-01 57:64      = 7.000e-01 57:71      = 7.000e-01
 +57:75      = 7.000e-01 58:7       = 6.999e-01 58:8       = 6.999e-01
 +58:11      = 6.999e-01 58:30      = 6.999e-01 58:36      = 6.999e-01
 +58:59      = 6.999e-01 58:60      = 6.999e-01 58:61      = 6.999e-01
 +58:62      = 6.999e-01 58:64      = 6.999e-01 58:73      = 6.999e-01
 +58:80      = 6.999e-01 59:5       = 7.000e-01 59:8       = 7.000e-01
 +59:14      = 7.000e-01 60:5       = 7.000e-01 60:8       = 7.000e-01
 +60:14      = 7.000e-01 61:14      = 8.682e-05 61:18      = 8.682e-05
 +61:19      = 8.681e-05 61:26      = 8.681e-05 61:38      = 8.674e-05
 +61:41      = 8.674e-05 61:45      = 8.674e-05 61:48      = 8.608e-05
 +61:50      = 8.674e-05 61:67      = 8.681e-05 61:68      = 8.685e-05
 +61:69      = 8.685e-05 61:70      = 8.539e-05 61:74      = 8.608e-05
 +61:80      = 8.684e-05 61:84      = 8.457e-05 61:87      = 8.457e-05
 +61:93      = 8.457e-05 61:97      = 8.522e-05 62:15      = 5.287e-05
 +62:22      = 5.287e-05 62:23      = 5.295e-05 62:30      = 5.295e-05
 +62:35      = 5.295e-05 62:47      = 5.300e-05 62:48      = 5.278e-05
 +62:50      = 5.271e-05 62:58      = 5.278e-05 62:62      = 5.255e-05
 +62:65      = 5.255e-05 62:71      = 5.255e-05 62:75      = 5.262e-05
 +63:9       = 1.561e-04 63:13      = 1.561e-04 63:19      = 1.561e-04
 +63:22      = 1.561e-04 63:29      = 1.561e-04 64:9       = 7.000e-01
 +64:16      = 7.000e-01 64:17      = 7.000e-01 64:24      = 7.000e-01
 +64:30      = 7.000e-01 64:31      = 7.000e-01 64:39      = 7.000e-01
 +64:40      = 7.000e-01 64:41      = 7.000e-01 64:42      = 7.000e-01
 +65:9       = 6.999e-01 65:13      = 6.999e-01 65:19      = 6.999e-01
 +65:22      = 6.999e-01 65:27      = 6.999e-01 65:33      = 6.999e-01
 +65:41      = 6.999e-01 65:48      = 6.999e-01 65:49      = 6.999e-01
 +65:51      = 6.999e-01 65:57      = 6.999e-01 65:63      = 6.999e-01
 +65:64      = 6.999e-01 65:67      = 6.999e-01 65:72      = 6.999e-01
 +65:73      = 6.999e-01 65:80      = 6.999e-01 65:81      = 6.999e-01
 +65:87      = 6.999e-01 65:89      = 6.999e-01 66:1       = 7.000e-01
 +66:7       = 7.000e-01 66:15      = 7.000e-01 66:22      = 7.000e-01
 +66:23      = 7.000e-01 66:25      = 7.000e-01 66:31      = 7.000e-01
 +67:1       = 7.000e-01 67:7       = 7.000e-01 67:15      = 7.000e-01
 +67:22      = 7.000e-01 67:23      = 7.000e-01 67:25      = 7.000e-01
 +67:31      = 7.000e-01 68:7       = 7.000e-01 68:8       = 7.000e-01
 +68:11      = 7.000e-01 68:25      = 7.000e-01 68:26      = 7.000e-01
 +68:30      = 7.000e-01 68:31      = 7.000e-01 68:49      = 7.000e-01
 +68:51      = 7.000e-01 68:55      = 7.000e-01 69:8       = 7.000e-01
 +69:12      = 7.000e-01 69:13      = 7.000e-01 69:19      = 7.000e-01
 +69:20      = 7.000e-01 69:28      = 7.000e-01 69:29      = 7.000e-01
 +69:32      = 7.000e-01 69:35      = 7.000e-01 69:39      = 7.000e-01
 +69:44      = 7.000e-01 69:59      = 7.000e-01 69:60      = 7.000e-01
 +69:61      = 7.000e-01 69:62      = 7.000e-01 69:68      = 7.000e-01
 +70:9       = 7.000e-01 70:13      = 7.000e-01 70:14      = 7.000e-01
 +70:25      = 7.000e-01 70:53      = 7.000e-01 70:55      = 7.000e-01
 +70:56      = 7.000e-01 70:58      = 7.000e-01 70:63      = 7.000e-01
 +70:65      = 7.000e-01 70:66      = 7.000e-01 70:69      = 7.000e-01
 +70:72      = 7.000e-01 71:5       = 7.000e-01 71:8       = 7.000e-01
 +71:14      = 7.000e-01 72:5       = 7.000e-01 72:8       = 7.000e-01
 +72:14      = 7.000e-01 73:11      = 3.240e-05 73:14      = 3.240e-05
 +73:18      = 3.240e-05 73:20      = 3.240e-05 73:26      = 3.238e-05
 +73:29      = 3.238e-05 73:32      = 3.238e-05 74:15      = 5.369e-05
 +74:22      = 5.369e-05 74:23      = 5.377e-05 74:30      = 5.377e-05
 +74:47      = 5.382e-05 74:48      = 5.360e-05 74:50      = 5.343e-05
 +74:58      = 5.360e-05 74:62      = 5.334e-05 74:65      = 5.334e-05
 +74:71      = 5.334e-05 74:75      = 5.341e-05 75:8       = 6.999e-01
 +75:12      = 6.999e-01 75:13      = 6.999e-01 75:20      = 6.999e-01
 +75:32      = 6.999e-01 75:35      = 6.999e-01 75:39      = 6.999e-01
 +75:44      = 6.999e-01 75:69      = 6.999e-01 75:70      = 6.999e-01
 +75:74      = 6.999e-01 75:77      = 6.999e-01 75:82      = 6.999e-01
 +75:85      = 6.999e-01 75:89      = 6.999e-01 75:90      = 6.999e-01
 +75:103     = 6.999e-01 77:9       = 3.869e-05 77:13      = 3.869e-05
 +77:14      = 3.868e-05 77:25      = 3.885e-05 77:52      = 3.877e-05
 +77:54      = 3.885e-05 77:55      = 3.867e-05 77:56      = 3.868e-05
 +77:57      = 3.877e-05 77:59      = 3.889e-05 77:63      = 3.867e-05
 +77:67      = 3.853e-05 77:70      = 3.853e-05 77:73      = 3.853e-05
 +78:9       = 7.000e-01 78:16      = 7.000e-01 78:17      = 7.000e-01
 +78:24      = 7.000e-01 78:28      = 7.000e-01 78:29      = 7.000e-01
 +78:30      = 7.000e-01 78:31      = 7.000e-01 78:39      = 7.000e-01
 +78:40      = 7.000e-01 78:41      = 7.000e-01 78:42      = 7.000e-01
 +79:15      = 4.862e-05 79:22      = 4.862e-05 79:23      = 4.854e-05
 +79:30      = 4.854e-05 79:47      = 4.866e-05 79:48      = 4.865e-05
 +79:49      = 4.840e-05 79:50      = 4.866e-05 79:54      = 4.824e-05
 +79:59      = 4.807e-05 79:67      = 4.791e-05 79:70      = 4.791e-05
 +80:9       = 5.184e-05 80:15      = 5.186e-05 80:23      = 5.188e-05
 +80:30      = 5.186e-05 80:31      = 5.182e-05 80:33      = 5.184e-05
 +80:39      = 5.186e-05 80:44      = 5.181e-05 80:47      = 5.181e-05
 +80:51      = 5.181e-05 80:52      = 5.181e-05 80:59      = 5.182e-05
 +80:61      = 5.182e-05 81:9       = 5.789e-05 81:15      = 5.789e-05
 +81:23      = 5.789e-05 81:30      = 5.789e-05 81:31      = 5.787e-05
 +81:33      = 5.789e-05 81:39      = 5.789e-05 81:44      = 5.786e-05
 +81:47      = 5.786e-05 81:51      = 5.786e-05 81:52      = 5.786e-05
 +81:55      = 5.786e-05 81:59      = 5.787e-05 81:61      = 5.787e-05
 +82:13      = 8.720e-05 82:14      = 8.721e-05 82:17      = 8.722e-05
 +82:36      = 8.801e-05 82:37      = 8.710e-05 82:58      = 8.714e-05
 +82:59      = 8.714e-05 82:60      = 8.714e-05 82:62      = 8.716e-05
 +82:74      = 8.562e-05 82:77      = 8.562e-05 84:9       = 6.998e-01
 +84:13      = 6.998e-01 84:19      = 6.998e-01 84:22      = 6.998e-01
 +84:34      = 6.998e-01 84:38      = 6.998e-01 84:39      = 6.998e-01
 +84:46      = 6.998e-01 84:58      = 6.998e-01 84:61      = 6.998e-01
 +84:65      = 6.998e-01 84:68      = 6.998e-01 84:70      = 6.998e-01
 +84:87      = 6.998e-01 84:88      = 6.998e-01 84:94      = 6.998e-01
 +84:97      = 6.998e-01 84:100     = 6.998e-01 84:102     = 6.998e-01
 +84:106     = 6.998e-01 84:109     = 6.998e-01 84:114     = 6.998e-01
 +85:8       = 6.999e-01 85:12      = 6.999e-01 85:13      = 6.999e-01
 +85:20      = 6.999e-01 85:32      = 6.999e-01 85:35      = 6.999e-01
 +85:39      = 6.999e-01 85:42      = 6.999e-01 85:44      = 6.999e-01
 +85:69      = 6.999e-01 85:70      = 6.999e-01 85:72      = 6.999e-01
 +85:78      = 6.999e-01 85:80      = 6.999e-01 85:81      = 6.999e-01
 +85:88      = 6.999e-01 85:91      = 6.999e-01 85:100     = 6.999e-01
 +86:8       = 6.999e-01 86:12      = 6.999e-01 86:13      = 6.999e-01
 +86:20      = 6.999e-01 86:32      = 6.999e-01 86:35      = 6.999e-01
 +86:39      = 6.999e-01 86:42      = 6.999e-01 86:44      = 6.999e-01
 +86:69      = 6.999e-01 86:70      = 6.999e-01 86:72      = 6.999e-01
 +86:78      = 6.999e-01 86:80      = 6.999e-01 86:81      = 6.999e-01
 +86:88      = 6.999e-01 86:91      = 6.999e-01 86:100     = 6.999e-01
 +87:9       = 4.859e-05 87:15      = 4.863e-05 87:23      = 4.865e-05
 +87:30      = 4.863e-05 87:31      = 4.859e-05 87:33      = 4.859e-05
 +87:39      = 4.863e-05 87:44      = 4.850e-05 87:48      = 4.840e-05
 +87:51      = 4.841e-05 87:56      = 4.841e-05 87:57      = 4.844e-05
 +87:63      = 4.859e-05 87:66      = 4.859e-05 87:68      = 4.859e-05
 +88:5       = 7.000e-01 88:8       = 7.000e-01 88:13      = 7.000e-01
 +88:14      = 7.000e-01 89:5       = 7.000e-01 89:8       = 7.000e-01
 +89:13      = 7.000e-01 89:14      = 7.000e-01 90:9       = 1.808e-04
 +90:13      = 1.808e-04 90:19      = 1.808e-04 90:22      = 1.808e-04
 +90:29      = 1.808e-04 91:9       = 1.797e-04 91:13      = 1.797e-04
 +91:19      = 1.798e-04 91:22      = 1.798e-04 91:29      = 1.797e-04
 +92:9       = 1.758e-04 92:13      = 1.758e-04 92:19      = 1.759e-04
 +92:22      = 1.759e-04 92:29      = 1.758e-04

 ******
 * partial product adder

 ****** transient analysis tnom=  25.000 temp=  25.000 ******
 avg_power= 1.6757e-05  from= 0.0000e+00     to= 1.2800e-07

          ***** job concluded
 ******  
 * partial product adder

 ****** job statistics summary tnom=  25.000 temp=  25.000 ******
  
 ******  Machine Information  ******
 CPU:
 model name	: Intel(R) Xeon(R) CPU E7-4820 v3 @ 1.90GHz
 cpu MHz	: 1895.433
  
 OS:
 Linux version 3.10.0-1160.24.1.el7.x86_64 (mockbuild@kbuilder.bsys.centos.org) (gcc version 4.8.5 20150623 (Red Hat 4.8.5-44) (GCC) ) #1 SMP Thu Apr 8 19:51:47 UTC 2021


  ******  HSPICE Threads Information  ******

  Command Line Threads Count :     1
  Available CPU Count        :     4
  Actual Threads Count       :     1


  ******  Circuit Statistics  ******
  # nodes       =    4166 # elements   =    8960
  # resistors   =    3032 # capacitors =    5654 # inductors   =       0
  # mutual_inds =       0 # vccs       =       0 # vcvs        =      12
  # cccs        =       0 # ccvs       =       0 # volt_srcs   =       8
  # curr_srcs   =       0 # diodes     =       0 # bjts        =       0
  # jfets       =       0 # mosfets    =     254 # U elements  =       0
  # T elements  =       0 # W elements =       0 # B elements  =       0
  # S elements  =       0 # P elements =       0 # va device   =       0
  # vector_srcs =       0 # N elements =       0


  ******  Runtime Statistics (seconds)  ******

  analysis           time    # points   tot. iter  conv.iter
  op point           1.18           1         206
  transient         50.69      128001       17402        6412 rev=       188
  readin             0.33
  errchk             0.10
  setup              0.22
  output             0.00


           peak memory used        300.65 megabytes
           total cpu time           52.51 seconds
           total elapsed time       51.39 seconds
           job started at     17:33:02 12/03/2024
           job ended   at     17:33:53 12/03/2024


 lic: Release hspice token(s) 
 lic: total license checkout elapse time:        0.05(s)
