### Custom WaveView ADV log file, revision Q-2020.03-SP2-2 (build Oct 29, ) ###
### created at 17:37:25 on Tue Dec  3 2024 (Linux AMD64) ###
### Host Name: 2024-szjcdl53   User ID: centos   PID: 25255   ###
wv_start_log
# (0) running in waveview only mode
# (0) SW_SX_PERL_LIB defined
# (0) SW_SX_TCL_LIB defined
# (0) HOME defined
wv_move_window {Custom WaveView} {} 34 57
wv_select_window {Custom WaveView} 
wv_resize_window {Custom WaveView} 1280 657
wv_move_window {Custom WaveView} {} 34 57
wv_press_tool_button {Custom WaveView} {} {OpenWaveform0} 
wv_select_dialog {FileDialog} 
wv_select_list_item {FileDialog} {} {FileList} {sim.tr0} 10
wv_dclick_list_item {FileDialog} {} {FileList} {sim.tr0} 10
wv_expand_tree_item {Custom WaveView} {} {hierview} {D0:sim.tr0(0)} {+sep=@}
wv_select_tree_item {Custom WaveView} {} {hierview} {D0:sim.tr0(0)@toplevel(0)} {0} {+sep=@}
wv_select_list_item {Custom WaveView} {} {sigview} {v(a<0>)} 2
wv_drag_list_item {Custom WaveView} {} {sigview} {v(a<0>)} 2
wv_drag_enter WV1
wv_drop_on WV1
wv_select_list_item {Custom WaveView} {} {sigview} {v(a<1>)} 3
wv_drag_list_item {Custom WaveView} {} {sigview} {v(a<1>)} 3
wv_drag_enter WV1
wv_drag_to WV1 41 351
wv_drag_to WV1 42 353
wv_drop_on WV1
wv_select_list_item {Custom WaveView} {} {sigview} {v(a<2>)} 4
wv_drag_list_item {Custom WaveView} {} {sigview} {v(a<2>)} 4
wv_drag_enter WV1
wv_drag_to WV1 6 341
wv_drag_to WV1 38 360
wv_drop_on WV1
wv_select_list_item {Custom WaveView} {} {sigview} {v(a<3>)} 5
wv_drag_list_item {Custom WaveView} {} {sigview} {v(a<3>)} 5
wv_drag_enter WV1
wv_drag_to WV1 10 344
wv_drag_to WV1 34 353
wv_drop_on WV1
wv_select_list_item {Custom WaveView} {} {sigview} {v(b<0>)} 6
wv_drag_list_item {Custom WaveView} {} {sigview} {v(b<0>)} 6
wv_drag_enter WV1
wv_drag_to WV1 36 369
wv_drop_on WV1
wv_select_list_item {Custom WaveView} {} {sigview} {v(b<1>)} 7
wv_drag_list_item {Custom WaveView} {} {sigview} {v(b<1>)} 7
wv_drag_enter WV1
wv_drag_to WV1 22 355
wv_drop_on WV1
wv_select_list_item {Custom WaveView} {} {sigview} {v(b<2>)} 8
wv_drag_list_item {Custom WaveView} {} {sigview} {v(b<2>)} 8
wv_drag_enter WV1
wv_drag_to WV1 18 363
wv_drop_on WV1
wv_select_list_item {Custom WaveView} {} {sigview} {v(s<0>)} 9
wv_drag_list_item {Custom WaveView} {} {sigview} {v(s<0>)} 9
wv_drag_enter WV1
wv_drag_to WV1 6 299
wv_drag_to WV1 12 305
wv_drag_to WV1 20 315
wv_drag_to WV1 46 353
wv_drop_on WV1
wv_select_list_item {Custom WaveView} {} {sigview} {v(s<1>)} 10
wv_drag_list_item {Custom WaveView} {} {sigview} {v(s<1>)} 10
wv_drag_enter WV1
wv_drag_to WV1 14 291
wv_drag_to WV1 58 311
wv_drag_to WV1 69 319
wv_drag_to WV1 85 353
wv_drop_on WV1
wv_select_list_item {Custom WaveView} {} {sigview} {v(s<2>)} 11
wv_drag_list_item {Custom WaveView} {} {sigview} {v(s<2>)} 11
wv_drag_enter WV1
wv_drag_to WV1 1 289
wv_drag_to WV1 30 313
wv_drag_to WV1 40 321
wv_drag_to WV1 55 349
wv_drop_on WV1
wv_select_list_item {Custom WaveView} {} {sigview} {v(s<3>)} 12
wv_drag_list_item {Custom WaveView} {} {sigview} {v(s<3>)} 12
wv_drag_enter WV1
wv_drag_to WV1 9 327
wv_drag_to WV1 36 347
wv_drop_on WV1
wv_select_list_item {Custom WaveView} {} {sigview} {v(s<4>)} 13
wv_drag_list_item {Custom WaveView} {} {sigview} {v(s<4>)} 13
wv_drag_enter WV1
wv_drag_to WV1 11 335
wv_drag_to WV1 42 346
wv_drop_on WV1
wv_select_list_item {Custom WaveView} {} {sigview} {v(s<5>)} 14
wv_drag_list_item {Custom WaveView} {} {sigview} {v(s<5>)} 14
wv_drag_enter WV1
wv_drag_to WV1 14 337
wv_drag_to WV1 60 352
wv_drop_on WV1
wv_select_window {Custom WaveView} 
wv_resize_browser {Custom WaveView} {} {WV.Browser} 250 514
wv_resize_browser {Custom WaveView} {} {waveview 1:1} 1020 488
wv_resize_window {Custom WaveView} 1280 657
wv_move_window {Custom WaveView} {} 0 23
wv_select_waveview 1 {waveview 1}
wv_select_wv_item WV1.PANEL1:1.LINE1
wv_select_line WV1.PANEL1:1.LINE1
wv_select_waveview 1 {waveview 1}
wv_shift_select_panel WV1.PANEL13:1.LEGEND
wv_release_wv_item WV1 56 409
wv_select_waveview 1 {waveview 1}
wv_shift_select_line WV1.PANEL13:1.LINE1
wv_release_wv_item WV1 60 400
wv_press_tool_button {Custom WaveView} {} {DumpScreen0} 
wv_select_dialog {SaveScreenDump} 
wv_press_button {SaveScreenDump} {} {SaveToFileBrowse} 
wv_set_text {FileDialog} {} {FileName} "sim.png"
wv_press_button {FileDialog} {} {Ok} 
wv_press_button {SaveScreenDump} {} {Save} 
wv_resize_browser {Custom WaveView} {} {WV.Browser} 250 854
wv_resize_browser {Custom WaveView} {} {waveview 1:1} 1660 828
wv_resize_window {Custom WaveView} 1920 997
wv_resize_browser {Custom WaveView} {} {WV.Browser} 250 914
wv_resize_browser {Custom WaveView} {} {waveview 1:1} 1660 888
wv_resize_window {Custom WaveView} 1920 1057
wv_resize_browser {Custom WaveView} {} {WV.Browser} 250 874
wv_resize_browser {Custom WaveView} {} {waveview 1:1} 1660 848
wv_resize_window {Custom WaveView} 1920 1017
wv_select_window {Custom WaveView} 
wv_select_waveview 1 {waveview 1}
wv_select_panel WV1.PANEL13:1 6.5561e-08 0.34384
wv_select_menu_item {Custom WaveView} {} {AxisCursor.Add Cursor} 
wv_select_waveview 1 {waveview 1}
wv_select_wv_item WV1.PANEL7:1.CURSORX1
wv_drag_item_to WV1 920 428
wv_move_wv_item WV1.PANEL7:1.CURSOR1 940 434
wv_select_waveview 1 {waveview 1}
wv_select_wv_item WV1.PANEL8:1.CURSORX1
wv_drag_item_to WV1 920 437
wv_move_wv_item WV1.PANEL8:1.CURSOR1 914 540
wv_select_waveview 1 {waveview 1}
wv_select_wv_item WV1.PANEL9:1.CURSORX1
wv_drag_item_to WV1 920 552
wv_move_wv_item WV1.PANEL9:1.CURSOR1 925 774
wv_select_waveview 1 {waveview 1}
wv_select_wv_item WV1.PANEL13:1.CURSOR1
wv_drag_item_to WV1 920 776
wv_move_wv_item WV1.PANEL13:1.CURSOR1 934 762
wv_select_waveview 1 {waveview 1}
wv_select_toolbar_item {Custom WaveView} {waveview 1:1} {Zoom In} 
wv_select_waveview 1 {waveview 1}
wv_select_toolbar_item {Custom WaveView} {waveview 1:1} {Zoom Out} 
wv_select_waveview 1 {waveview 1}
wv_select_toolbar_item {Custom WaveView} {waveview 1:1} {Full Unzoom} 
wv_close_window {Custom WaveView} 
wv_select_dialog {Confirmation} 
#wv_press_button {Confirmation} {} {Ok} 
#*WARNING* Can not remove '/home/centos/.cx_hostport/.cx_hostport_2024-szjcdl53_25255'.
