### Custom WaveView ADV log file, revision Q-2020.03-SP2-2 (build Oct 29, ) ###
### created at 20:05:10 on Mon Oct 21 2024 (Linux AMD64) ###
### Host Name: 2024-szjcdl53   User ID: centos   PID: 30541   ###
wv_start_log
# (0) running in waveview only mode
# (0) SW_SX_PERL_LIB defined
# (0) SW_SX_TCL_LIB defined
# (0) HOME defined
wv_move_window {Custom WaveView} {} 60 83
wv_select_window {Custom WaveView} 
wv_press_tool_button {Custom WaveView} {} {OpenWaveform0} 
wv_select_dialog {FileDialog} 
wv_select_list_item {FileDialog} {} {FileList} {1a_45nm.sw0@1} 9
wv_select_list_item {FileDialog} {} {FileList} {1a_45nm.sw0@5} 13 +shift
wv_press_button {FileDialog} {} {Ok} 
wv_expand_tree_item {Custom WaveView} {} {hierview} {D0:1a_45nm.sw0@1(0)} {+sep=/}
wv_select_tree_item {Custom WaveView} {} {hierview} {D0:1a_45nm.sw0@1(0)/toplevel(0)} {0} {+sep=/}
wv_select_list_item {Custom WaveView} {} {sigview} {i1(m0)} 4
wv_drag_list_item {Custom WaveView} {} {sigview} {i1(m0)} 4
wv_drag_enter WV1
wv_drop_on WV1
wv_expand_tree_item {Custom WaveView} {} {hierview} {D0:1a_45nm.sw0@2(1)} {+sep=/}
wv_select_tree_item {Custom WaveView} {} {hierview} {D0:1a_45nm.sw0@2(1)/toplevel(0)} {0} {+sep=/}
wv_select_list_item {Custom WaveView} {} {sigview} {i1(m0)} 4
wv_drag_list_item {Custom WaveView} {} {sigview} {i1(m0)} 4
wv_drag_enter WV1
wv_drag_to WV1 50 368
wv_drop_on WV1
wv_expand_tree_item {Custom WaveView} {} {hierview} {D0:1a_45nm.sw0@3(2)} {+sep=/}
wv_select_tree_item {Custom WaveView} {} {hierview} {D0:1a_45nm.sw0@3(2)/toplevel(0)} {0} {+sep=/}
wv_select_list_item {Custom WaveView} {} {sigview} {i1(m0)} 4
wv_drag_list_item {Custom WaveView} {} {sigview} {i1(m0)} 4
wv_drag_enter WV1
wv_drag_to WV1 36 345
wv_drop_on WV1
wv_expand_tree_item {Custom WaveView} {} {hierview} {D0:1a_45nm.sw0@4(3)} {+sep=/}
wv_select_tree_item {Custom WaveView} {} {hierview} {D0:1a_45nm.sw0@4(3)/toplevel(0)} {0} {+sep=/}
wv_select_list_item {Custom WaveView} {} {sigview} {i1(m0)} 4
wv_drag_list_item {Custom WaveView} {} {sigview} {i1(m0)} 4
wv_drag_enter WV1
wv_drag_to WV1 27 277
wv_drop_on WV1
wv_select_waveview 1 {waveview 1}
wv_select_panel WV1.PANEL1:1 0.451786 9.82914e-06
wv_expand_tree_item {Custom WaveView} {} {hierview} {D0:1a_45nm.sw0@5(4)} {+sep=/}
wv_select_tree_item {Custom WaveView} {} {hierview} {D0:1a_45nm.sw0@5(4)/toplevel(0)} {0} {+sep=/}
wv_select_list_item {Custom WaveView} {} {sigview} {i1(m0)} 4
wv_drag_list_item {Custom WaveView} {} {sigview} {i1(m0)} 4
wv_drag_enter WV1
wv_drag_to WV1 26 299
wv_drop_on WV1
wv_select_waveview 1 {waveview 1}
wv_select_panel WV1.PANEL1:1 0.621016 4.23253e-05
wv_select_waveview 1 {waveview 1}
wv_select_panel WV1.PANEL1:1 0.347527 7.35839e-05
wv_select_waveview 1 {waveview 1}
wv_select_panel WV1.PANEL1:1 0.347527 7.18365e-05
wv_select_panel WV1.PANEL1:1 0.347527 7.18365e-05 btnup
wv_select_waveview 1 {waveview 1}
wv_select_panel WV1.PANEL1:1 0.0815934 6.52353e-05
wv_select_waveview 1 {waveview 1}
wv_select_wv_item WV1.PANEL1:1.LEGEND
wv_select_panel WV1.PANEL1:1.LEGEND
wv_select_waveview 1 {waveview 1}
wv_select_wv_item WV1.PANEL1:1.LEGEND
wv_select_panel WV1.PANEL1:1.LEGEND
wv_select_waveview 1 {waveview 1}
wv_select_wv_item WV1.PANEL1:1.LEGEND
wv_select_panel WV1.PANEL1:1.LEGEND
wv_select_waveview 1 {waveview 1}
wv_select_wv_item WV1.PANEL1:1.LINE1
wv_select_line WV1.PANEL1:1.LINE1
wv_select_waveview 1 {waveview 1}
wv_shift_select_line WV1.PANEL1:1.LINE5
wv_release_wv_item WV1 50 84
wv_select_waveview 1 {waveview 1}
wv_select_wv_item WV1.LEGEND.WIDTH
wv_drag_item_to WV1 81 192
wv_move_wv_item WV1.PANEL1:1.LEGEND.WIDTH 167
wv_select_waveview 1 {waveview 1}
wv_select_wv_item WV1.LEGEND.WIDTH
wv_drag_item_to WV1 165 166
wv_move_wv_item WV1.PANEL1:1.LEGEND.WIDTH 102
wv_select_waveview 1 {waveview 1}
wv_select_wv_item WV1.LEGEND.WIDTH
wv_drag_item_to WV1 101 175
wv_move_wv_item WV1.PANEL1:1.LEGEND.WIDTH 70
wv_select_waveview 1 {waveview 1}
wv_select_wv_item WV1.PANEL1:1.LEGEND
wv_select_panel WV1.PANEL1:1.LEGEND
wv_select_waveview 1 {waveview 1}
wv_select_wv_item WV1.LEGEND.WIDTH
wv_drag_item_to WV1 71 201
wv_move_wv_item WV1.PANEL1:1.LEGEND.WIDTH 117
wv_select_waveview 1 {waveview 1}
wv_select_wv_item WV1.PANEL1:1.LEGEND
wv_select_panel WV1.PANEL1:1.LEGEND
wv_select_waveview 1 {waveview 1}
wv_select_wv_item WV1.LEGEND.WIDTH
wv_move_wv_item WV1.PANEL1:1.LEGEND.WIDTH 114
wv_select_waveview 1 {waveview 1}
wv_select_panel WV1.PANEL1:1 0.378273 7.47488e-05
wv_select_panel WV1.PANEL1:1 0.378273 7.47488e-05 btnup
wv_select_waveview 1 {waveview 1}
wv_select_wv_item WV1.PANEL1:1.LEGEND
wv_select_panel WV1.PANEL1:1.LEGEND
wv_select_waveview 1 {waveview 1}
wv_select_toolbar_item {Custom WaveView} {waveview 1:1} {Drawing Tool} 
wv_select_tree_item {DrawToolParameters} {} {DrawingItem} {Line} {0} {+sep=.}
wv_select_tree_item {DrawToolParameters} {} {DrawingItem} {Remark Text} {0} {+sep=.}
wv_set_text {DrawToolParameters} {} {RemarkText} "vgs = 0.9V"
wv_press_button {DrawToolParameters} {} {Ok} 
wv_select_window {Custom WaveView} 
wv_select_waveview 1 {waveview 1}
wv_select_wv_item WV1.TEXT1
wv_drag_item_to WV1 466 263
wv_move_wv_item WV1.TEXT1 473 74
wv_select_waveview 1 {waveview 1}
wv_select_wv_item WV1.TEXT1
wv_move_wv_item WV1.TEXT1 477 73
wv_release_wv_item WV1 477 73
wv_select_waveview 1 {waveview 1}
wv_select_wv_item WV1.TEXT1
wv_move_wv_item WV1.TEXT1 506 73
wv_select_waveview 1 {waveview 1}
wv_select_panel WV1.PANEL1:1 0.557122 8.21266e-05
wv_release_wv_item WV1 512 82
wv_select_waveview 1 {waveview 1}
wv_select_wv_item WV1.TEXT1
wv_move_wv_item WV1.TEXT1 502 69
wv_release_wv_item WV1 502 69
wv_select_waveview 1 {waveview 1}
wv_select_wv_item WV1.TEXT1
wv_move_wv_item WV1.TEXT1 483 73
wv_release_wv_item WV1 483 73
wv_press_key "q" 741 237
wv_move_window {Confirmation} {} 910 379
wv_select_dialog {Confirmation} 
wv_close_dialog {Confirmation} 
wv_select_window {Custom WaveView} 
wv_select_waveview 1 {waveview 1}
wv_waveview_context_menu WV1.TEXT1
wv_select_waveview 1 {waveview 1}
wv_select_menu_item {Custom WaveView} {waveview 1:1} {LabelPopMenu.Configure Remark} 
wv_select_combox_item {DrawToolParameters} {} {FontSize} "12" 3
wv_press_button {DrawToolParameters} {} {Ok} 
wv_select_window {Custom WaveView} 
wv_select_waveview 1 {waveview 1}
wv_select_panel WV1.PANEL1:1 0.549209 7.41663e-05
wv_select_waveview 1 {waveview 1}
wv_select_wv_item WV1.TEXT1
wv_drag_item_to WV1 498 74
wv_move_wv_item WV1.TEXT1 506 69
wv_select_waveview 1 {waveview 1}
wv_select_wv_item WV1.TEXT1
wv_move_wv_item WV1.TEXT1 506 69
wv_select_waveview 1 {waveview 1}
wv_waveview_context_menu WV1.TEXT1
wv_select_waveview 1 {waveview 1}
wv_select_menu_item {Custom WaveView} {waveview 1:1} {LabelPopMenu.Copy Remark} 
wv_select_waveview 1 {waveview 1}
wv_select_wv_item WV1.TEXT1
wv_drag_item_to WV1 493 89
wv_move_wv_item WV1.TEXT1 496 212
wv_select_waveview 1 {waveview 1}
wv_waveview_context_menu WV1.TEXT1
wv_select_waveview 1 {waveview 1}
wv_select_menu_item {Custom WaveView} {waveview 1:1} {LabelPopMenu.Configure Remark} 
wv_set_text {DrawToolParameters} {} {RemarkText} "vgs = 0.7V"
wv_press_button {DrawToolParameters} {} {Ok} 
wv_select_window {Custom WaveView} 
wv_select_waveview 1 {waveview 1}
wv_waveview_context_menu WV1.TEXT1
wv_select_waveview 1 {waveview 1}
wv_select_menu_item {Custom WaveView} {waveview 1:1} {LabelPopMenu.Copy Remark} 
wv_select_waveview 1 {waveview 1}
wv_select_wv_item WV1.TEXT1
wv_drag_item_to WV1 511 234
wv_move_wv_item WV1.TEXT1 513 361
wv_select_waveview 1 {waveview 1}
wv_waveview_context_menu WV1.TEXT1
wv_select_waveview 1 {waveview 1}
wv_select_menu_item {Custom WaveView} {waveview 1:1} {LabelPopMenu.Configure Remark} 
wv_set_text {DrawToolParameters} {} {RemarkText} "vgs = 0.5V"
wv_press_button {DrawToolParameters} {} {Ok} 
wv_select_window {Custom WaveView} 
wv_select_waveview 1 {waveview 1}
wv_waveview_context_menu WV1.TEXT1
wv_select_waveview 1 {waveview 1}
wv_select_menu_item {Custom WaveView} {waveview 1:1} {LabelPopMenu.Copy Remark} 
wv_select_waveview 1 {waveview 1}
wv_select_wv_item WV1.TEXT1
wv_drag_item_to WV1 515 381
wv_move_wv_item WV1.TEXT1 516 478
wv_select_waveview 1 {waveview 1}
wv_waveview_context_menu WV1.TEXT1
wv_select_waveview 1 {waveview 1}
wv_select_menu_item {Custom WaveView} {waveview 1:1} {LabelPopMenu.Configure Remark} 
wv_set_text {DrawToolParameters} {} {RemarkText} "vgs = 0.3V"
wv_press_button {DrawToolParameters} {} {Ok} 
wv_select_window {Custom WaveView} 
wv_select_waveview 1 {waveview 1}
wv_waveview_context_menu WV1.TEXT1
wv_select_waveview 1 {waveview 1}
wv_select_menu_item {Custom WaveView} {waveview 1:1} {LabelPopMenu.Copy Remark} 
wv_select_waveview 1 {waveview 1}
wv_select_wv_item WV1.TEXT1
wv_drag_item_to WV1 499 502
wv_move_wv_item WV1.TEXT1 502 503
wv_select_waveview 1 {waveview 1}
wv_waveview_context_menu WV1.TEXT1
wv_select_waveview 1 {waveview 1}
wv_select_wv_item WV1.TEXT1
wv_drag_item_to WV1 482 498
wv_move_wv_item WV1.TEXT1 480 498
wv_select_waveview 1 {waveview 1}
wv_select_wv_item WV1.PANEL1:1.LEGEND
wv_select_panel WV1.PANEL1:1.LEGEND
wv_select_waveview 1 {waveview 1}
wv_waveview_context_menu WV1.TEXT1
wv_select_waveview 1 {waveview 1}
wv_select_menu_item {Custom WaveView} {waveview 1:1} {LabelPopMenu.Configure Remark} 
wv_set_text {DrawToolParameters} {} {RemarkText} "vgs = 0.1V"
wv_press_button {DrawToolParameters} {} {Ok} 
wv_select_window {Custom WaveView} 
wv_select_tab {Custom WaveView} {} {RBMenu} {Bar.File}
wv_press_tool_button {Custom WaveView} {} {SaveSession0} 
wv_select_dialog {FileDialog} 
wv_set_text {FileDialog} {} {FileName} "1a_45nm"
wv_press_button {FileDialog} {} {Ok} 
wv_select_window {Custom WaveView} 
wv_select_tab {Custom WaveView} {} {RBMenu} {Bar.Waveform}
wv_select_tab {Custom WaveView} {} {RBMenu} {Bar.File}
wv_press_tool_button {Custom WaveView} {} {LoadSession0} 
wv_select_dialog {FileDialog} 
wv_select_list_item {FileDialog} {} {FileList} {1a_45nm.sx} 3
wv_press_button {FileDialog} {} {Ok} 
wv_select_table_item {LoadingSessionFile} {} {LoadingSessionFileTbl} "/home/centos/EE213/MyLibPDK45/myNMOSsim/1a_45nm.sw0@1" 0 0
wv_press_button {LoadingSessionFile} {} {Cancel} 
wv_select_waveview 1 {waveview 1}
wv_select_wv_item WV1.PANEL1:1.LINE1
wv_select_line WV1.PANEL1:1.LINE1
wv_select_waveview 1 {waveview 1}
wv_shift_select_line WV1.PANEL1:1.LINE5
wv_release_wv_item WV1 63 86
wv_move_window {Custom WaveView} {} 0 0
wv_move_window {Custom WaveView} {} 446 96
wv_select_window {Custom WaveView} 
wv_select_waveview 1 {waveview 1}
wv_select_wv_item WV1.PANEL1:1.LEGEND
wv_select_panel WV1.PANEL1:1.LEGEND
wv_select_waveview 1 {waveview 1}
wv_select_wv_item WV1.PANEL1:1.LEGEND
wv_select_panel WV1.PANEL1:1.LEGEND
wv_select_tab {Custom WaveView} {} {RBMenu} {Bar.File}
wv_select_tab {Custom WaveView} {} {RBMenu} {Bar.Waveform}
wv_select_window {Custom WaveView} 
wv_select_waveview 1 {waveview 1}
wv_waveview_context_menu WV1.PANEL1:1 0.278561 3.47533e-05
wv_press_tool_button {Custom WaveView} {} {NewWaveView0} 
wv_press_tool_button {Custom WaveView} {waveview 2:2} {Waveview.CloseBtn} 
wv_select_dialog {Confirmation} 
wv_press_button {Confirmation} {} {Ok} 
wv_waveview_context_menu WV1.TAB
wv_select_waveview 1 {waveview 1}
wv_select_menu_item {Custom WaveView} {waveview 1:1} {WaveViewPopMenu.Dump Screen} 
wv_set_check {SaveScreenDump} {} {ExcludeWVHeaderFooterArea} 1
wv_press_button {SaveScreenDump} {} {Save} 
wv_set_text {SaveScreenDump} {} {SaveToFile} "1a_45nm"
wv_press_button {SaveScreenDump} {} {Save} 
wv_select_waveview 1 {waveview 1}
wv_select_panel WV1.PANEL1:1 0.0728058 8.6398e-05
wv_drag_item_to WV1 207 60
wv_select_waveview 1 {waveview 1}
wv_select_wv_item WV1.PANEL1:1.LEGEND
wv_select_panel WV1.PANEL1:1.LEGEND
wv_select_waveview 1 {waveview 1}
wv_select_wv_item WV1.PANEL1:1.LINE1
wv_select_line WV1.PANEL1:1.LINE1
wv_select_waveview 1 {waveview 1}
wv_shift_select_line WV1.PANEL1:1.LINE5
wv_release_wv_item WV1 78 84
wv_waveview_context_menu WV1.TAB
wv_select_waveview 1 {waveview 1}
wv_select_menu_item {Custom WaveView} {waveview 1:1} {WaveViewPopMenu.Dump Screen} 
wv_press_button {SaveScreenDump} {} {Save} 
wv_press_button {Confirmation} {} {Ok} 
wv_close_window {Custom WaveView} 
wv_select_dialog {Confirmation} 
#wv_press_button {Confirmation} {} {Ok} 
#*WARNING* Can not remove '/home/centos/.cx_hostport/.cx_hostport_2024-szjcdl53_30541'.
