### Custom WaveView ADV log file, revision Q-2020.03-SP2-2 (build Oct 29, ) ###
### created at 00:15:02 on Tue Oct 22 2024 (Linux AMD64) ###
### Host Name: 2024-szjcdl53   User ID: centos   PID: 8947   ###
wv_start_log
# (0) running in waveview only mode
# (0) SW_SX_PERL_LIB defined
# (0) SW_SX_TCL_LIB defined
# (0) HOME defined
wv_move_window {Custom WaveView} {} 60 83
wv_select_window {Custom WaveView} 
wv_press_tool_button {Custom WaveView} {} {OpenWaveform0} 
wv_select_dialog {FileDialog} 
wv_select_list_item {FileDialog} {} {FileList} {4a_45nm.sw0@1} 5
wv_select_list_item {FileDialog} {} {FileList} {4a_45nm.sw0@2} 6 +shift
wv_press_button {FileDialog} {} {Ok} 
wv_expand_tree_item {Custom WaveView} {} {hierview} {D0:4a_45nm.sw0@1(0)} {+sep=/}
wv_select_tree_item {Custom WaveView} {} {hierview} {D0:4a_45nm.sw0@1(0)/toplevel(0)} {0} {+sep=/}
wv_select_list_item {Custom WaveView} {} {sigview} {i1(m0)} 4
wv_drag_list_item {Custom WaveView} {} {sigview} {i1(m0)} 4
wv_drag_enter WV1
wv_drop_on WV1
wv_expand_tree_item {Custom WaveView} {} {hierview} {D0:4a_45nm.sw0@2(1)} {+sep=/}
wv_select_tree_item {Custom WaveView} {} {hierview} {D0:4a_45nm.sw0@2(1)/toplevel(0)} {0} {+sep=/}
wv_select_list_item {Custom WaveView} {} {sigview} {i1(m0)} 4
wv_drag_list_item {Custom WaveView} {} {sigview} {i1(m0)} 4
wv_drag_enter WV1
wv_drag_to WV1 49 259
wv_drop_on WV1
wv_select_waveview 1 {waveview 1}
wv_select_panel WV1.PANEL1:1 31.4244 1.44433e-05
wv_select_waveview 1 {waveview 1}
wv_select_panel WV1.PANEL1:1 27.6065 9.88749e-06
wv_select_waveview 1 {waveview 1}
wv_select_wv_item WV1.PANEL1:1.LINE2
wv_select_line WV1.PANEL1:1.LINE2
wv_press_key Delete 277 210
wv_select_dialog {Confirmation} 
wv_press_button {Confirmation} {} {Ok} 
wv_select_waveview 1 {waveview 1}
wv_select_panel WV1.PANEL1:1 21.4391 1.71044e-07
wv_select_list_item {Custom WaveView} {} {sigview} {i1(m0)} 4
wv_drag_list_item {Custom WaveView} {} {sigview} {i1(m0)} 4
wv_drag_enter WV1
wv_drag_to WV1 70 294
wv_drag_leave WV1
wv_drag_enter WV1
wv_drag_to WV1 820 238
wv_drag_leave WV1
wv_drag_enter WV1
wv_drag_to WV1 823 240
wv_drag_to WV1 781 353
wv_drop_on WV1
wv_select_waveview 1 {waveview 1}
wv_select_panel WV1.PANEL2:1 10.8664 2.98488e-05
wv_select_waveview 1 {waveview 1}
wv_select_wv_item WV1.PANEL1:1.LEGEND
wv_select_panel WV1.PANEL1:1.LEGEND
wv_select_waveview 1 {waveview 1}
wv_select_wv_item WV1.PANEL2:1.LEGEND
wv_select_panel WV1.PANEL2:1.LEGEND
wv_select_waveview 1 {waveview 1}
wv_select_wv_item WV1.PANEL2:1.LEGEND
wv_select_panel WV1.PANEL2:1.LEGEND
wv_select_window {Custom WaveView} 
wv_tree_context_menu {Custom WaveView} {} {hierview} 102 8 {D0:4a_45nm.sw0@1(0)} {+sep=/}
wv_select_menu_item {Custom WaveView} {} {FileViewPopMenu.Update All WDF} 
wv_press_button {ReloadFiles} {} {YesAll} 
wv_move_window {Custom WaveView} {} 0 0
wv_move_window {Custom WaveView} {} 457 229
wv_select_window {Custom WaveView} 
wv_select_waveview 1 {waveview 1}
wv_select_toolbar_item {Custom WaveView} {waveview 1:1} {Drawing Tool} 
wv_select_combox_item {DrawToolParameters} {} {FontSize} "12" 3
wv_set_text {DrawToolParameters} {} {RemarkText} "vgs = 0.1V"
wv_press_button {DrawToolParameters} {} {Ok} 
wv_select_window {Custom WaveView} 
wv_select_waveview 1 {waveview 1}
wv_select_wv_item WV1.TEXT1
wv_drag_item_to WV1 450 181
wv_move_wv_item WV1.TEXT1 444 92
wv_select_waveview 1 {waveview 1}
wv_waveview_context_menu WV1.TEXT1
wv_select_waveview 1 {waveview 1}
wv_select_menu_item {Custom WaveView} {waveview 1:1} {LabelPopMenu.Copy Remark} 
wv_select_waveview 1 {waveview 1}
wv_select_wv_item WV1.TEXT1
wv_drag_item_to WV1 446 117
wv_move_wv_item WV1.TEXT1 446 257
wv_select_waveview 1 {waveview 1}
wv_waveview_context_menu WV1.TEXT1
wv_select_waveview 1 {waveview 1}
wv_select_menu_item {Custom WaveView} {waveview 1:1} {LabelPopMenu.Configure Remark} 
wv_set_text {DrawToolParameters} {} {RemarkText} "vgs = 0.5V"
wv_press_button {DrawToolParameters} {} {Ok} 
wv_select_window {Custom WaveView} 
wv_select_waveview 1 {waveview 1}
wv_select_wv_item WV1.PANEL1:1.LINE1
wv_select_line WV1.PANEL1:1.LINE1
wv_select_waveview 1 {waveview 1}
wv_shift_select_line WV1.PANEL2:1.LINE1
wv_release_wv_item WV1 47 198
wv_press_tool_button {Custom WaveView} {} {DumpScreen0} 
wv_select_dialog {SaveScreenDump} 
wv_set_check {SaveScreenDump} {} {ExcludeWVHeaderFooterArea} 1
wv_set_text {SaveScreenDump} {} {SaveToFile} "4a_45nm"
wv_press_button {SaveScreenDump} {} {Save} 
wv_close_window {Custom WaveView} 
wv_select_dialog {Confirmation} 
#wv_press_button {Confirmation} {} {Ok} 
#*WARNING* Can not remove '/home/centos/.cx_hostport/.cx_hostport_2024-szjcdl53_8947'.
