### Custom WaveView ADV log file, revision Q-2020.03-SP2-2 (build Oct 29, ) ###
### created at 16:28:51 on Mon Oct 28 2024 (Linux AMD64) ###
### Host Name: 2024-szjcdl53   User ID: centos   PID: 12298   ###
wv_start_log
# (0) running in waveview only mode
# (0) SW_SX_PERL_LIB defined
# (0) SW_SX_TCL_LIB defined
# (0) HOME defined
wv_move_window {Custom WaveView} {} 164 187
wv_select_window {Custom WaveView} 
wv_press_tool_button {Custom WaveView} {} {OpenWaveform0} 
wv_select_dialog {FileDialog} 
wv_select_list_item {FileDialog} {} {FileList} {2a_45nm.sw0} 6
wv_dclick_list_item {FileDialog} {} {FileList} {2a_45nm.sw0} 6
wv_expand_tree_item {Custom WaveView} {} {hierview} {D0:2a_45nm.sw0(0)} {+sep=@}
wv_select_tree_item {Custom WaveView} {} {hierview} {D0:2a_45nm.sw0(0)@toplevel(0)} {0} {+sep=@}
wv_select_list_item {Custom WaveView} {} {sigview} {lx18(m0)} 5
wv_drag_list_item {Custom WaveView} {} {sigview} {lx18(m0)} 5
wv_drag_enter WV1
wv_drop_on WV1
wv_select_window {Custom WaveView} 
wv_tree_context_menu {Custom WaveView} {} {hierview} 77 10 {D0:2a_45nm.sw0(0)} {+sep=@}
wv_select_menu_item {Custom WaveView} {} {FileViewPopMenu.Update WDF} 
wv_press_button {Confirmation} {} {Ok} 
wv_select_tree_item {Custom WaveView} {} {hierview} {D0:2a_45nm.sw0(0)@toplevel(0)} {0} {+sep=@}
wv_select_list_item {Custom WaveView} {} {sigview} {lx18(m0)} 5
wv_select_window {Custom WaveView} 
wv_tree_context_menu {Custom WaveView} {} {hierview} 94 8 {D0:2a_45nm.sw0(0)} {+sep=@}
wv_select_menu_item {Custom WaveView} {} {FileViewPopMenu.Update WDF} 
wv_press_button {Confirmation} {} {Ok} 
wv_select_tree_item {Custom WaveView} {} {hierview} {D0:2a_45nm.sw0(0)@toplevel(0)} {0} {+sep=@}
wv_select_list_item {Custom WaveView} {} {sigview} {lx13(m0)} 5
wv_drag_list_item {Custom WaveView} {} {sigview} {lx13(m0)} 5
wv_drag_enter WV1
wv_drag_to WV1 11 326
wv_drop_on WV1
wv_select_waveview 1 {waveview 1}
wv_release_wv_item WV1 97 350
wv_select_waveview 1 {waveview 1}
wv_select_wv_item WV1.PANEL1:1.YAXIS1
wv_drag_item_to WV1 120 333
wv_select_waveview 1 {waveview 1}
wv_select_wv_item WV1.PANEL1:1.LINE2
wv_drag_item_to WV1 55 41
wv_select_line WV1.PANEL1:1.LINE2
wv_drag_enter WV1
wv_drag_to WV1 74 92
wv_drag_to WV1 144 356
wv_drop_on WV1
wv_drag_item_to WV1 55 41
wv_select_list_item {Custom WaveView} {} {sigview} {lx14(m0)} 6
wv_drag_list_item {Custom WaveView} {} {sigview} {lx14(m0)} 6
wv_drag_enter WV1
wv_drag_to WV1 5 370
wv_drop_on WV1
wv_select_window {Custom WaveView} 
wv_tree_context_menu {Custom WaveView} {} {hierview} 65 12 {D0:2a_45nm.sw0(0)} {+sep=@}
wv_select_menu_item {Custom WaveView} {} {FileViewPopMenu.Update WDF} 
wv_press_button {Confirmation} {} {Ok} 
wv_select_waveview 1 {waveview 1}
wv_select_panel WV1.PANEL1:1 0.453891 2.77992e-17
wv_select_tree_item {Custom WaveView} {} {hierview} {D0:2a_45nm.sw0(0)@toplevel(0)} {0} {+sep=@}
wv_select_window {Custom WaveView} 
wv_move_window {Custom WaveView} {} 0 0
wv_move_window {Custom WaveView} {} 554 172
wv_select_window {Custom WaveView} 
wv_move_window {Custom WaveView} {} 0 0
wv_move_window {Custom WaveView} {} 554 172
wv_select_window {Custom WaveView} 
wv_tree_context_menu {Custom WaveView} {} {hierview} 91 7 {D0:2a_45nm.sw0(0)} {+sep=@}
wv_select_menu_item {Custom WaveView} {} {FileViewPopMenu.Update WDF} 
wv_press_button {Confirmation} {} {Ok} 
wv_tree_context_menu {Custom WaveView} {} {hierview} 83 13 {D0:2a_45nm.sw0(0)} {+sep=@}
wv_select_menu_item {Custom WaveView} {} {FileViewPopMenu.Update WDF} 
wv_press_button {Confirmation} {} {Ok} 
wv_tree_context_menu {Custom WaveView} {} {hierview} 64 17 {D0:2a_45nm.sw0(0)@toplevel(0)} {+sep=@}
wv_select_menu_item {Custom WaveView} {} {FileViewPopMenu.Update WDF} 
wv_press_button {Confirmation} {} {Ok} 
wv_tree_context_menu {Custom WaveView} {} {hierview} 82 0 {D0:2a_45nm.sw0(0)} {+sep=@}
wv_select_menu_item {Custom WaveView} {} {FileViewPopMenu.Update WDF} 
wv_press_button {Confirmation} {} {Ok} 
wv_select_waveview 1 {waveview 1}
wv_waveview_context_menu WV1.PANEL2:1.LINE1
wv_tree_context_menu {Custom WaveView} {} {hierview} 124 2 {D0:2a_45nm.sw0(0)} {+sep=@}
wv_select_menu_item {Custom WaveView} {} {FileViewPopMenu.Update WDF} 
wv_press_button {Confirmation} {} {Ok} 
wv_select_tree_item {Custom WaveView} {} {hierview} {D0:2a_45nm.sw0(0)@toplevel(0)} {0} {+sep=@}
wv_select_list_item {Custom WaveView} {} {sigview} {par(lx18(m0)+lx14(m0)+lx13(m0))} 11
wv_select_list_item {Custom WaveView} {} {sigview} {par(lx18(m0)+lx14(m0)+lx13(m0))} 11
wv_drag_list_item {Custom WaveView} {} {sigview} {par(lx18(m0)+lx14(m0)+lx13(m0))} 11
wv_drag_enter WV1
wv_drag_to WV1 6 290
wv_drag_to WV1 84 352
wv_drop_on WV1
wv_move_window {Custom WaveView} {} 0 0
wv_move_window {Custom WaveView} {} 554 172
wv_select_window {Custom WaveView} 
wv_tree_context_menu {Custom WaveView} {} {hierview} 129 11 {D0:2a_45nm.sw0(0)} {+sep=@}
wv_select_menu_item {Custom WaveView} {} {FileViewPopMenu.Update WDF} 
wv_press_button {Confirmation} {} {Ok} 
wv_select_waveview 1 {waveview 1}
wv_select_panel WV1.PANEL1:1 -0.44141 3.6633e-17
wv_select_waveview 1 {waveview 1}
wv_select_wv_item WV1.PANEL1:1.LEGEND
wv_select_panel WV1.PANEL1:1.LEGEND
wv_select_waveview 1 {waveview 1}
wv_select_wv_item WV1.PANEL1:1.LEGEND
wv_select_panel WV1.PANEL1:1.LEGEND
wv_select_waveview 1 {waveview 1}
wv_select_wv_item WV1.PANEL1:1.LINE1
wv_select_line WV1.PANEL1:1.LINE1
wv_close_window {Custom WaveView} 
wv_select_dialog {Confirmation} 
#wv_press_button {Confirmation} {} {Ok} 
#*WARNING* Can not remove '/home/centos/.cx_hostport/.cx_hostport_2024-szjcdl53_12298'.
