\o Program:		@(#)$CDS: libManager version 6.1.8 - CAT37 09/24/2018 21:00 (ip-172-18-22-224) $
\o Sub version:		sub-version  p015 
\o Arguments:		-mpssession virtuoso2796 -mpshost 2024-szjcdl53 
\o Working Directory:	2024-szjcdl53:/home/centos/EE213
\o 64-bit offsets
\o Qt version: 		5.9.1
\o Log file is "/home/centos/EE213/libManager.log".
\o Opening libManager window.
\a nrSetCurrentWindow(cdsLibManager)
\a nrResizeWindow(cdsLibManager list(191 264 602 491))
\o changeWorkingDir("/home/centos/EE213") unnecessary.
\o ddSetForcedLib("") unnecessary.
\o MPS service: map window
\o Library Manager customization server connected.
\a nrSetCurrentWindow(cdsLibManager)
\a cdsLibManager->libListBox->value = "NCSU_Devices_FreePDK45"
\a cdsLibManager->libLineEdit->value = "NCSU_Devices_FreePDK45"
\a cdsLibManager->libListBox->value = "MyLibPDK45"
\a cdsLibManager->libLineEdit->value = "MyLibPDK45"
\a cdsLibManager->cellListBox->value = "myMAC_64_3bit_4bit"
\a cdsLibManager->cellLineEdit->value = "myMAC_64_3bit_4bit"
\a cdsLibManager->viewListBox->value = "schematic"
\a cdsLibManager->viewLineEdit->value = "schematic"
\o MPS request: edit design
\a nrListItemAction(cdsLibManager->gdmXTView 0 0)
\a cdsLibManager->libListBox->value = nil
\a cdsLibManager->libLineEdit->value = ""
\a cdsLibManager->cellListBox->value = nil
\a cdsLibManager->viewLineEdit->value = ""
\a cdsLibManager->viewListBox->value = nil
\a cdsLibManager->cellLineEdit->value = ""
\a cdsLibManager->libListBox->value = "MyLibPDK45"
\a cdsLibManager->libLineEdit->value = "MyLibPDK45"
\a cdsLibManager->cellListBox->value = "myMAC_64_3bit_4bit"
\a cdsLibManager->cellLineEdit->value = "myMAC_64_3bit_4bit"
\a cdsLibManager->viewListBox->value = "schematic"
\a cdsLibManager->viewLineEdit->value = "schematic"
\a cdsLibManager->viewLineEdit->value = ""
\a cdsLibManager->viewListBox->value = nil
\a cdsLibManager->viewListBox->value = "schematic"
\a cdsLibManager->viewLineEdit->value = "schematic"
\a nrSetCurrentWindow(cdsLibManager)
\a nrSetWindowVisibility(cdsLibManager "hide")
\a nrResizeWindow(cdsLibManager list(0 0 602 491))
\a nrSetWindowVisibility(cdsLibManager "show")
\a nrSetCurrentWindow(cdsLibManager)
\a nrResizeWindow(cdsLibManager list(191 264 602 491))
\a cdsLibManager->cellListBox->value = "myMulti_3bit_4bit"
\a cdsLibManager->cellLineEdit->value = "myMulti_3bit_4bit"
\a cdsLibManager->viewLineEdit->value = ""
\a cdsLibManager->viewListBox->value = nil
\a cdsLibManager->viewListBox->value = "schematic"
\a cdsLibManager->viewLineEdit->value = "schematic"
\a cdsLibManager->viewListBox->value = nil
\a cdsLibManager->viewLineEdit->value = ""
\a cdsLibManager->viewListBox->value = "schematic"
\a cdsLibManager->viewLineEdit->value = "schematic"
\o MPS request: edit design
\a nrListItemAction(cdsLibManager->gdmXTView 0 0)
\a nrSetCurrentWindow(cdsLibManager)
\a nrSetCurrentWindow(cdsLibManager)
\a nrSetWindowVisibility(cdsLibManager "hide")
\a nrResizeWindow(cdsLibManager list(0 0 602 491))
\o MPS service: shutdown
\o libManager is exiting.
\a exit(0)
