### Custom WaveView ADV log file, revision Q-2020.03-SP2-2 (build Oct 29, ) ###
### created at 10:44:36 on Thu Nov 28 2024 (Linux AMD64) ###
### Host Name: 2024-szjcdl53   User ID: centos   PID: 18885   ###
wv_start_log
# (0) running in waveview only mode
# (0) SW_SX_PERL_LIB defined
# (0) SW_SX_TCL_LIB defined
# (0) HOME defined
wv_move_window {Custom WaveView} {} 216 239
wv_select_window {Custom WaveView} 
wv_press_tool_button {Custom WaveView} {} {OpenWaveform0} 
wv_select_dialog {FileDialog} 
wv_select_list_item {FileDialog} {} {FileList} {MyLibPDK45} 5
wv_dclick_list_item {FileDialog} {} {FileList} {MyLibPDK45} 5
wv_select_list_item {FileDialog} {} {FileList} {myHA} 6
wv_dclick_list_item {FileDialog} {} {FileList} {myHA} 6
wv_select_list_item {FileDialog} {} {FileList} {half_adder_pre} 4
wv_dclick_list_item {FileDialog} {} {FileList} {half_adder_pre} 4
wv_select_list_item {FileDialog} {} {FileList} {test_case} 3
wv_dclick_list_item {FileDialog} {} {FileList} {test_case} 3
wv_select_list_item {FileDialog} {} {FileList} {test_case.tr0} 13
wv_dclick_list_item {FileDialog} {} {FileList} {test_case.tr0} 13
wv_expand_tree_item {Custom WaveView} {} {hierview} {D0:test_case.tr0(0)} {+sep=@}
wv_select_tree_item {Custom WaveView} {} {hierview} {D0:test_case.tr0(0)@toplevel(0)} {0} {+sep=@}
wv_select_list_item {Custom WaveView} {} {sigview} {v(b)} 5
wv_select_list_item {Custom WaveView} {} {sigview} {v(a)} 4
wv_drag_list_item {Custom WaveView} {} {sigview} {v(a)} 4
wv_drag_enter WV1
wv_drop_on WV1
wv_select_list_item {Custom WaveView} {} {sigview} {v(b)} 5
wv_drag_list_item {Custom WaveView} {} {sigview} {v(b)} 5
wv_drag_enter WV1
wv_drag_to WV1 15 408
wv_drag_to WV1 91 450
wv_drop_on WV1
wv_select_list_item {Custom WaveView} {} {sigview} {v(cout)} 6
wv_drag_list_item {Custom WaveView} {} {sigview} {v(cout)} 6
wv_drag_enter WV1
wv_drag_to WV1 16 434
wv_drag_to WV1 118 450
wv_drop_on WV1
wv_select_list_item {Custom WaveView} {} {sigview} {v(s)} 7
wv_drag_list_item {Custom WaveView} {} {sigview} {v(s)} 7
wv_drag_enter WV1
wv_drag_to WV1 18 420
wv_drag_to WV1 53 449
wv_drop_on WV1
wv_select_waveview 1 {waveview 1}
wv_select_panel WV1.PANEL4:1 1.67214e-08 0.134873
wv_release_wv_item WV1 824 429
wv_select_menu_item {Custom WaveView} {} {AxisCursor.Add Cursor} 
wv_select_waveview 1 {waveview 1}
wv_select_wv_item WV1.PANEL4:1.CURSOR1
wv_drag_item_to WV1 581 372
wv_move_wv_item WV1.PANEL4:1.CURSOR1 868 445
wv_close_window {Custom WaveView} 
wv_select_dialog {Confirmation} 
#wv_press_button {Confirmation} {} {Ok} 
#*WARNING* Can not remove '/home/centos/.cx_hostport/.cx_hostport_2024-szjcdl53_18885'.
