### Custom WaveView ADV log file, revision Q-2020.03-SP2-2 (build Oct 29, ) ###
### created at 19:08:15 on Mon Oct 28 2024 (Linux AMD64) ###
### Host Name: 2024-szjcdl53   User ID: centos   PID: 11698   ###
wv_start_log
# (0) running in waveview only mode
# (0) SW_SX_PERL_LIB defined
# (0) SW_SX_TCL_LIB defined
# (0) HOME defined
wv_move_window {Custom WaveView} {} 112 135
wv_select_window {Custom WaveView} 
wv_press_tool_button {Custom WaveView} {} {OpenWaveform0} 
wv_select_dialog {FileDialog} 
wv_select_list_item {FileDialog} {} {FileList} {1a_45nm.sw0} 6
wv_dclick_list_item {FileDialog} {} {FileList} {1a_45nm.sw0} 6
wv_expand_tree_item {Custom WaveView} {} {hierview} {D0:1a_45nm.sw0(0)} {+sep=@}
wv_select_tree_item {Custom WaveView} {} {hierview} {D0:1a_45nm.sw0(0)@toplevel(0)} {0} {+sep=@}
wv_select_list_item {Custom WaveView} {} {sigview} {par(3*vdd/4/i1(m0)*(1-7*lambda*vdd/9))} 3
wv_drag_list_item {Custom WaveView} {} {sigview} {par(3*vdd/4/i1(m0)*(1-7*lambda*vdd/9))} 3
wv_drag_enter WV1
wv_drop_on WV1
wv_select_list_item {Custom WaveView} {} {sigview} {par(3*vdd/4/i1(m1)*(1-7*lambda*vdd/9))} 4
wv_drag_list_item {Custom WaveView} {} {sigview} {par(3*vdd/4/i1(m1)*(1-7*lambda*vdd/9))} 4
wv_drag_enter WV1
wv_drag_to WV1 27 304
wv_drag_to WV1 202 354
wv_drop_on WV1
wv_select_waveview 1 {waveview 1}
wv_select_panel WV1.PANEL2:1 0.689299 -3.125e+49
wv_select_window {Custom WaveView} 
wv_tree_context_menu {Custom WaveView} {} {hierview} 103 5 {D0:1a_45nm.sw0(0)} {+sep=@}
wv_select_menu_item {Custom WaveView} {} {FileViewPopMenu.Update WDF} 
wv_press_button {Confirmation} {} {Ok} 
wv_move_window {Custom WaveView} {} 0 0
wv_move_window {Custom WaveView} {} 230 197
wv_select_window {Custom WaveView} 
wv_select_tree_item {Custom WaveView} {} {hierview} {D0:1a_45nm.sw0(0)@toplevel(0)} {0} {+sep=@}
wv_select_list_item {Custom WaveView} {} {sigview} {i1(m0)} 1
wv_drag_list_item {Custom WaveView} {} {sigview} {i1(m0)} 1
wv_drag_enter WV1
wv_drag_to WV1 11 293
wv_drag_to WV1 86 352
wv_drop_on WV1
wv_select_window {Custom WaveView} 
wv_tree_context_menu {Custom WaveView} {} {hierview} 100 16 {D0:1a_45nm.sw0(0)@toplevel(0)} {+sep=@}
wv_select_menu_item {Custom WaveView} {} {FileViewPopMenu.Update WDF} 
wv_press_button {Confirmation} {} {Ok} 
wv_select_window {Custom WaveView} 
wv_select_waveview 1 {waveview 1}
wv_select_panel WV1.PANEL2:1 0.782288 9.11048e-05
wv_select_waveview 1 {waveview 1}
wv_select_wv_item WV1.PANEL2:1.LINE1
wv_select_line WV1.PANEL2:1.LINE1
wv_select_waveview 1 {waveview 1}
wv_select_wv_item WV1.PANEL2:1.LEGEND
wv_select_panel WV1.PANEL2:1.LEGEND
wv_tree_context_menu {Custom WaveView} {} {hierview} 174 2 {D0:1a_45nm.sw0(0)} {+sep=@}
wv_select_menu_item {Custom WaveView} {} {FileViewPopMenu.Close This File} 
wv_press_button {Confirmation} {} {Ok} 
wv_move_window {Custom WaveView} {} 0 0
wv_move_window {Custom WaveView} {} 230 197
wv_select_window {Custom WaveView} 
wv_press_tool_button {Custom WaveView} {} {OpenWaveformFile0} 
wv_select_dialog {FileDialog} 
wv_select_list_item {FileDialog} {} {FileList} {1a_45nm_nmos.sw0} 6
wv_select_list_item {FileDialog} {} {FileList} {1a_45nm_pmos.sw0} 11 +ctrl
wv_press_button {FileDialog} {} {Ok} 
wv_expand_tree_item {Custom WaveView} {} {hierview} {D0:1a_45nm_nmos.sw0(0)} {+sep=@}
wv_expand_tree_item {Custom WaveView} {} {hierview} {D0:1a_45nm_pmos.sw0(1)} {+sep=@}
wv_select_tree_item {Custom WaveView} {} {hierview} {D0:1a_45nm_nmos.sw0(0)} {0} {+sep=@}
wv_select_tree_item {Custom WaveView} {} {hierview} {D0:1a_45nm_nmos.sw0(0)@toplevel(0)} {0} {+sep=@}
wv_select_tree_item {Custom WaveView} {} {hierview} {D0:1a_45nm_pmos.sw0(1)@toplevel(0)} {0} {+sep=@}
wv_select_tree_item {Custom WaveView} {} {hierview} {D0:1a_45nm_nmos.sw0(0)@toplevel(0)} {0} {+sep=@}
wv_select_list_item {Custom WaveView} {} {sigview} {par(3*vdd/4/i1(m0)*(1-7*lambda*vdd/9))} 8
wv_drag_list_item {Custom WaveView} {} {sigview} {par(3*vdd/4/i1(m0)*(1-7*lambda*vdd/9))} 8
wv_drag_enter WV1
wv_drop_on WV1
wv_select_tree_item {Custom WaveView} {} {hierview} {D0:1a_45nm_pmos.sw0(1)@toplevel(0)} {0} {+sep=@}
wv_select_list_item {Custom WaveView} {} {sigview} {par(3*vdd/4/i1(m0)*(1-7*lambda*vdd/9))} 6
wv_drag_list_item {Custom WaveView} {} {sigview} {par(3*vdd/4/i1(m0)*(1-7*lambda*vdd/9))} 6
wv_drag_enter WV1
wv_drag_to WV1 20 327
wv_drag_to WV1 157 354
wv_drop_on WV1
wv_select_window {Custom WaveView} 
wv_tree_context_menu {Custom WaveView} {} {hierview} 126 8 {D0:1a_45nm_nmos.sw0(0)} {+sep=@}
wv_select_menu_item {Custom WaveView} {} {FileViewPopMenu.Update All WDF} 
wv_press_button {ReloadFiles} {} {YesAll} 
wv_select_waveview 1 {waveview 1}
wv_select_wv_item WV1.PANEL2:1.LEGEND
wv_select_panel WV1.PANEL2:1.LEGEND
wv_select_waveview 1 {waveview 1}
wv_release_wv_item WV1 11 270
wv_select_waveview 1 {waveview 1}
wv_select_wv_item WV1.PANEL2:1.LEGEND
wv_select_panel WV1.PANEL2:1.LEGEND
wv_move_window {Custom WaveView} {} 0 0
wv_move_window {Custom WaveView} {} 230 197
wv_select_window {Custom WaveView} 
wv_select_waveview 1 {waveview 1}
wv_select_toolbar_item {Custom WaveView} {waveview 1:1} {Drawing Tool} 
wv_set_text {DrawToolParameters} {} {RemarkText} "nmos"
wv_select_combox_item {DrawToolParameters} {} {FontSize} "12" 3
wv_set_text {DrawToolParameters} {} {RemarkText} "Req of nmos"
wv_press_button {DrawToolParameters} {} {Ok} 
wv_select_window {Custom WaveView} 
wv_select_waveview 1 {waveview 1}
wv_select_wv_item WV1.TEXT1
wv_drag_item_to WV1 394 195
wv_move_wv_item WV1.TEXT1 52 65
wv_select_waveview 1 {waveview 1}
wv_select_wv_item WV1.TEXT1
wv_move_wv_item WV1.TEXT1 60 62
wv_release_wv_item WV1 60 62
wv_press_key "q" 318 226
wv_select_dialog {Confirmation} 
wv_close_dialog {Confirmation} 
wv_select_window {Custom WaveView} 
wv_select_waveview 1 {waveview 1}
wv_waveview_context_menu WV1.TEXT1
wv_select_waveview 1 {waveview 1}
wv_select_menu_item {Custom WaveView} {waveview 1:1} {LabelPopMenu.Configure Remark} 
wv_set_text {DrawToolParameters} {} {RemarkText} "Req_nmos"
wv_press_button {DrawToolParameters} {} {Ok} 
wv_select_window {Custom WaveView} 
wv_select_waveview 1 {waveview 1}
wv_waveview_context_menu WV1.TEXT1
wv_select_waveview 1 {waveview 1}
wv_select_menu_item {Custom WaveView} {waveview 1:1} {LabelPopMenu.Copy Remark} 
wv_select_waveview 1 {waveview 1}
wv_select_wv_item WV1.TEXT1
wv_drag_item_to WV1 62 76
wv_move_wv_item WV1.TEXT1 63 223
wv_select_waveview 1 {waveview 1}
wv_waveview_context_menu WV1.TEXT2
wv_select_waveview 1 {waveview 1}
wv_select_menu_item {Custom WaveView} {waveview 1:1} {LabelPopMenu.Configure Remark} 
wv_set_text {DrawToolParameters} {} {RemarkText} "Reqnmos"
wv_press_button {DrawToolParameters} {} {Ok} 
wv_select_window {Custom WaveView} 
wv_select_waveview 1 {waveview 1}
wv_waveview_context_menu WV1.TEXT2
wv_select_waveview 1 {waveview 1}
wv_select_menu_item {Custom WaveView} {waveview 1:1} {LabelPopMenu.Configure Remark} 
#Input text: Req\nmos
wv_set_text {DrawToolParameters} {} {RemarkText} "Req\\nmos"
wv_press_button {DrawToolParameters} {} {Ok} 
wv_select_window {Custom WaveView} 
wv_select_waveview 1 {waveview 1}
wv_select_wv_item WV1.TEXT2
wv_drag_item_to WV1 34 42
wv_move_wv_item WV1.TEXT2 50 58
wv_select_waveview 1 {waveview 1}
wv_select_wv_item WV1.TEXT1
wv_move_wv_item WV1.TEXT1 57 228
wv_select_waveview 1 {waveview 1}
wv_waveview_context_menu WV1.TEXT1
wv_select_waveview 1 {waveview 1}
wv_select_menu_item {Custom WaveView} {waveview 1:1} {LabelPopMenu.Configure Remark} 
#Input text: Req\pmos
wv_set_text {DrawToolParameters} {} {RemarkText} "Req\\pmos"
wv_press_button {DrawToolParameters} {} {Ok} 
wv_select_window {Custom WaveView} 
wv_select_waveview 1 {waveview 1}
wv_select_wv_item WV1.TEXT1
wv_drag_item_to WV1 22 221
wv_move_wv_item WV1.TEXT1 39 242
wv_select_waveview 1 {waveview 1}
wv_select_wv_item WV1.PANEL1:1.LINE1
wv_select_line WV1.PANEL1:1.LINE1
wv_select_waveview 1 {waveview 1}
wv_shift_select_line WV1.PANEL2:1.LINE1
wv_release_wv_item WV1 57 199
wv_press_tool_button {Custom WaveView} {} {DumpScreen0} 
wv_select_dialog {SaveScreenDump} 
wv_set_text {SaveScreenDump} {} {SaveToFile} "1a_45nm"
wv_press_button {SaveScreenDump} {} {Save} 
