### Custom WaveView ADV log file, revision Q-2020.03-SP2-2 (build Oct 29, ) ###
### created at 17:39:10 on Wed Oct 30 2024 (Linux AMD64) ###
### Host Name: 2024-szjcdl53   User ID: centos   PID: 3466   ###
wv_start_log
# (0) running in waveview only mode
# (0) SW_SX_PERL_LIB defined
# (0) SW_SX_TCL_LIB defined
# (0) HOME defined
wv_move_window {Custom WaveView} {} 60 83
wv_select_window {Custom WaveView} 
wv_press_tool_button {Custom WaveView} {} {OpenWaveform0} 
wv_move_window {FileDialog} {} 719 441
wv_select_dialog {FileDialog} 
wv_select_list_item {FileDialog} {} {FileList} {1a_7nm.sw0@1} 8
wv_select_list_item {FileDialog} {} {FileList} {1a_7nm.sw0@5} 12 +shift
wv_press_button {FileDialog} {} {Ok} 
wv_expand_tree_item {Custom WaveView} {} {hierview} {D0:1a_7nm.sw0@1(0)} {+sep=/}
wv_select_tree_item {Custom WaveView} {} {hierview} {D0:1a_7nm.sw0@1(0)/toplevel(0)} {0} {+sep=/}
wv_select_list_item {Custom WaveView} {} {sigview} {i1(m0)} 4
wv_drag_list_item {Custom WaveView} {} {sigview} {i1(m0)} 4
wv_drag_enter WV1
wv_drop_on WV1
wv_expand_tree_item {Custom WaveView} {} {hierview} {D0:1a_7nm.sw0@2(1)} {+sep=/}
wv_select_tree_item {Custom WaveView} {} {hierview} {D0:1a_7nm.sw0@2(1)/toplevel(0)} {0} {+sep=/}
wv_select_list_item {Custom WaveView} {} {sigview} {i1(m0)} 4
wv_drag_list_item {Custom WaveView} {} {sigview} {i1(m0)} 4
wv_drag_enter WV1
wv_drag_to WV1 6 221
wv_drop_on WV1
wv_expand_tree_item {Custom WaveView} {} {hierview} {D0:1a_7nm.sw0@3(2)} {+sep=/}
wv_select_tree_item {Custom WaveView} {} {hierview} {D0:1a_7nm.sw0@3(2)/toplevel(0)} {0} {+sep=/}
wv_select_list_item {Custom WaveView} {} {sigview} {i1(m0)} 4
wv_drag_list_item {Custom WaveView} {} {sigview} {i1(m0)} 4
wv_drag_enter WV1
wv_drag_to WV1 41 201
wv_drop_on WV1
wv_expand_tree_item {Custom WaveView} {} {hierview} {D0:1a_7nm.sw0@4(3)} {+sep=/}
wv_select_tree_item {Custom WaveView} {} {hierview} {D0:1a_7nm.sw0@4(3)/toplevel(0)} {0} {+sep=/}
wv_select_list_item {Custom WaveView} {} {sigview} {i1(m0)} 4
wv_drag_list_item {Custom WaveView} {} {sigview} {i1(m0)} 4
wv_drag_enter WV1
wv_drag_to WV1 18 190
wv_drop_on WV1
wv_expand_tree_item {Custom WaveView} {} {hierview} {D0:1a_7nm.sw0@5(4)} {+sep=/}
wv_select_tree_item {Custom WaveView} {} {hierview} {D0:1a_7nm.sw0@5(4)/toplevel(0)} {0} {+sep=/}
wv_select_list_item {Custom WaveView} {} {sigview} {i1(m0)} 4
wv_drag_list_item {Custom WaveView} {} {sigview} {i1(m0)} 4
wv_drag_enter WV1
wv_drag_to WV1 51 174
wv_drop_on WV1
wv_move_window {Custom WaveView} {} 377 392
wv_select_waveview 1 {waveview 1}
wv_select_toolbar_item {Custom WaveView} {waveview 1:1} {Drawing Tool} 
wv_set_text {DrawToolParameters} {} {RemarkText} "vgs = 0.5V"
wv_select_combox_item {DrawToolParameters} {} {FontSize} "12" 3
wv_press_button {DrawToolParameters} {} {Ok} 
wv_select_waveview 1 {waveview 1}
wv_select_wv_item WV1.TEXT1
wv_drag_item_to WV1 413 183
wv_move_wv_item WV1.TEXT1 435 54
wv_select_waveview 1 {waveview 1}
wv_waveview_context_menu WV1.TEXT1
wv_select_waveview 1 {waveview 1}
wv_select_menu_item {Custom WaveView} {waveview 1:1} {LabelPopMenu.Copy Remark} 
wv_select_waveview 1 {waveview 1}
wv_select_wv_item WV1.TEXT1
wv_drag_item_to WV1 447 79
wv_move_wv_item WV1.TEXT1 447 128
wv_select_waveview 1 {waveview 1}
wv_waveview_context_menu WV1.TEXT1
wv_select_waveview 1 {waveview 1}
wv_select_menu_item {Custom WaveView} {waveview 1:1} {LabelPopMenu.Configure Remark} 
wv_set_text {DrawToolParameters} {} {RemarkText} "vgs = 0.45V"
wv_press_button {DrawToolParameters} {} {Ok} 
wv_select_window {Custom WaveView} 
wv_select_waveview 1 {waveview 1}
wv_waveview_context_menu WV1.TEXT1
wv_select_waveview 1 {waveview 1}
wv_select_menu_item {Custom WaveView} {waveview 1:1} {LabelPopMenu.Copy Remark} 
wv_select_waveview 1 {waveview 1}
wv_select_wv_item WV1.TEXT1
wv_drag_item_to WV1 457 157
wv_move_wv_item WV1.TEXT1 458 203
wv_select_waveview 1 {waveview 1}
wv_waveview_context_menu WV1.TEXT1
wv_select_waveview 1 {waveview 1}
wv_select_menu_item {Custom WaveView} {waveview 1:1} {LabelPopMenu.Configure Remark} 
wv_set_text {DrawToolParameters} {} {RemarkText} "vgs = 0.3V"
wv_press_button {DrawToolParameters} {} {Ok} 
wv_select_window {Custom WaveView} 
wv_select_waveview 1 {waveview 1}
wv_waveview_context_menu WV1.TEXT1
wv_select_waveview 1 {waveview 1}
wv_select_menu_item {Custom WaveView} {waveview 1:1} {LabelPopMenu.Copy Remark} 
wv_select_waveview 1 {waveview 1}
wv_select_wv_item WV1.TEXT1
wv_drag_item_to WV1 440 222
wv_move_wv_item WV1.TEXT1 440 253
wv_select_waveview 1 {waveview 1}
wv_waveview_context_menu WV1.TEXT2
wv_select_waveview 1 {waveview 1}
wv_select_wv_item WV1.TEXT1
wv_drag_item_to WV1 414 251
wv_move_wv_item WV1.TEXT1 412 296
wv_select_waveview 1 {waveview 1}
wv_waveview_context_menu WV1.TEXT1
wv_select_waveview 1 {waveview 1}
wv_select_menu_item {Custom WaveView} {waveview 1:1} {LabelPopMenu.Copy Remark} 
wv_select_waveview 1 {waveview 1}
wv_select_wv_item WV1.TEXT1
wv_drag_item_to WV1 454 317
wv_move_wv_item WV1.TEXT1 453 250
wv_select_waveview 1 {waveview 1}
wv_waveview_context_menu WV1.TEXT1
wv_select_waveview 1 {waveview 1}
wv_select_menu_item {Custom WaveView} {waveview 1:1} {LabelPopMenu.Configure Remark} 
wv_set_text {DrawToolParameters} {} {RemarkText} "vgs = 0.35V"
wv_press_button {DrawToolParameters} {} {Ok} 
wv_select_window {Custom WaveView} 
wv_select_waveview 1 {waveview 1}
wv_waveview_context_menu WV1.TEXT3
wv_select_waveview 1 {waveview 1}
wv_select_menu_item {Custom WaveView} {waveview 1:1} {LabelPopMenu.Configure Remark} 
wv_set_text {DrawToolParameters} {} {RemarkText} "vgs = 0.4V"
wv_press_button {DrawToolParameters} {} {Ok} 
wv_select_window {Custom WaveView} 
wv_select_waveview 1 {waveview 1}
wv_select_wv_item WV1.PANEL1:1.LINE1
wv_select_line WV1.PANEL1:1.LINE1
wv_select_waveview 1 {waveview 1}
wv_shift_select_line WV1.PANEL1:1.LINE5
wv_release_wv_item WV1 50 87
wv_press_key Ctrl_C 302 323
wv_select_waveview 1 {waveview 1}
wv_select_wv_item WV1.PANEL1:1.LEGEND
wv_select_panel WV1.PANEL1:1.LEGEND
wv_select_waveview 1 {waveview 1}
wv_select_wv_item WV1.PANEL1:1.LEGEND
wv_select_panel WV1.PANEL1:1.LEGEND
wv_move_window {Custom WaveView} {} 0 0
wv_move_window {Custom WaveView} {} 377 392
wv_select_window {Custom WaveView} 
wv_select_waveview 1 {waveview 1}
wv_select_wv_item WV1.PANEL1:1.LINE1
wv_select_line WV1.PANEL1:1.LINE1
wv_select_waveview 1 {waveview 1}
wv_shift_select_line WV1.PANEL1:1.LINE5
wv_release_wv_item WV1 45 88
wv_press_tool_button {Custom WaveView} {} {DumpScreen0} 
wv_select_dialog {SaveScreenDump} 
wv_set_check {SaveScreenDump} {} {ExcludeWVHeaderFooterArea} 1
wv_press_button {SaveScreenDump} {} {SaveToFileBrowse} 
wv_select_list_item {FileDialog} {} {FileList} {1a_7nm.png} 4
wv_press_button {FileDialog} {} {Ok} 
wv_press_button {SaveScreenDump} {} {Save} 
wv_press_button {Confirmation} {} {Ok} 
wv_move_window {Custom WaveView} {} 0 0
wv_move_window {Custom WaveView} {} 377 392
wv_select_window {Custom WaveView} 
wv_move_window {Custom WaveView} {} 0 0
wv_move_window {Custom WaveView} {} 377 392
wv_select_window {Custom WaveView} 
wv_tree_context_menu {Custom WaveView} {} {hierview} 192 85 {D0:1a_7nm.sw0@3(2)/toplevel(0)} {+sep=/}
wv_select_menu_item {Custom WaveView} {} {FileViewPopMenu.Close All} 
wv_press_button {Confirmation} {} {Ok} 
wv_press_tool_button {Custom WaveView} {} {OpenWaveformFile0} 
wv_select_dialog {FileDialog} 
wv_press_button {FileDialog} {} {Up} 
wv_select_list_item {FileDialog} {} {FileList} {2a_7nm} 3
wv_dclick_list_item {FileDialog} {} {FileList} {2a_7nm} 3
wv_select_list_item {FileDialog} {} {FileList} {2a_7nm.sw0@1} 8
wv_select_list_item {FileDialog} {} {FileList} {2a_7nm.sw0@2} 9 +shift
wv_press_button {FileDialog} {} {Ok} 
wv_expand_tree_item {Custom WaveView} {} {hierview} {D1:2a_7nm.sw0@1(0)} {+sep=/}
wv_expand_tree_item {Custom WaveView} {} {hierview} {D1:2a_7nm.sw0@2(1)} {+sep=/}
wv_select_tree_item {Custom WaveView} {} {hierview} {D1:2a_7nm.sw0@1(0)/toplevel(0)} {0} {+sep=/}
wv_select_list_item {Custom WaveView} {} {sigview} {i1(m0)} 5
wv_drag_list_item {Custom WaveView} {} {sigview} {i1(m0)} 5
wv_drag_enter WV1
wv_drop_on WV1
wv_select_tree_item {Custom WaveView} {} {hierview} {D1:2a_7nm.sw0@2(1)/toplevel(0)} {0} {+sep=/}
wv_select_list_item {Custom WaveView} {} {sigview} {i1(m0)} 5
wv_drag_list_item {Custom WaveView} {} {sigview} {i1(m0)} 5
wv_drag_enter WV1
wv_drag_to WV1 35 273
wv_drop_on WV1
wv_select_window {Custom WaveView} 
wv_tree_context_menu {Custom WaveView} {} {hierview} 201 35 {D1:2a_7nm.sw0@2(1)} {+sep=/}
wv_select_menu_item {Custom WaveView} {} {FileViewPopMenu.Update All WDF} 
wv_press_button {ReloadFiles} {} {YesAll} 
wv_select_waveview 1 {waveview 1}
wv_select_panel WV1.PANEL1:1 0.31755 3.76332e-05
wv_select_waveview 1 {waveview 1}
wv_select_toolbar_item {Custom WaveView} {waveview 1:1} {Drawing Tool} 
wv_set_text {DrawToolParameters} {} {RemarkText} "vds = 0.7V"
wv_select_combox_item {DrawToolParameters} {} {FontSize} "12" 3
wv_press_button {DrawToolParameters} {} {Ok} 
wv_select_waveview 1 {waveview 1}
wv_select_wv_item WV1.TEXT1
wv_drag_item_to WV1 432 196
wv_move_wv_item WV1.TEXT1 540 184
wv_select_waveview 1 {waveview 1}
wv_waveview_context_menu WV1.TEXT1
wv_select_waveview 1 {waveview 1}
wv_select_menu_item {Custom WaveView} {waveview 1:1} {LabelPopMenu.Copy Remark} 
wv_select_waveview 1 {waveview 1}
wv_select_wv_item WV1.TEXT1
wv_drag_item_to WV1 537 200
wv_move_wv_item WV1.TEXT1 537 287
wv_select_waveview 1 {waveview 1}
wv_waveview_context_menu WV1.TEXT1
wv_select_waveview 1 {waveview 1}
wv_select_menu_item {Custom WaveView} {waveview 1:1} {LabelPopMenu.Configure Remark} 
wv_set_text {DrawToolParameters} {} {RemarkText} "vds = 0.1V"
wv_press_button {DrawToolParameters} {} {Ok} 
wv_select_window {Custom WaveView} 
wv_select_waveview 1 {waveview 1}
wv_select_wv_item WV1.PANEL1:1.LEGEND
wv_select_panel WV1.PANEL1:1.LEGEND
wv_select_waveview 1 {waveview 1}
wv_select_wv_item WV1.PANEL1:1.LEGEND
wv_select_panel WV1.PANEL1:1.LEGEND
wv_select_waveview 1 {waveview 1}
wv_select_wv_item WV1.PANEL1:1.LINE1
wv_select_line WV1.PANEL1:1.LINE1
wv_select_waveview 1 {waveview 1}
wv_shift_select_line WV1.PANEL1:1.LINE2
wv_release_wv_item WV1 51 41
wv_press_tool_button {Custom WaveView} {} {DumpScreen0} 
wv_move_window {SaveScreenDump} {} 657 503
wv_select_dialog {SaveScreenDump} 
wv_press_button {SaveScreenDump} {} {SaveToFileBrowse} 
wv_select_list_item {FileDialog} {} {FileList} {2a_7nm.png} 4
wv_press_button {FileDialog} {} {Ok} 
wv_press_button {SaveScreenDump} {} {Save} 
wv_press_button {Confirmation} {} {Ok} 
wv_move_window {Custom WaveView} {} 0 0
wv_move_window {Custom WaveView} {} 377 392
wv_select_window {Custom WaveView} 
wv_move_window {Custom WaveView} {} 0 0
wv_move_window {Custom WaveView} {} 377 392
wv_select_window {Custom WaveView} 
wv_tree_context_menu {Custom WaveView} {} {hierview} 159 42 {D1:2a_7nm.sw0@2(1)} {+sep=/}
wv_select_menu_item {Custom WaveView} {} {FileViewPopMenu.Close All} 
wv_press_button {Confirmation} {} {Ok} 
wv_press_tool_button {Custom WaveView} {} {OpenWaveformFile0} 
wv_select_dialog {FileDialog} 
wv_press_button {FileDialog} {} {Up} 
wv_select_list_item {FileDialog} {} {FileList} {2b_7nm} 4
wv_dclick_list_item {FileDialog} {} {FileList} {2b_7nm} 4
wv_select_list_item {FileDialog} {} {FileList} {2b_7nm.sw0} 7
wv_dclick_list_item {FileDialog} {} {FileList} {2b_7nm.sw0} 7
wv_expand_tree_item {Custom WaveView} {} {hierview} {D2:2b_7nm.sw0(0)} {+sep=@}
wv_select_tree_item {Custom WaveView} {} {hierview} {D2:2b_7nm.sw0(0)@toplevel(0)} {0} {+sep=@}
wv_select_list_item {Custom WaveView} {} {sigview} {i1(m0)} 5
wv_drag_list_item {Custom WaveView} {} {sigview} {i1(m0)} 5
wv_drag_enter WV1
wv_drop_on WV1
wv_select_list_item {Custom WaveView} {} {sigview} {deriv(i1(m0))} 1
wv_drag_list_item {Custom WaveView} {} {sigview} {deriv(i1(m0))} 1
wv_drag_enter WV1
wv_drag_to WV1 8 282
wv_drag_to WV1 128 353
wv_drop_on WV1
wv_select_waveview 1 {waveview 1}
wv_select_toolbar_item {Custom WaveView} {waveview 1:1} {Drawing Tool} 
wv_select_tree_item {DrawToolParameters} {} {DrawingItem} {Line} {0} {+sep=.}
wv_press_button {DrawToolParameters} {} {Ok} 
wv_select_window {Custom WaveView} 
wv_select_waveview 1 {waveview 1}
wv_select_wv_item WV1 306 187
wv_release_wv_item WV1 306 187
wv_select_waveview 1 {waveview 1}
wv_select_wv_item WV1 474 19
wv_release_wv_item WV1 474 19
wv_move_window {Custom WaveView} {} 223 296
wv_press_tool_button {Custom WaveView} {} {DumpScreen0} 
wv_select_dialog {SaveScreenDump} 
wv_press_button {SaveScreenDump} {} {SaveToFileBrowse} 
wv_select_list_item {FileDialog} {} {FileList} {2c_7nm.png} 8
wv_select_list_item {FileDialog} {} {FileList} {2b_7nm.sp} 4
wv_select_list_item {FileDialog} {} {FileList} {2b_7nm.png} 3
wv_press_button {FileDialog} {} {Ok} 
wv_press_button {SaveScreenDump} {} {Save} 
wv_press_button {Confirmation} {} {Ok} 
wv_move_window {Custom WaveView} {} 0 0
wv_move_window {Custom WaveView} {} 223 296
wv_select_window {Custom WaveView} 
wv_select_waveview 1 {waveview 1}
wv_waveview_context_menu WV1.PANEL2:1.LINE1
wv_select_waveview 1 {waveview 1}
wv_waveview_context_menu WV1.PANEL2:1.LEGEND
wv_select_waveview 1 {waveview 1}
wv_select_menu_item {Custom WaveView} {waveview 1:1} {PanelPopMenu.Delete} 
wv_press_button {Confirmation} {} {Ok} 
wv_select_waveview 1 {waveview 1}
wv_select_wv_item WV1.SHAPE1 355 135
wv_move_wv_item WV1.SHAPE1 355 135
wv_select_waveview 1 {waveview 1}
wv_select_panel WV1.PANEL1:1 0.271192 2.15999e-07
wv_select_waveview 1 {waveview 1}
wv_waveview_context_menu WV1.SHAPE1
wv_select_waveview 1 {waveview 1}
wv_select_menu_item {Custom WaveView} {waveview 1:1} {ShapePopMenu.Delete Line} 
wv_select_waveview 1 {waveview 1}
wv_waveview_context_menu WV1.PANEL1:1.YAXIS1
wv_select_waveview 1 {waveview 1}
wv_select_menu_item {Custom WaveView} {waveview 1:1} {YAxisPopMenu.Log Scale} 
wv_select_waveview 1 {waveview 1}
wv_select_wv_item WV1.PANEL1:1.LINE1
wv_select_line WV1.PANEL1:1.LINE1
wv_press_tool_button {Custom WaveView} {} {DumpScreen0} 
wv_select_dialog {SaveScreenDump} 
wv_press_button {SaveScreenDump} {} {SaveToFileBrowse} 
wv_select_list_item {FileDialog} {} {FileList} {2c_7nm.png} 8
wv_press_button {FileDialog} {} {Ok} 
wv_press_button {SaveScreenDump} {} {Save} 
wv_press_button {Confirmation} {} {Ok} 
wv_tree_context_menu {Custom WaveView} {} {hierview} 162 16 {D2:2b_7nm.sw0(0)@toplevel(0)} {+sep=@}
wv_select_menu_item {Custom WaveView} {} {FileViewPopMenu.Close This File} 
wv_press_button {Confirmation} {} {Ok} 
wv_press_tool_button {Custom WaveView} {} {OpenWaveformFile0} 
wv_select_dialog {FileDialog} 
wv_press_button {FileDialog} {} {Up} 
wv_select_list_item {FileDialog} {} {FileList} {3a_7nm} 5
wv_dclick_list_item {FileDialog} {} {FileList} {3a_7nm} 5
wv_select_list_item {FileDialog} {} {FileList} {3a_7nm.sw0@1} 8
wv_select_list_item {FileDialog} {} {FileList} {3a_7nm.sw0@8} 15 +shift
wv_press_button {FileDialog} {} {Ok} 
wv_expand_tree_item {Custom WaveView} {} {hierview} {D3:3a_7nm.sw0@1(0)} {+sep=/}
wv_select_tree_item {Custom WaveView} {} {hierview} {D3:3a_7nm.sw0@1(0)/toplevel(0)} {0} {+sep=/}
wv_select_list_item {Custom WaveView} {} {sigview} {i1(m0)} 5
wv_drag_list_item {Custom WaveView} {} {sigview} {i1(m0)} 5
wv_drag_enter WV1
wv_drop_on WV1
wv_expand_tree_item {Custom WaveView} {} {hierview} {D3:3a_7nm.sw0@2(1)} {+sep=/}
wv_select_tree_item {Custom WaveView} {} {hierview} {D3:3a_7nm.sw0@2(1)/toplevel(0)} {0} {+sep=/}
wv_select_list_item {Custom WaveView} {} {sigview} {i1(m0)} 5
wv_drag_list_item {Custom WaveView} {} {sigview} {i1(m0)} 5
wv_drag_enter WV1
wv_drag_to WV1 24 241
wv_drop_on WV1
wv_expand_tree_item {Custom WaveView} {} {hierview} {D3:3a_7nm.sw0@3(2)} {+sep=/}
wv_select_tree_item {Custom WaveView} {} {hierview} {D3:3a_7nm.sw0@3(2)/toplevel(0)} {0} {+sep=/}
wv_select_list_item {Custom WaveView} {} {sigview} {i1(m0)} 5
wv_drag_list_item {Custom WaveView} {} {sigview} {i1(m0)} 5
wv_drag_enter WV1
wv_drag_to WV1 42 243
wv_drop_on WV1
wv_expand_tree_item {Custom WaveView} {} {hierview} {D3:3a_7nm.sw0@4(3)} {+sep=/}
wv_select_tree_item {Custom WaveView} {} {hierview} {D3:3a_7nm.sw0@4(3)/toplevel(0)} {0} {+sep=/}
wv_select_list_item {Custom WaveView} {} {sigview} {i1(m0)} 5
wv_drag_list_item {Custom WaveView} {} {sigview} {i1(m0)} 5
wv_drag_enter WV1
wv_drag_to WV1 29 237
wv_drop_on WV1
wv_expand_tree_item {Custom WaveView} {} {hierview} {D3:3a_7nm.sw0@5(4)} {+sep=/}
wv_move_scrollbar {Custom WaveView} {} {hierview.VScrollBar} {1}
wv_select_tree_item {Custom WaveView} {} {hierview} {D3:3a_7nm.sw0@5(4)/toplevel(0)} {0} {+sep=/}
wv_select_list_item {Custom WaveView} {} {sigview} {i1(m0)} 5
wv_drag_list_item {Custom WaveView} {} {sigview} {i(v2)} 4
wv_drag_enter WV1
wv_drag_to WV1 68 252
wv_drop_on WV1
wv_expand_tree_item {Custom WaveView} {} {hierview} {D3:3a_7nm.sw0@6(5)} {+sep=/}
wv_select_tree_item {Custom WaveView} {} {hierview} {D3:3a_7nm.sw0@6(5)/toplevel(0)} {0} {+sep=/}
wv_select_list_item {Custom WaveView} {} {sigview} {i1(m0)} 5
wv_drag_list_item {Custom WaveView} {} {sigview} {i1(m0)} 5
wv_drag_enter WV1
wv_drag_to WV1 49 241
wv_drop_on WV1
wv_move_scrollbar {Custom WaveView} {} {hierview.VScrollBar} {2}
wv_expand_tree_item {Custom WaveView} {} {hierview} {D3:3a_7nm.sw0@7(6)} {+sep=/}
wv_move_scrollbar {Custom WaveView} {} {hierview.VScrollBar} {3}
wv_select_tree_item {Custom WaveView} {} {hierview} {D3:3a_7nm.sw0@7(6)/toplevel(0)} {0} {+sep=/}
wv_select_list_item {Custom WaveView} {} {sigview} {i1(m0)} 5
wv_drag_list_item {Custom WaveView} {} {sigview} {i1(m0)} 5
wv_drag_enter WV1
wv_drag_to WV1 56 254
wv_drop_on WV1
wv_expand_tree_item {Custom WaveView} {} {hierview} {D3:3a_7nm.sw0@8(7)} {+sep=/}
wv_move_scrollbar {Custom WaveView} {} {hierview.VScrollBar} {4}
wv_select_tree_item {Custom WaveView} {} {hierview} {D3:3a_7nm.sw0@8(7)/toplevel(0)} {0} {+sep=/}
wv_select_list_item {Custom WaveView} {} {sigview} {i1(m0)} 5
wv_drag_list_item {Custom WaveView} {} {sigview} {i1(m0)} 5
wv_drag_enter WV1
wv_drag_to WV1 62 251
wv_drop_on WV1
wv_select_waveview 1 {waveview 1}
wv_select_wv_item WV1.PANEL1:1.LINE1
wv_select_line WV1.PANEL1:1.LINE1
wv_select_waveview 1 {waveview 1}
wv_select_wv_item WV1.PANEL1:1.LINE1
wv_select_line WV1.PANEL1:1.LINE1
wv_select_waveview 1 {waveview 1}
wv_select_wv_item WV1.PANEL1:1.LEGEND
wv_select_panel WV1.PANEL1:1.LEGEND
wv_select_window {Custom WaveView} 
wv_move_window {Custom WaveView} {} 0 0
wv_move_window {Custom WaveView} {} 223 296
wv_select_window {Custom WaveView} 
wv_select_waveview 1 {waveview 1}
wv_select_toolbar_item {Custom WaveView} {waveview 1:1} {Drawing Tool} 
wv_select_tree_item {DrawToolParameters} {} {DrawingItem} {Remark Text} {0} {+sep=.}
wv_set_text {DrawToolParameters} {} {RemarkText} "vbs = 0.7V"
wv_select_combox_item {DrawToolParameters} {} {FontSize} "12" 3
wv_press_button {DrawToolParameters} {} {Ok} 
wv_select_waveview 1 {waveview 1}
wv_waveview_context_menu WV1.TEXT1
wv_select_waveview 1 {waveview 1}
wv_select_menu_item {Custom WaveView} {waveview 1:1} {LabelPopMenu.Copy Remark} 
wv_select_waveview 1 {waveview 1}
wv_select_wv_item WV1.TEXT1
wv_drag_item_to WV1 431 198
wv_move_wv_item WV1.TEXT1 431 138
wv_select_waveview 1 {waveview 1}
wv_waveview_context_menu WV1.TEXT2
wv_select_waveview 1 {waveview 1}
wv_select_menu_item {Custom WaveView} {waveview 1:1} {LabelPopMenu.Copy Remark} 
wv_select_waveview 1 {waveview 1}
wv_select_wv_item WV1.TEXT1
wv_drag_item_to WV1 439 210
wv_move_wv_item WV1.TEXT1 439 168
wv_select_waveview 1 {waveview 1}
wv_waveview_context_menu WV1.TEXT3
wv_select_waveview 1 {waveview 1}
wv_select_menu_item {Custom WaveView} {waveview 1:1} {LabelPopMenu.Configure Remark} 
wv_set_text {DrawToolParameters} {} {RemarkText} "vbs = 0.1V"
wv_press_button {DrawToolParameters} {} {Ok} 
wv_select_window {Custom WaveView} 
wv_select_waveview 1 {waveview 1}
wv_waveview_context_menu WV1.TEXT1
wv_select_waveview 1 {waveview 1}
wv_select_menu_item {Custom WaveView} {waveview 1:1} {LabelPopMenu.Configure Remark} 
wv_set_text {DrawToolParameters} {} {RemarkText} "step = 0.1V"
wv_press_button {DrawToolParameters} {} {Ok} 
wv_select_window {Custom WaveView} 
wv_select_waveview 1 {waveview 1}
wv_select_wv_item WV1.PANEL1:1.LINE1
wv_select_line WV1.PANEL1:1.LINE1
wv_select_waveview 1 {waveview 1}
wv_shift_select_line WV1.PANEL1:1.LINE8
wv_release_wv_item WV1 44 127
wv_press_tool_button {Custom WaveView} {} {DumpScreen0} 
wv_select_dialog {SaveScreenDump} 
wv_press_button {SaveScreenDump} {} {SaveToFileBrowse} 
wv_select_list_item {FileDialog} {} {FileList} {3a_7nm.png} 4
wv_dclick_list_item {FileDialog} {} {FileList} {3a_7nm.png} 4
wv_select_dialog {SaveScreenDump} 
wv_press_button {SaveScreenDump} {} {Save} 
wv_press_button {Confirmation} {} {Ok} 
wv_move_window {Custom WaveView} {} 0 0
wv_move_window {Custom WaveView} {} 223 296
wv_select_window {Custom WaveView} 
wv_tree_context_menu {Custom WaveView} {} {hierview} 180 189 {D3:3a_7nm.sw0@8(7)/toplevel(0)} {+sep=/}
wv_select_menu_item {Custom WaveView} {} {FileViewPopMenu.Close All} 
wv_press_button {Confirmation} {} {Ok} 
wv_press_tool_button {Custom WaveView} {} {OpenWaveformFile0} 
wv_select_dialog {FileDialog} 
wv_press_button {FileDialog} {} {Up} 
wv_press_button {FileDialog} {} {Up} 
wv_select_list_item {FileDialog} {} {FileList} {assignment2} 3
wv_dclick_list_item {FileDialog} {} {FileList} {assignment2} 3
wv_select_list_item {FileDialog} {} {FileList} {2a_7nm} 3
wv_dclick_list_item {FileDialog} {} {FileList} {2a_7nm} 3
wv_select_list_item {FileDialog} {} {FileList} {2a_7nm.sw0} 7
wv_dclick_list_item {FileDialog} {} {FileList} {2a_7nm.sw0} 7
wv_expand_tree_item {Custom WaveView} {} {hierview} {D4:2a_7nm.sw0(0)} {+sep=@}
wv_select_tree_item {Custom WaveView} {} {hierview} {D4:2a_7nm.sw0(0)@toplevel(0)} {0} {+sep=@}
wv_select_list_item {Custom WaveView} {} {sigview} {lx18(m0)} 5
wv_drag_list_item {Custom WaveView} {} {sigview} {lx18(m0)} 5
wv_drag_enter WV1
wv_drop_on WV1
wv_select_waveview 1 {waveview 1}
wv_select_panel WV1.PANEL1:1 0.287417 5.23738e-18
wv_select_panel WV1.PANEL1:1 0.287417 5.23738e-18 btnup
wv_press_tool_button {Custom WaveView} {} {DumpScreen0} 
wv_move_window {SaveScreenDump} {} 503 407
wv_select_dialog {SaveScreenDump} 
wv_press_button {SaveScreenDump} {} {SaveToFileBrowse} 
wv_select_list_item {FileDialog} {} {FileList} {2a_7nm.sw0} 7
wv_select_list_item {FileDialog} {} {FileList} {2a_7nm.png} 3
wv_press_button {FileDialog} {} {Ok} 
wv_press_button {SaveScreenDump} {} {Save} 
wv_press_button {Confirmation} {} {Ok} 
wv_close_window {Custom WaveView} 
wv_select_dialog {Confirmation} 
#wv_press_button {Confirmation} {} {Ok} 
#*WARNING* Can not remove '/home/centos/.cx_hostport/.cx_hostport_2024-szjcdl53_3466'.
