### Custom WaveView ADV log file, revision Q-2020.03-SP2-2 (build Oct 29, ) ###
### created at 21:05:02 on Sun Sep 29 2024 (Linux AMD64) ###
### Host Name: 2024-szjcdl53   User ID: centos   PID: 3652   ###
wv_start_log
# (0) running in waveview only mode
# (0) SW_SX_PERL_LIB defined
# (0) SW_SX_TCL_LIB defined
# (0) HOME defined
wv_move_window {Custom WaveView} {} 112 135
wv_select_window {Custom WaveView} 
wv_press_tool_button {Custom WaveView} {} {OpenWaveform0} 
wv_select_dialog {FileDialog} 
wv_move_scrollbar {FileDialog} {} {FileList.HScrollBar} {363}
wv_select_list_item {FileDialog} {} {FileList} {myInverterTestBench.backend.tr0} 22
wv_dclick_list_item {FileDialog} {} {FileList} {myInverterTestBench.backend.tr0} 22
wv_expand_tree_item {Custom WaveView} {} {hierview} {D0:myInverterTestBench.backend.tr0(0)} {+sep=@}
wv_select_tree_item {Custom WaveView} {} {hierview} {D0:myInverterTestBench.backend.tr0(0)@toplevel(0)} {0} {+sep=@}
wv_select_list_item {Custom WaveView} {} {sigview} {in} 3
wv_drag_list_item {Custom WaveView} {} {sigview} {in} 3
wv_drag_enter WV1
wv_drop_on WV1
wv_select_list_item {Custom WaveView} {} {sigview} {out} 4
wv_drag_list_item {Custom WaveView} {} {sigview} {out} 4
wv_drag_enter WV1
wv_drag_to WV1 28 430
wv_drop_on WV1
wv_select_waveview 1 {waveview 1}
wv_select_wv_item WV1.PANEL1:1.LEGEND
wv_select_panel WV1.PANEL1:1.LEGEND
wv_select_waveview 1 {waveview 1}
wv_select_panel WV1.PANEL1:1 2.6935e-12 0.270646
wv_select_window {Custom WaveView} 
wv_select_waveview 1 {waveview 1}
wv_select_panel WV1.PANEL1:1 3.29721e-12 0.780601
wv_select_waveview 1 {waveview 1}
wv_select_toolbar_item {Custom WaveView} {waveview 1:1} {Zoom Out} 
wv_select_waveview 1 {waveview 1}
wv_select_toolbar_item {Custom WaveView} {waveview 1:1} {Zoom Out} 
wv_select_waveview 1 {waveview 1}
wv_select_toolbar_item {Custom WaveView} {waveview 1:1} {Zoom Out} 
wv_select_waveview 1 {waveview 1}
wv_select_toolbar_item {Custom WaveView} {waveview 1:1} {Zoom In} 
wv_select_waveview 1 {waveview 1}
wv_select_toolbar_item {Custom WaveView} {waveview 1:1} {Zoom In} 
wv_select_waveview 1 {waveview 1}
wv_select_toolbar_item {Custom WaveView} {waveview 1:1} {Zoom In} 
wv_select_window {Custom WaveView} 
wv_move_window {Custom WaveView} {} 0 0
wv_move_window {Custom WaveView} {} 713 48
wv_select_window {Custom WaveView} 
wv_press_tool_button {Custom WaveView} {} {OpenWaveformFile0} 
wv_select_dialog {FileDialog} 
wv_move_scrollbar {FileDialog} {} {FileList.HScrollBar} {182}
wv_press_button {FileDialog} {} {Up} 
wv_press_button {FileDialog} {} {Up} 
wv_select_list_item {FileDialog} {} {FileList} {simulation} 4
wv_dclick_list_item {FileDialog} {} {FileList} {simulation} 4
wv_select_list_item {FileDialog} {} {FileList} {myInverterTestBench} 2
wv_dclick_list_item {FileDialog} {} {FileList} {myInverterTestBench} 2
wv_move_scrollbar {FileDialog} {} {FileList.HScrollBar} {33}
wv_select_list_item {FileDialog} {} {FileList} {myInverterTestBench.tr0} 12
wv_dclick_list_item {FileDialog} {} {FileList} {myInverterTestBench.tr0} 12
wv_expand_tree_item {Custom WaveView} {} {hierview} {D1:myInverterTestBench.tr0(1)} {+sep=@}
wv_select_tree_item {Custom WaveView} {} {hierview} {D1:myInverterTestBench.tr0(1)@toplevel(0)} {0} {+sep=@}
wv_select_list_item {Custom WaveView} {} {sigview} {in} 3
wv_drag_list_item {Custom WaveView} {} {sigview} {in} 3
wv_drag_enter WV1
wv_drag_to WV1 35 368
wv_drop_on WV1
wv_select_list_item {Custom WaveView} {} {sigview} {out} 4
wv_drag_list_item {Custom WaveView} {} {sigview} {out} 4
wv_drag_enter WV1
wv_drag_to WV1 68 384
wv_drop_on WV1
wv_select_window {Custom WaveView} 
wv_tree_context_menu {Custom WaveView} {} {hierview} 111 45 {D1:myInverterTestBench.tr0(1)} {+sep=@}
wv_select_menu_item {Custom WaveView} {} {FileViewPopMenu.Update WDF} 
wv_press_button {Confirmation} {} {Ok} 
wv_tree_context_menu {Custom WaveView} {} {hierview} 114 10 {D0:myInverterTestBench.backend.tr0(0)} {+sep=@}
wv_select_menu_item {Custom WaveView} {} {FileViewPopMenu.Close This File} 
wv_press_button {Confirmation} {} {Ok} 
wv_tree_context_menu {Custom WaveView} {} {hierview} 84 12 {D1:myInverterTestBench.tr0(0)} {+sep=@}
wv_select_menu_item {Custom WaveView} {} {FileViewPopMenu.Update WDF} 
wv_select_window {Custom WaveView} 
wv_tree_context_menu {Custom WaveView} {} {hierview} 96 13 {D1:myInverterTestBench.tr0(0)} {+sep=@}
wv_select_menu_item {Custom WaveView} {} {FileViewPopMenu.Update WDF} 
wv_press_button {Confirmation} {} {Ok} 
wv_select_waveview 1 {waveview 1}
wv_select_panel WV1.PANEL1:1 3.46749e-12 0.450127
wv_select_waveview 1 {waveview 1}
wv_select_toolbar_item {Custom WaveView} {waveview 1:1} {Zoom Out} 
wv_select_waveview 1 {waveview 1}
wv_select_toolbar_item {Custom WaveView} {waveview 1:1} {Zoom In} 
wv_wheel_down WV1.PANEL1:1.XAXIS1 4.7678e-12
wv_wheel_down WV1.PANEL1:1.XAXIS1 4.7678e-12
wv_wheel_down WV1.PANEL1:1.XAXIS1 4.7678e-12
wv_wheel_down WV1.PANEL1:1.XAXIS1 4.74657e-12
wv_wheel_down WV1.PANEL1:1.XAXIS1 4.43985e-12
wv_wheel_down WV1.PANEL1:1.XAXIS1 4.43985e-12
wv_wheel_down WV1.PANEL1:1.XAXIS1 4.38159e-12
wv_wheel_down WV1.PANEL1:1.XAXIS1 4.38159e-12
wv_wheel_down WV1.PANEL1:1.XAXIS1 4.38159e-12
wv_wheel_down WV1.PANEL1:1.XAXIS1 4.38159e-12
wv_wheel_down WV1.PANEL1:1.XAXIS1 4.38159e-12
wv_wheel_down WV1.PANEL1:1.XAXIS1 4.38159e-12
wv_wheel_down WV1.PANEL1:1.XAXIS1 4.38159e-12
wv_wheel_down WV1.PANEL1:1.XAXIS1 4.32069e-12
wv_wheel_down WV1.PANEL1:1.XAXIS1 4.32069e-12
wv_wheel_down WV1.PANEL1:1.XAXIS1 4.32069e-12
wv_wheel_down WV1.PANEL1:1.XAXIS1 4.32069e-12
wv_wheel_down WV1.PANEL1:1.XAXIS1 4.32069e-12
wv_wheel_down WV1.PANEL1:1.XAXIS1 4.32069e-12
wv_wheel_down WV1.PANEL1:1.XAXIS1 4.32069e-12
wv_wheel_down WV1.PANEL1:1.XAXIS1 4.32069e-12
wv_wheel_down WV1.PANEL1:1.XAXIS1 4.32069e-12
wv_wheel_down WV1.PANEL1:1.XAXIS1 4.32069e-12
wv_wheel_down WV1.PANEL1:1.XAXIS1 4.32069e-12
wv_wheel_down WV1.PANEL1:1.XAXIS1 4.32069e-12
wv_wheel_down WV1.PANEL1:1.XAXIS1 4.32069e-12
wv_wheel_down WV1.PANEL1:1.XAXIS1 4.32069e-12
wv_wheel_down WV1.PANEL1:1.XAXIS1 4.32069e-12
wv_wheel_down WV1.PANEL1:1.XAXIS1 4.32069e-12
wv_wheel_down WV1.PANEL1:1.XAXIS1 4.32069e-12
wv_wheel_down WV1.PANEL1:1.XAXIS1 4.32069e-12
wv_wheel_down WV1.PANEL1:1.XAXIS1 4.32069e-12
wv_wheel_down WV1.PANEL1:1.XAXIS1 4.32069e-12
wv_wheel_down WV1.PANEL1:1.XAXIS1 4.32069e-12
wv_wheel_down WV1.PANEL1:1.XAXIS1 4.32069e-12
wv_wheel_up WV1.PANEL1:1.XAXIS1 4.32069e-12
wv_wheel_up WV1.PANEL1:1.XAXIS1 4.32069e-12
wv_wheel_up WV1.PANEL1:1.XAXIS1 4.32069e-12
wv_wheel_up WV1.PANEL1:1.XAXIS1 4.32069e-12
wv_wheel_up WV1.PANEL1:1.XAXIS1 4.32069e-12
wv_select_waveview 1 {waveview 1}
wv_select_panel WV1.PANEL1:1 3.64554e-11 0.384603
wv_drag_item_to WV1 505 322
wv_zoom WV1.PANEL1:1 3.64554e-11 0.384603 -2.5623e-11 0.378905
wv_wheel_down WV1.PANEL1:1.XAXIS1 6.11948e-12
wv_wheel_down WV1.PANEL1:1.XAXIS1 6.11948e-12
wv_wheel_down WV1.PANEL1:1.XAXIS1 6.11948e-12
wv_wheel_down WV1.PANEL1:1.XAXIS1 6.11948e-12
wv_wheel_down WV1.PANEL1:1.XAXIS1 6.11948e-12
wv_wheel_down WV1.PANEL1:1.XAXIS1 6.11948e-12
wv_wheel_down WV1.PANEL1:1.XAXIS1 6.11948e-12
wv_wheel_down WV1.PANEL1:1.XAXIS1 6.11948e-12
wv_wheel_down WV1.PANEL1:1.XAXIS1 6.11948e-12
wv_wheel_down WV1.PANEL1:1.XAXIS1 6.11948e-12
wv_wheel_down WV1.PANEL1:1.XAXIS1 6.11948e-12
wv_wheel_down WV1.PANEL1:1.XAXIS1 6.11948e-12
wv_wheel_down WV1.PANEL1:1.XAXIS1 6.11948e-12
wv_wheel_down WV1.PANEL1:1.XAXIS1 6.11948e-12
wv_wheel_down WV1.PANEL1:1.XAXIS1 5.70072e-12
wv_wheel_down WV1.PANEL1:1.XAXIS1 5.70072e-12
wv_wheel_down WV1.PANEL1:1.XAXIS1 5.70072e-12
wv_wheel_down WV1.PANEL1:1.XAXIS1 5.70072e-12
wv_wheel_down WV1.PANEL1:1.XAXIS1 5.70072e-12
wv_press_tool_button {Custom WaveView} {} {OpenWaveformFile0} 
wv_select_dialog {FileDialog} 
wv_move_scrollbar {FileDialog} {} {FileList.HScrollBar} {33}
wv_press_button {FileDialog} {} {Up} 
wv_press_button {FileDialog} {} {Up} 
wv_select_list_item {FileDialog} {} {FileList} {myInverter} 2
wv_dclick_list_item {FileDialog} {} {FileList} {myInverter} 2
wv_select_list_item {FileDialog} {} {FileList} {backend} 2
wv_dclick_list_item {FileDialog} {} {FileList} {backend} 2
wv_move_scrollbar {FileDialog} {} {FileList.HScrollBar} {363}
wv_select_list_item {FileDialog} {} {FileList} {myInverterTestBench.backend.tr0} 22
wv_press_button {FileDialog} {} {Ok} 
wv_expand_tree_item {Custom WaveView} {} {hierview} {D0:myInverterTestBench.backend.tr0(1)} {+sep=@}
wv_expand_tree_item {Custom WaveView} {} {hierview} {D0:myInverterTestBench.backend.tr0(1)@toplevel(0)} {+sep=@}
wv_select_tree_item {Custom WaveView} {} {hierview} {D0:myInverterTestBench.backend.tr0(1)@toplevel(0)@xi0(0)} {0} {+sep=@}
wv_move_scrollbar {Custom WaveView} {} {sigview.HScrolBar} {1}
wv_move_scrollbar {Custom WaveView} {} {sigview.HScrolBar} {4}
wv_move_scrollbar {Custom WaveView} {} {sigview.HScrolBar} {8}
wv_move_scrollbar {Custom WaveView} {} {sigview.HScrolBar} {11}
wv_move_scrollbar {Custom WaveView} {} {sigview.HScrolBar} {14}
wv_move_scrollbar {Custom WaveView} {} {sigview.HScrolBar} {15}
wv_move_scrollbar {Custom WaveView} {} {sigview.HScrolBar} {18}
wv_move_scrollbar {Custom WaveView} {} {sigview.HScrolBar} {20}
wv_move_scrollbar {Custom WaveView} {} {sigview.HScrolBar} {21}
wv_move_scrollbar {Custom WaveView} {} {sigview.HScrolBar} {24}
wv_move_scrollbar {Custom WaveView} {} {sigview.HScrolBar} {25}
wv_move_scrollbar {Custom WaveView} {} {sigview.HScrolBar} {27}
wv_move_scrollbar {Custom WaveView} {} {sigview.HScrolBar} {30}
wv_move_scrollbar {Custom WaveView} {} {sigview.HScrolBar} {31}
wv_move_scrollbar {Custom WaveView} {} {sigview.HScrolBar} {32}
wv_move_scrollbar {Custom WaveView} {} {sigview.HScrolBar} {34}
wv_move_scrollbar {Custom WaveView} {} {sigview.HScrolBar} {35}
wv_move_scrollbar {Custom WaveView} {} {sigview.HScrolBar} {37}
wv_move_scrollbar {Custom WaveView} {} {sigview.HScrolBar} {38}
wv_move_scrollbar {Custom WaveView} {} {sigview.HScrolBar} {39}
wv_move_scrollbar {Custom WaveView} {} {sigview.HScrolBar} {41}
wv_move_scrollbar {Custom WaveView} {} {sigview.HScrolBar} {42}
wv_move_scrollbar {Custom WaveView} {} {sigview.HScrolBar} {45}
wv_move_scrollbar {Custom WaveView} {} {sigview.HScrolBar} {49}
wv_move_scrollbar {Custom WaveView} {} {sigview.HScrolBar} {52}
wv_move_scrollbar {Custom WaveView} {} {sigview.HScrolBar} {42}
wv_move_scrollbar {Custom WaveView} {} {sigview.HScrolBar} {34}
wv_move_scrollbar {Custom WaveView} {} {sigview.HScrolBar} {18}
wv_move_scrollbar {Custom WaveView} {} {sigview.HScrolBar} {11}
wv_move_scrollbar {Custom WaveView} {} {sigview.HScrolBar} {6}
wv_move_scrollbar {Custom WaveView} {} {sigview.HScrolBar} {0}
wv_select_tree_item {Custom WaveView} {} {hierview} {D0:myInverterTestBench.backend.tr0(1)@toplevel(0)} {0} {+sep=@}
wv_select_list_item {Custom WaveView} {} {sigview} {in} 3
wv_drag_list_item {Custom WaveView} {} {sigview} {in} 3
wv_drag_enter WV1
wv_drag_to WV1 43 393
wv_drag_leave WV1
wv_drag_enter WV1
wv_drag_to WV1 62 386
wv_drop_on WV1
wv_select_list_item {Custom WaveView} {} {sigview} {out} 4
wv_drag_list_item {Custom WaveView} {} {sigview} {out} 4
wv_drag_enter WV1
wv_drag_to WV1 65 413
wv_drop_on WV1
wv_tree_context_menu {Custom WaveView} {} {hierview} 94 4 {D1:myInverterTestBench.tr0(0)} {+sep=@}
wv_select_menu_item {Custom WaveView} {} {FileViewPopMenu.Close Selected Files} 
wv_press_button {SelectFilesForCloseOrMeasure} {} {Ok} 
wv_select_window {Custom WaveView} 
wv_tree_context_menu {Custom WaveView} {} {hierview} 115 11 {D0:myInverterTestBench.backend.tr0(0)} {+sep=@}
wv_select_menu_item {Custom WaveView} {} {FileViewPopMenu.Update WDF} 
wv_press_button {Confirmation} {} {Ok} 
wv_select_waveview 1 {waveview 1}
wv_select_waveview 1 {waveview 1}
wv_select_wv_item WV1.HSLIDER 205 624
wv_drag_item_to WV1 206 624
wv_drag_item_to WV1 420 624
wv_horz_scroll WV1 53
wv_close_window {Custom WaveView} 
wv_select_dialog {Confirmation} 
#wv_press_button {Confirmation} {} {Ok} 
#*WARNING* Can not remove '/home/centos/.cx_hostport/.cx_hostport_2024-szjcdl53_3652'.
