### Custom WaveView ADV log file, revision Q-2020.03-SP2-2 (build Oct 29, ) ###
### created at 22:13:07 on Tue Nov 26 2024 (Linux AMD64) ###
### Host Name: 2024-szjcdl53   User ID: centos   PID: 2353   ###
wv_start_log
# (0) running in waveview only mode
# (0) SW_SX_PERL_LIB defined
# (0) SW_SX_TCL_LIB defined
# (0) HOME defined
wv_move_window {Custom WaveView} {} 138 161
wv_select_window {Custom WaveView} 
wv_move_window {Custom WaveView} {} 577 31
wv_press_tool_button {Custom WaveView} {} {OpenWaveform0} 
wv_move_window {FileDialog} {} 994 72
wv_select_dialog {FileDialog} 
wv_select_list_item {FileDialog} {} {FileList} {test_case.tr0} 10
wv_dclick_list_item {FileDialog} {} {FileList} {test_case.tr0} 10
wv_expand_tree_item {Custom WaveView} {} {hierview} {D0:test_case.tr0(0)} {+sep=@}
wv_select_tree_item {Custom WaveView} {} {hierview} {D0:test_case.tr0(0)@toplevel(0)} {0} {+sep=@}
wv_select_list_item {Custom WaveView} {} {sigview} {v(a)} 4
wv_drag_list_item {Custom WaveView} {} {sigview} {v(a)} 4
wv_drag_enter WV1
wv_drop_on WV1
wv_select_list_item {Custom WaveView} {} {sigview} {v(b)} 5
wv_drag_list_item {Custom WaveView} {} {sigview} {v(b)} 5
wv_drag_enter WV1
wv_drag_to WV1 10 422
wv_drag_to WV1 89 450
wv_drop_on WV1
wv_select_list_item {Custom WaveView} {} {sigview} {v(z)} 8
wv_drag_list_item {Custom WaveView} {} {sigview} {v(z)} 8
wv_drag_enter WV1
wv_drag_to WV1 14 453
wv_drop_on WV1
wv_select_window {Custom WaveView} 
wv_close_window {Custom WaveView} 
wv_select_dialog {Confirmation} 
#wv_press_button {Confirmation} {} {Ok} 
#*WARNING* Can not remove '/home/centos/.cx_hostport/.cx_hostport_2024-szjcdl53_2353'.
