### Custom WaveView ADV log file, revision Q-2020.03-SP2-2 (build Oct 29, ) ###
### created at 13:58:38 on Wed Dec  4 2024 (Linux AMD64) ###
### Host Name: 2024-szjcdl53   User ID: centos   PID: 18094   ###
wv_start_log
# (0) running in waveview only mode
# (0) SW_SX_PERL_LIB defined
# (0) SW_SX_TCL_LIB defined
# (0) HOME defined
wv_move_window {Custom WaveView} {} 34 57
wv_select_window {Custom WaveView} 
wv_resize_window {Custom WaveView} 1284 701
wv_move_window {Custom WaveView} {} 8 31
wv_press_tool_button {Custom WaveView} {} {RecentFile0} 
wv_release_wv_item WV1 25 2
wv_expand_tree_item {Custom WaveView} {} {hierview} {D0:sim.tr0(0)} {+sep=@}
wv_select_tree_item {Custom WaveView} {} {hierview} {D0:sim.tr0(0)@toplevel(0)} {0} {+sep=@}
wv_select_window {Custom WaveView} 
wv_select_list_item {Custom WaveView} {} {sigview} {v(a<0>)} 2
wv_drag_list_item {Custom WaveView} {} {sigview} {v(a<0>)} 2
wv_drag_enter WV1
wv_drop_on WV1
wv_select_list_item {Custom WaveView} {} {sigview} {v(a<1>)} 3
wv_drag_list_item {Custom WaveView} {} {sigview} {v(a<1>)} 3
wv_drag_enter WV1
wv_drag_to WV1 14 426
wv_drag_to WV1 86 469
wv_drop_on WV1
wv_select_list_item {Custom WaveView} {} {sigview} {v(a<2>)} 4
wv_drag_list_item {Custom WaveView} {} {sigview} {v(a<2>)} 4
wv_drag_enter WV1
wv_drag_to WV1 14 436
wv_drag_to WV1 60 468
wv_drop_on WV1
wv_select_list_item {Custom WaveView} {} {sigview} {v(a<3>)} 5
wv_drag_list_item {Custom WaveView} {} {sigview} {v(a<3>)} 5
wv_drag_enter WV1
wv_drag_to WV1 14 426
wv_drag_to WV1 76 467
wv_drop_on WV1
wv_select_list_item {Custom WaveView} {} {sigview} {v(b<0>)} 6
wv_drag_list_item {Custom WaveView} {} {sigview} {v(b<0>)} 6
wv_drag_enter WV1
wv_drag_to WV1 25 446
wv_drag_to WV1 63 469
wv_drop_on WV1
wv_select_list_item {Custom WaveView} {} {sigview} {v(b<1>)} 7
wv_drag_list_item {Custom WaveView} {} {sigview} {v(b<1>)} 7
wv_drag_enter WV1
wv_drag_to WV1 8 445
wv_drag_to WV1 40 466
wv_drop_on WV1
wv_select_list_item {Custom WaveView} {} {sigview} {v(b<2>)} 8
wv_drag_list_item {Custom WaveView} {} {sigview} {v(b<2>)} 8
wv_drag_enter WV1
wv_drag_to WV1 5 460
wv_drag_to WV1 19 466
wv_drop_on WV1
wv_select_list_item {Custom WaveView} {} {sigview} {v(s<0>)} 9
wv_drag_list_item {Custom WaveView} {} {sigview} {v(s<0>)} 9
wv_drag_enter WV1
wv_drag_to WV1 6 477
wv_drop_on WV1
wv_select_list_item {Custom WaveView} {} {sigview} {v(s<1>)} 10
wv_select_list_item {Custom WaveView} {} {sigview} {v(s<1>)} 10
wv_drag_list_item {Custom WaveView} {} {sigview} {v(s<1>)} 10
wv_drag_enter WV1
wv_drag_to WV1 15 473
wv_drop_on WV1
wv_select_list_item {Custom WaveView} {} {sigview} {v(s<2>)} 11
wv_drag_list_item {Custom WaveView} {} {sigview} {v(s<2>)} 11
wv_drag_enter WV1
wv_drag_to WV1 8 465
wv_drag_to WV1 70 467
wv_drop_on WV1
wv_select_list_item {Custom WaveView} {} {sigview} {v(s<3>)} 12
wv_drag_list_item {Custom WaveView} {} {sigview} {v(s<3>)} 12
wv_drag_enter WV1
wv_drag_to WV1 3 313
wv_drag_to WV1 16 331
wv_drag_to WV1 24 342
wv_drag_to WV1 48 381
wv_drag_to WV1 51 387
wv_drag_to WV1 66 423
wv_drag_to WV1 70 431
wv_drag_to WV1 73 466
wv_drop_on WV1
wv_select_list_item {Custom WaveView} {} {sigview} {v(s<4>)} 13
wv_drag_list_item {Custom WaveView} {} {sigview} {v(s<4>)} 13
wv_drag_enter WV1
wv_drag_to WV1 10 395
wv_drag_to WV1 41 428
wv_drag_to WV1 44 435
wv_drag_to WV1 55 467
wv_drop_on WV1
wv_select_list_item {Custom WaveView} {} {sigview} {v(s<5>)} 14
wv_drag_list_item {Custom WaveView} {} {sigview} {v(s<5>)} 14
wv_drag_enter WV1
wv_drag_to WV1 10 367
wv_drag_to WV1 32 386
wv_drag_to WV1 39 398
wv_drag_to WV1 55 425
wv_drag_to WV1 59 432
wv_drag_to WV1 68 463
wv_drop_on WV1
wv_select_menu_item {Custom WaveView} {} {AxisCursor.Add Cursor} 
wv_select_waveview 1 {waveview 1}
wv_select_wv_item WV1.PANEL8:1.CURSOR1
wv_drag_item_to WV1 605 263
wv_move_wv_item WV1.PANEL8:1.CURSOR1 484 400
wv_resize_browser {Custom WaveView} {} {WV.Browser} 250 514
wv_resize_browser {Custom WaveView} {} {waveview 1:1} 1020 488
wv_resize_window {Custom WaveView} 1280 657
wv_move_window {Custom WaveView} {} 0 23
wv_select_waveview 1 {waveview 1}
wv_select_wv_item WV1.PANEL12:1.CURSOR1
wv_drag_item_to WV1 482 377
wv_move_wv_item WV1.PANEL12:1.CURSOR1 550 419
wv_select_waveview 1 {waveview 1}
wv_select_wv_item WV1.PANEL1:1.LINE1
wv_select_line WV1.PANEL1:1.LINE1
wv_select_waveview 1 {waveview 1}
wv_shift_select_line WV1.PANEL13:1.LINE1
wv_release_wv_item WV1 68 405
wv_press_tool_button {Custom WaveView} {} {DumpScreen0} 
wv_select_dialog {SaveScreenDump} 
wv_press_button {SaveScreenDump} {} {SaveToFileBrowse} 
wv_select_list_item {FileDialog} {} {FileList} {sim.png} 8
wv_press_button {FileDialog} {} {Ok} 
wv_press_button {SaveScreenDump} {} {Save} 
wv_press_button {Confirmation} {} {Ok} 
wv_move_window {Custom WaveView} {} 0 0
wv_move_window {Custom WaveView} {} 0 23
wv_select_window {Custom WaveView} 
wv_press_tool_button {Custom WaveView} {waveview 1:1} {Waveview.CloseBtn} 
wv_select_dialog {Confirmation} 
wv_press_button {Confirmation} {} {Ok} 
wv_press_tool_button {Custom WaveView} {} {OpenWaveformFile0} 
wv_select_dialog {FileDialog} 
wv_press_button {FileDialog} {} {Up} 
wv_press_button {FileDialog} {} {Up} 
wv_select_list_item {FileDialog} {} {FileList} {PPA_4_3_post} 2
wv_dclick_list_item {FileDialog} {} {FileList} {PPA_4_3_post} 2
wv_select_list_item {FileDialog} {} {FileList} {PP_adder_sim} 2
wv_dclick_list_item {FileDialog} {} {FileList} {PP_adder_sim} 2
wv_select_list_item {FileDialog} {} {FileList} {sim.tr0} 11
wv_dclick_list_item {FileDialog} {} {FileList} {sim.tr0} 11
wv_expand_tree_item {Custom WaveView} {} {hierview} {D1:sim.tr0(1)} {+sep=@}
wv_select_tree_item {Custom WaveView} {} {hierview} {D1:sim.tr0(1)@toplevel(0)} {0} {+sep=@}
wv_select_list_item {Custom WaveView} {} {sigview} {v(a<0>)} 2
wv_select_list_item {Custom WaveView} {} {sigview} {v(s<5>)} 14 +shift
wv_drag_list_item {Custom WaveView} {} {sigview} {v(s<5>)} 14
wv_drag_enter WV1
wv_drop_on WV1
wv_select_waveview 1 {waveview 1}
wv_waveview_context_menu WV1.PANEL1:1 5.83808e-09 0.393858
wv_select_waveview 1 {waveview 1}
wv_select_menu_item {Custom WaveView} {waveview 1:1} {PanelPopMenu.Insert Empty Panel Set} 
wv_select_waveview 1 {waveview 1}
wv_select_wv_item WV1.PANEL1:1.LEGEND
wv_select_panel WV1.PANEL1:1.LEGEND
wv_press_key Delete 292 198
wv_select_dialog {Confirmation} 
wv_press_button {Confirmation} {} {Ok} 
wv_select_waveview 1 {waveview 1}
wv_waveview_context_menu WV1.PANEL1:1.LEGEND
wv_select_waveview 1 {waveview 1}
wv_select_menu_item {Custom WaveView} {waveview 1:1} {PanelPopMenu.Ungroup} 
wv_select_menu_item {Custom WaveView} {} {AxisCursor.Add Cursor} 
wv_select_waveview 1 {waveview 1}
wv_select_wv_item WV1.PANEL8:1.CURSOR1
wv_drag_item_to WV1 592 258
wv_move_wv_item WV1.PANEL8:1.CURSOR1 577 265
wv_select_waveview 1 {waveview 1}
wv_select_wv_item WV1.PANEL8:1.CURSORX1
wv_drag_item_to WV1 574 267
wv_move_wv_item WV1.PANEL8:1.CURSOR1 479 287
wv_select_waveview 1 {waveview 1}
wv_select_wv_item WV1.PANEL9:1.CURSORX1
wv_drag_item_to WV1 574 299
wv_move_wv_item WV1.PANEL9:1.CURSOR1 532 309
wv_select_waveview 1 {waveview 1}
wv_select_panel WV1.PANEL13:1 5.82107e-08 0.242096
wv_move_wv_item WV1.PANEL13:1.CURSOR1 564 411
wv_select_waveview 1 {waveview 1}
wv_select_panel WV1.PANEL13:1 5.39281e-08 0.0867384
wv_move_wv_item WV1.PANEL13:1.CURSOR1 537 416
wv_select_waveview 1 {waveview 1}
wv_select_panel WV1.PANEL13:1 4.77423e-08 0.055667
wv_move_wv_item WV1.PANEL13:1.CURSOR1 498 417
wv_select_waveview 1 {waveview 1}
wv_select_panel WV1.PANEL13:1 4.86939e-08 0.428525
wv_move_wv_item WV1.PANEL13:1.CURSOR1 504 405
wv_select_waveview 1 {waveview 1}
wv_select_panel WV1.PANEL13:1 5.028e-08 0.55281
wv_move_wv_item WV1.PANEL13:1.CURSOR1 514 401
wv_select_waveview 1 {waveview 1}
wv_select_panel WV1.PANEL13:1 5.20248e-08 0.0245955
wv_move_wv_item WV1.PANEL13:1.CURSOR1 525 418
wv_select_waveview 1 {waveview 1}
wv_select_wv_item WV1.PANEL9:1.CURSOR1
wv_move_wv_item WV1.PANEL9:1.CURSOR1 522 290
wv_select_waveview 1 {waveview 1}
wv_select_wv_item WV1.PANEL9:1.CURSOR1
wv_move_wv_item WV1.PANEL9:1.CURSOR1 519 277
wv_select_waveview 1 {waveview 1}
wv_select_wv_item WV1.PANEL1:1.LINE1
wv_select_line WV1.PANEL1:1.LINE1
wv_select_waveview 1 {waveview 1}
wv_shift_select_panel WV1.PANEL13:1.LEGEND
wv_release_wv_item WV1 26 398
wv_select_waveview 1 {waveview 1}
wv_shift_select_line WV1.PANEL13:1.LINE1
wv_release_wv_item WV1 26 401
wv_press_tool_button {Custom WaveView} {} {DumpScreen0} 
wv_move_window {SaveScreenDump} {} 417 169
wv_select_dialog {SaveScreenDump} 
wv_press_button {SaveScreenDump} {} {SaveToFileBrowse} 
wv_set_text {FileDialog} {} {FileName} "sim.png"
wv_press_button {FileDialog} {} {Ok} 
wv_press_button {SaveScreenDump} {} {Save} 
wv_press_button {Confirmation} {} {Ok} 
wv_move_window {Custom WaveView} {} 0 0
wv_move_window {Custom WaveView} {} 0 23
wv_select_window {Custom WaveView} 
wv_press_tool_button {Custom WaveView} {} {DumpScreen0} 
wv_select_dialog {SaveScreenDump} 
wv_press_button {SaveScreenDump} {} {Cancel} 
wv_select_waveview 1 {waveview 1}
wv_select_wv_item WV1.PANEL4:1.LEGEND
wv_select_panel WV1.PANEL4:1.LEGEND
wv_move_window {Custom WaveView} {} 0 0
wv_move_window {Custom WaveView} {} 0 23
wv_select_window {Custom WaveView} 
wv_select_waveview 1 {waveview 1}
wv_select_wv_item WV1.PANEL1:1.LINE1
wv_select_line WV1.PANEL1:1.LINE1
wv_select_waveview 1 {waveview 1}
wv_shift_select_line WV1.PANEL13:1.LINE1
wv_release_wv_item WV1 45 402
wv_move_window {Custom WaveView} {} 0 0
wv_move_window {Custom WaveView} {} 0 23
wv_select_window {Custom WaveView} 
wv_move_window {Custom WaveView} {} 0 0
wv_move_window {Custom WaveView} {} 0 23
wv_select_window {Custom WaveView} 
wv_move_window {Custom WaveView} {} 0 0
wv_close_window {Custom WaveView} 
wv_move_window {Confirmation} {} 539 242
wv_select_dialog {Confirmation} 
wv_move_window {Custom WaveView} {} 0 23
#wv_press_button {Confirmation} {} {Ok} 
#*WARNING* Can not remove '/home/centos/.cx_hostport/.cx_hostport_2024-szjcdl53_18094'.
