### Custom WaveView ADV log file, revision Q-2020.03-SP2-2 (build Oct 29, ) ###
### created at 23:55:21 on Mon Oct 28 2024 (Linux AMD64) ###
### Host Name: 2024-szjcdl53   User ID: centos   PID: 10965   ###
wv_start_log
# (0) running in waveview only mode
# (0) SW_SX_PERL_LIB defined
# (0) SW_SX_TCL_LIB defined
# (0) HOME defined
wv_move_window {Custom WaveView} {} 34 57
wv_select_window {Custom WaveView} 
wv_press_tool_button {Custom WaveView} {} {OpenWaveform0} 
wv_select_dialog {FileDialog} 
wv_select_list_item {FileDialog} {} {FileList} {1a_45nm.sw0} 7
wv_dclick_list_item {FileDialog} {} {FileList} {1a_45nm.sw0} 7
wv_expand_tree_item {Custom WaveView} {} {hierview} {D0:1a_45nm.sw0(0)} {+sep=@}
wv_drag_tree_item {Custom WaveView} {} {hierview} {D0:1a_45nm.sw0(0)} {+sep=@}
wv_select_tree_item {Custom WaveView} {} {hierview} {D0:1a_45nm.sw0(0)} {0} {+sep=@}
wv_select_tree_item {Custom WaveView} {} {hierview} {D0:1a_45nm.sw0(0)@toplevel(0)} {0} {+sep=@}
wv_select_list_item {Custom WaveView} {} {sigview} {out} 4
wv_drag_list_item {Custom WaveView} {} {sigview} {out} 4
wv_drag_enter WV1
wv_drop_on WV1
wv_select_window {Custom WaveView} 
wv_select_waveview 1 {waveview 1}
wv_select_wv_item WV1.PANEL1:1.LINE1
wv_select_line WV1.PANEL1:1.LINE1
wv_press_tool_button {Custom WaveView} {} {DumpScreen0} 
wv_move_window {SaveScreenDump} {} 473 274
wv_select_dialog {SaveScreenDump} 
wv_set_text {SaveScreenDump} {} {SaveToFile} "1a_45nm"
wv_press_button {SaveScreenDump} {} {Save} 
wv_select_tree_item {Custom WaveView} {} {hierview} {D0:1a_45nm.sw0(0)} {0} {+sep=@}
wv_tree_context_menu {Custom WaveView} {} {hierview} 80 11 {D0:1a_45nm.sw0(0)} {+sep=@}
wv_select_menu_item {Custom WaveView} {} {FileViewPopMenu.Close This File} 
wv_press_button {Confirmation} {} {Ok} 
wv_press_tool_button {Custom WaveView} {} {OpenWaveformFile0} 
wv_select_dialog {FileDialog} 
wv_press_button {FileDialog} {} {Up} 
wv_select_list_item {FileDialog} {} {FileList} {1b_45nm} 3
wv_dclick_list_item {FileDialog} {} {FileList} {1b_45nm} 3
wv_select_list_item {FileDialog} {} {FileList} {1b_45nm.sw0@1} 7
wv_move_scrollbar {FileDialog} {} {FileList.HScrollBar} {76}
wv_select_list_item {FileDialog} {} {FileList} {1b_45nm.sw0@11} 17 +shift
wv_press_button {FileDialog} {} {Ok} 
wv_expand_tree_item {Custom WaveView} {} {hierview} {D1:1b_45nm.sw0@1(0)} {+sep=/}
wv_select_window {Custom WaveView} 
wv_select_tree_item {Custom WaveView} {} {hierview} {D1:1b_45nm.sw0@1(0)/toplevel(0)} {0} {+sep=/}
wv_select_list_item {Custom WaveView} {} {sigview} {out} 4
wv_drag_list_item {Custom WaveView} {} {sigview} {out} 4
wv_drag_enter WV1
wv_drop_on WV1
wv_expand_tree_item {Custom WaveView} {} {hierview} {D1:1b_45nm.sw0@2(1)} {+sep=/}
wv_select_tree_item {Custom WaveView} {} {hierview} {D1:1b_45nm.sw0@2(1)/toplevel(0)} {0} {+sep=/}
wv_select_list_item {Custom WaveView} {} {sigview} {out} 4
wv_drag_list_item {Custom WaveView} {} {sigview} {out} 4
wv_drag_enter WV1
wv_drag_to WV1 41 219
wv_drop_on WV1
wv_expand_tree_item {Custom WaveView} {} {hierview} {D1:1b_45nm.sw0@3(2)} {+sep=/}
wv_select_tree_item {Custom WaveView} {} {hierview} {D1:1b_45nm.sw0@3(2)/toplevel(0)} {0} {+sep=/}
wv_select_list_item {Custom WaveView} {} {sigview} {out} 4
wv_drag_list_item {Custom WaveView} {} {sigview} {out} 4
wv_drag_enter WV1
wv_drag_to WV1 29 222
wv_drop_on WV1
wv_expand_tree_item {Custom WaveView} {} {hierview} {D1:1b_45nm.sw0@4(3)} {+sep=/}
wv_select_tree_item {Custom WaveView} {} {hierview} {D1:1b_45nm.sw0@4(3)/toplevel(0)} {0} {+sep=/}
wv_select_list_item {Custom WaveView} {} {sigview} {out} 4
wv_drag_list_item {Custom WaveView} {} {sigview} {out} 4
wv_drag_enter WV1
wv_drag_to WV1 31 231
wv_drop_on WV1
wv_expand_tree_item {Custom WaveView} {} {hierview} {D1:1b_45nm.sw0@5(4)} {+sep=/}
wv_select_tree_item {Custom WaveView} {} {hierview} {D1:1b_45nm.sw0@5(4)/toplevel(0)} {0} {+sep=/}
wv_select_list_item {Custom WaveView} {} {sigview} {out} 4
wv_drag_list_item {Custom WaveView} {} {sigview} {out} 4
wv_drag_enter WV1
wv_drag_to WV1 40 226
wv_drop_on WV1
wv_move_scrollbar {Custom WaveView} {} {hierview.VScrollBar} {3}
wv_move_scrollbar {Custom WaveView} {} {hierview.VScrollBar} {4}
wv_expand_tree_item {Custom WaveView} {} {hierview} {D1:1b_45nm.sw0@6(5)} {+sep=/}
wv_select_tree_item {Custom WaveView} {} {hierview} {D1:1b_45nm.sw0@6(5)/toplevel(0)} {0} {+sep=/}
wv_select_list_item {Custom WaveView} {} {sigview} {out} 4
wv_drag_list_item {Custom WaveView} {} {sigview} {out} 4
wv_drag_enter WV1
wv_drag_to WV1 105 219
wv_drop_on WV1
wv_expand_tree_item {Custom WaveView} {} {hierview} {D1:1b_45nm.sw0@7(6)} {+sep=/}
wv_move_scrollbar {Custom WaveView} {} {hierview.VScrollBar} {6}
wv_select_tree_item {Custom WaveView} {} {hierview} {D1:1b_45nm.sw0@7(6)/toplevel(0)} {0} {+sep=/}
wv_select_list_item {Custom WaveView} {} {sigview} {out} 4
wv_drag_list_item {Custom WaveView} {} {sigview} {out} 4
wv_drag_enter WV1
wv_drag_to WV1 34 250
wv_drop_on WV1
wv_expand_tree_item {Custom WaveView} {} {hierview} {D1:1b_45nm.sw0@8(7)} {+sep=/}
wv_select_tree_item {Custom WaveView} {} {hierview} {D1:1b_45nm.sw0@8(7)/toplevel(0)} {0} {+sep=/}
wv_select_list_item {Custom WaveView} {} {sigview} {out} 4
wv_drag_list_item {Custom WaveView} {} {sigview} {out} 4
wv_drag_enter WV1
wv_drag_to WV1 32 236
wv_drop_on WV1
wv_select_combox_item {Custom WaveView} {} {SignalType} "Voltage" 1
wv_move_scrollbar {Custom WaveView} {} {hierview.VScrollBar} {7}
wv_expand_tree_item {Custom WaveView} {} {hierview} {D1:1b_45nm.sw0@9(8)} {+sep=/}
wv_select_tree_item {Custom WaveView} {} {hierview} {D1:1b_45nm.sw0@9(8)/toplevel(0)} {0} {+sep=/}
wv_select_list_item {Custom WaveView} {} {sigview} {out} 4
wv_drag_list_item {Custom WaveView} {} {sigview} {out} 4
wv_drag_enter WV1
wv_drag_to WV1 36 242
wv_drop_on WV1
wv_move_scrollbar {Custom WaveView} {} {hierview.VScrollBar} {8}
wv_expand_tree_item {Custom WaveView} {} {hierview} {D1:1b_45nm.sw0@10(9)} {+sep=/}
wv_move_scrollbar {Custom WaveView} {} {hierview.VScrollBar} {9}
wv_select_tree_item {Custom WaveView} {} {hierview} {D1:1b_45nm.sw0@10(9)/toplevel(0)} {0} {+sep=/}
wv_select_list_item {Custom WaveView} {} {sigview} {out} 4
wv_drag_list_item {Custom WaveView} {} {sigview} {out} 4
wv_drag_enter WV1
wv_drag_to WV1 41 235
wv_drop_on WV1
wv_expand_tree_item {Custom WaveView} {} {hierview} {D1:1b_45nm.sw0@11(10)} {+sep=/}
wv_move_scrollbar {Custom WaveView} {} {hierview.VScrollBar} {10}
wv_select_tree_item {Custom WaveView} {} {hierview} {D1:1b_45nm.sw0@11(10)/toplevel(0)} {0} {+sep=/}
wv_select_list_item {Custom WaveView} {} {sigview} {out} 4
wv_select_list_item {Custom WaveView} {} {sigview} {out} 4
wv_drag_list_item {Custom WaveView} {} {sigview} {out} 4
wv_drag_enter WV1
wv_drag_to WV1 75 207
wv_drop_on WV1
wv_select_window {Custom WaveView} 
wv_select_waveview 1 {waveview 1}
wv_select_toolbar_item {Custom WaveView} {waveview 1:1} {Drawing Tool} 
wv_set_text {DrawToolParameters} {} {RemarkText} "vdd=1.05"
wv_select_combox_item {DrawToolParameters} {} {FontSize} "12" 3
wv_press_button {DrawToolParameters} {} {Ok} 
wv_select_window {Custom WaveView} 
wv_select_waveview 1 {waveview 1}
wv_select_wv_item WV1.TEXT1
wv_drag_item_to WV1 385 185
wv_move_wv_item WV1.TEXT1 441 169
wv_select_waveview 1 {waveview 1}
wv_select_panel WV1.PANEL1:1 0.679889 0.430843
wv_select_waveview 1 {waveview 1}
wv_waveview_context_menu WV1.TEXT1
wv_select_waveview 1 {waveview 1}
wv_select_menu_item {Custom WaveView} {waveview 1:1} {LabelPopMenu.Copy Remark} 
wv_select_waveview 1 {waveview 1}
wv_select_wv_item WV1.TEXT1
wv_drag_item_to WV1 430 187
wv_move_wv_item WV1.TEXT1 66 332
wv_select_waveview 1 {waveview 1}
wv_waveview_context_menu WV1.TEXT1
wv_select_waveview 1 {waveview 1}
wv_select_menu_item {Custom WaveView} {waveview 1:1} {LabelPopMenu.Configure Remark} 
wv_set_text {DrawToolParameters} {} {RemarkText} "vdd=0.05"
wv_press_button {DrawToolParameters} {} {Ok} 
wv_select_window {Custom WaveView} 
wv_select_waveview 1 {waveview 1}
wv_waveview_context_menu WV1.TEXT2
wv_select_waveview 1 {waveview 1}
wv_select_menu_item {Custom WaveView} {waveview 1:1} {LabelPopMenu.Copy Remark} 
wv_select_waveview 1 {waveview 1}
wv_select_wv_item WV1.TEXT1
wv_drag_item_to WV1 448 196
wv_move_wv_item WV1.TEXT1 468 261
wv_select_waveview 1 {waveview 1}
wv_select_wv_item WV1.TEXT1
wv_drag_item_to WV1 468 262
wv_move_wv_item WV1.TEXT1 84 266
wv_select_waveview 1 {waveview 1}
wv_select_wv_item WV1.TEXT1
wv_drag_item_to WV1 70 264
wv_move_wv_item WV1.TEXT1 437 222
wv_select_waveview 1 {waveview 1}
wv_waveview_context_menu WV1.TEXT1
wv_select_waveview 1 {waveview 1}
wv_select_menu_item {Custom WaveView} {waveview 1:1} {LabelPopMenu.Configure Remark} 
wv_set_text {DrawToolParameters} {} {RemarkText} "step=0.1"
wv_press_button {DrawToolParameters} {} {Ok} 
wv_select_window {Custom WaveView} 
wv_select_waveview 1 {waveview 1}
wv_select_panel WV1.PANEL1:1 0.840221 0.24574
wv_press_tool_button {Custom WaveView} {} {DumpScreen0} 
wv_select_dialog {SaveScreenDump} 
wv_press_button {SaveScreenDump} {} {SaveToFileBrowse} 
wv_set_text {FileDialog} {} {FileName} "1b_45nm"
wv_press_button {FileDialog} {} {Ok} 
wv_press_button {SaveScreenDump} {} {Save} 
wv_press_tool_button {Custom WaveView} {waveview 1:1} {Waveview.CloseBtn} 
wv_move_window {Confirmation} {} 589 370
wv_select_dialog {Confirmation} 
wv_press_button {Confirmation} {} {Ok} 
wv_tree_context_menu {Custom WaveView} {} {hierview} 98 7 {D1:1b_45nm.sw0@6(5)} {+sep=/}
wv_select_menu_item {Custom WaveView} {} {FileViewPopMenu.Close All} 
wv_press_button {Confirmation} {} {Ok} 
wv_press_tool_button {Custom WaveView} {} {OpenWaveformFile0} 
wv_select_dialog {FileDialog} 
wv_press_button {FileDialog} {} {Up} 
wv_select_list_item {FileDialog} {} {FileList} {2a_45nm} 4
wv_dclick_list_item {FileDialog} {} {FileList} {2a_45nm} 4
wv_select_list_item {FileDialog} {} {FileList} {2a_45nm.tr0} 8
wv_dclick_list_item {FileDialog} {} {FileList} {2a_45nm.tr0} 8
wv_expand_tree_item {Custom WaveView} {} {hierview} {D2:2a_45nm.tr0(0)} {+sep=@}
wv_select_tree_item {Custom WaveView} {} {hierview} {D2:2a_45nm.tr0(0)@toplevel(0)} {0} {+sep=@}
wv_select_list_item {Custom WaveView} {} {sigview} {out} 4
wv_drag_list_item {Custom WaveView} {} {sigview} {out} 4
wv_drag_enter WV1
wv_drop_on WV1
wv_select_waveview 1 {waveview 1}
wv_select_toolbar_item {Custom WaveView} {waveview 1:1} {Zoom In} 
wv_select_waveview 1 {waveview 1}
wv_select_toolbar_item {Custom WaveView} {waveview 1:1} {Zoom In} 
wv_select_waveview 1 {waveview 1}
wv_select_toolbar_item {Custom WaveView} {waveview 1:1} {Zoom Out} 
wv_select_waveview 1 {waveview 1}
wv_select_toolbar_item {Custom WaveView} {waveview 1:1} {Zoom Out} 
wv_select_waveview 1 {waveview 1}
wv_select_toolbar_item {Custom WaveView} {waveview 1:1} {Zoom Out} 
wv_close_window {Custom WaveView} 
wv_move_window {Confirmation} {} 595 370
wv_select_dialog {Confirmation} 
wv_press_button {Confirmation} {} {Cancel} 
wv_move_window {Custom WaveView} {} 0 0
wv_move_window {Custom WaveView} {} 224 163
wv_select_window {Custom WaveView} 
wv_move_window {Custom WaveView} {} 0 0
wv_move_window {Custom WaveView} {} 224 163
wv_select_window {Custom WaveView} 
wv_move_window {Custom WaveView} {} 0 0
wv_move_window {Custom WaveView} {} 224 163
wv_select_window {Custom WaveView} 
wv_tree_context_menu {Custom WaveView} {} {hierview} 108 7 {D2:2a_45nm.tr0(0)} {+sep=@}
wv_select_menu_item {Custom WaveView} {} {FileViewPopMenu.Update WDF} 
wv_press_button {Confirmation} {} {Ok} 
wv_select_waveview 1 {waveview 1}
wv_select_toolbar_item {Custom WaveView} {waveview 1:1} {Zoom In} 
wv_select_waveview 1 {waveview 1}
wv_select_toolbar_item {Custom WaveView} {waveview 1:1} {Full Unzoom} 
wv_move_window {Custom WaveView} {} 0 0
wv_move_window {Custom WaveView} {} 224 163
wv_select_window {Custom WaveView} 
wv_tree_context_menu {Custom WaveView} {} {hierview} 96 6 {D2:2a_45nm.tr0(0)} {+sep=@}
wv_select_menu_item {Custom WaveView} {} {FileViewPopMenu.Update WDF} 
wv_press_button {Confirmation} {} {Ok} 
wv_tree_context_menu {Custom WaveView} {} {hierview} 157 8 {D2:2a_45nm.tr0(0)} {+sep=@}
wv_select_menu_item {Custom WaveView} {} {FileViewPopMenu.Update WDF} 
wv_select_window {Custom WaveView} 
wv_tree_context_menu {Custom WaveView} {} {hierview} 107 6 {D2:2a_45nm.tr0(0)} {+sep=@}
wv_select_menu_item {Custom WaveView} {} {FileViewPopMenu.Update WDF} 
wv_press_button {Confirmation} {} {Ok} 
wv_select_tree_item {Custom WaveView} {} {hierview} {D2:2a_45nm.tr0(0)@toplevel(0)} {0} {+sep=@}
wv_select_list_item {Custom WaveView} {} {sigview} {in} 3
wv_drag_list_item {Custom WaveView} {} {sigview} {in} 3
wv_drag_enter WV1
wv_drag_to WV1 25 334
wv_drag_to WV1 72 353
wv_drop_on WV1
wv_select_waveview 1 {waveview 1}
wv_select_wv_item WV1.PANEL2:1.LINE1
wv_drag_item_to WV1 52 199
wv_select_line WV1.PANEL2:1.LINE1
wv_drag_enter WV1
wv_drag_to WV1 52 187
wv_drag_to WV1 52 182
wv_drag_to WV1 51 24
wv_drop_on WV1
wv_drag_item_to WV1 52 199
wv_select_waveview 1 {waveview 1}
wv_select_wv_item WV1.LEGEND.WIDTH
wv_move_wv_item WV1.PANEL1:1.LEGEND.WIDTH 80
wv_select_waveview 1 {waveview 1}
wv_select_wv_item WV1.PANEL1:1.LEGEND
wv_select_panel WV1.PANEL1:1.LEGEND
wv_select_waveview 1 {waveview 1}
wv_release_wv_item WV1 7 149
wv_select_waveview 1 {waveview 1}
wv_select_wv_item WV1.PANEL1:1.LEGEND
wv_select_panel WV1.PANEL1:1.LEGEND
wv_move_window {Custom WaveView} {} 640 410
wv_select_window {Custom WaveView} 
wv_select_menu_item {Custom WaveView} {} {AxisCursor.Add Cursor} 
wv_select_waveview 1 {waveview 1}
wv_select_wv_item WV1.PANEL1:1.CURSOR1
wv_drag_item_to WV1 433 161
wv_move_wv_item WV1.PANEL1:1.CURSOR1 305 162
wv_move_window {Custom WaveView} {} 1063 298
wv_select_window {Custom WaveView} 
wv_tree_context_menu {Custom WaveView} {} {hierview} 131 18 {D2:2a_45nm.tr0(0)@toplevel(0)} {+sep=@}
wv_select_menu_item {Custom WaveView} {} {FileViewPopMenu.Update WDF} 
wv_press_button {Confirmation} {} {Ok} 
wv_move_window {Custom WaveView} {} 440 316
wv_select_waveview 1 {waveview 1}
wv_select_wv_item WV1.PANEL2:1.CURSOR1
wv_drag_item_to WV1 306 238
wv_move_wv_item WV1.PANEL2:1.CURSOR1 347 268
wv_select_waveview 1 {waveview 1}
wv_select_wv_item WV1.PANEL2:1.CURSOR1
wv_drag_item_to WV1 349 290
wv_move_wv_item WV1.PANEL2:1.CURSOR1 343 292
wv_select_window {Custom WaveView} 
wv_select_waveview 1 {waveview 1}
wv_select_wv_item WV1.PANEL2:1.CURSOR1
wv_drag_item_to WV1 345 293
wv_move_wv_item WV1.PANEL2:1.CURSOR1 342 297
wv_select_waveview 1 {waveview 1}
wv_select_wv_item WV1.PANEL2:1.LINE1
wv_select_line WV1.PANEL2:1.LINE1
wv_release_wv_item WV1 111 201
wv_select_waveview 1 {waveview 1}
wv_select_wv_item WV1.PANEL2:1.LINE1
wv_select_line WV1.PANEL2:1.LINE1
wv_select_waveview 1 {waveview 1}
wv_waveview_context_menu WV1.PANEL2:1.CURSOR1
wv_select_waveview 1 {waveview 1}
wv_select_wv_item WV1.PANEL2:1.CURSOR1
wv_drag_item_to WV1 344 291
wv_move_wv_item WV1.PANEL2:1.CURSOR1 346 267
wv_select_waveview 1 {waveview 1}
wv_select_toolbar_item {Custom WaveView} {waveview 1:1} {Zoom In} 
wv_select_waveview 1 {waveview 1}
wv_select_toolbar_item {Custom WaveView} {waveview 1:1} {Zoom In} 
wv_select_waveview 1 {waveview 1}
wv_select_toolbar_item {Custom WaveView} {waveview 1:1} {Zoom In} 
wv_select_waveview 1 {waveview 1}
wv_release_wv_item WV1 285 378
wv_select_waveview 1 {waveview 1}
wv_select_wv_item WV1.HSLIDER 420 384
wv_drag_item_to WV1 419 384
wv_drag_item_to WV1 348 374
wv_horz_scroll WV1 126
wv_select_waveview 1 {waveview 1}
wv_select_wv_item WV1.PANEL2:1.CURSOR1
wv_drag_item_to WV1 343 285
wv_move_wv_item WV1.PANEL2:1.CURSOR1 313 281
wv_select_waveview 1 {waveview 1}
wv_select_toolbar_item {Custom WaveView} {waveview 1:1} {Full Unzoom} 
wv_select_menu_item {Custom WaveView} {} {AxisCursor.Add Cross-Cursor} 
wv_select_waveview 1 {waveview 1}
wv_waveview_context_menu WV1.PANEL1:1.CURSOR2
wv_select_waveview 1 {waveview 1}
wv_select_menu_item {Custom WaveView} {waveview 1:1} {HairPopMenu.Delete} 
wv_select_menu_item {Custom WaveView} {} {AxisCursor.Add H-Cursor} 
wv_select_waveview 1 {waveview 1}
wv_waveview_context_menu WV1.PANEL1:1.CURSOR2
wv_select_waveview 1 {waveview 1}
wv_select_menu_item {Custom WaveView} {waveview 1:1} {HairPopMenu.Delete} 
wv_select_waveview 1 {waveview 1}
wv_select_wv_item WV1.PANEL1:1.LEGEND
wv_select_panel WV1.PANEL1:1.LEGEND
wv_select_waveview 1 {waveview 1}
wv_select_wv_item WV1.PANEL1:1.LEGEND
wv_select_panel WV1.PANEL1:1.LEGEND
wv_select_waveview 1 {waveview 1}
wv_select_panel WV1.PANEL1:1 8.87949e-12 1.0175
wv_select_panel WV1.PANEL1:1 8.87949e-12 1.0175 btnup
wv_select_waveview 1 {waveview 1}
wv_select_wv_item WV1.PANEL2:1.CURSOR1
wv_drag_item_to WV1 219 209
wv_move_wv_item WV1.PANEL2:1.CURSOR1 342 254
wv_select_waveview 1 {waveview 1}
wv_select_toolbar_item {Custom WaveView} {waveview 1:1} {Zoom In} 
wv_select_waveview 1 {waveview 1}
wv_select_toolbar_item {Custom WaveView} {waveview 1:1} {Zoom In} 
wv_select_waveview 1 {waveview 1}
wv_select_wv_item WV1.HSLIDER 392 387
wv_drag_item_to WV1 391 387
wv_drag_item_to WV1 321 387
wv_horz_scroll WV1 98
wv_select_waveview 1 {waveview 1}
wv_select_wv_item WV1.PANEL2:1.CURSORX1
wv_drag_item_to WV1 371 279
wv_move_wv_item WV1.PANEL2:1.CURSOR1 387 261
wv_select_waveview 1 {waveview 1}
wv_select_wv_item WV1.PANEL2:1.CURSOR1
wv_drag_item_to WV1 369 273
wv_move_wv_item WV1.PANEL2:1.CURSOR1 370 278
wv_select_waveview 1 {waveview 1}
wv_select_toolbar_item {Custom WaveView} {waveview 1:1} {Zoom In} 
wv_select_waveview 1 {waveview 1}
wv_select_wv_item WV1.PANEL2:1.CURSORX1
wv_drag_item_to WV1 307 289
wv_move_wv_item WV1.PANEL2:1.CURSOR1 304 288
wv_select_waveview 1 {waveview 1}
wv_select_wv_item WV1.PANEL2:1.CURSORX1
wv_drag_item_to WV1 305 293
wv_move_wv_item WV1.PANEL2:1.CURSOR1 315 288
wv_select_waveview 1 {waveview 1}
wv_select_wv_item WV1.PANEL2:1.CURSOR1
wv_drag_item_to WV1 306 307
wv_move_wv_item WV1.PANEL2:1.CURSOR1 310 305
wv_select_waveview 1 {waveview 1}
wv_select_toolbar_item {Custom WaveView} {waveview 1:1} {Full Unzoom} 
wv_select_waveview 1 {waveview 1}
wv_select_panel WV1.PANEL1:1 3.76321e-11 0.790625
wv_move_wv_item WV1.PANEL1:1.CURSOR1 285 69
wv_select_waveview 1 {waveview 1}
wv_select_toolbar_item {Custom WaveView} {waveview 1:1} {Zoom In} 
wv_select_waveview 1 {waveview 1}
wv_select_toolbar_item {Custom WaveView} {waveview 1:1} {Zoom In} 
wv_select_waveview 1 {waveview 1}
wv_select_wv_item WV1.HSLIDER 408 388
wv_drag_item_to WV1 407 388
wv_drag_item_to WV1 270 386
wv_horz_scroll WV1 31
wv_select_waveview 1 {waveview 1}
wv_select_wv_item WV1.PANEL2:1.CURSOR1
wv_drag_item_to WV1 422 286
wv_move_wv_item WV1.PANEL2:1.CURSOR1 651 296
wv_select_waveview 1 {waveview 1}
wv_select_toolbar_item {Custom WaveView} {waveview 1:1} {Full Unzoom} 
wv_select_waveview 1 {waveview 1}
wv_select_wv_item WV1.PANEL1:1.LINE1
wv_select_line WV1.PANEL1:1.LINE1
wv_select_waveview 1 {waveview 1}
wv_waveview_context_menu WV1.PANEL1:1.CURSOR1
wv_select_waveview 1 {waveview 1}
wv_select_menu_item {Custom WaveView} {waveview 1:1} {HairPopMenu.Set as Reference Cursor} 
wv_select_waveview 1 {waveview 1}
wv_select_wv_item WV1.PANEL2:1.CURSORX1
wv_drag_item_to WV1 346 271
wv_move_wv_item WV1.PANEL2:1.CURSOR1 375 263
wv_select_waveview 1 {waveview 1}
wv_select_wv_item WV1.PANEL2:1.CURSORX1
wv_drag_item_to WV1 347 275
wv_move_wv_item WV1.PANEL2:1.CURSOR1 375 269
wv_select_waveview 1 {waveview 1}
wv_select_wv_item WV1.PANEL2:1.CURSOR1
wv_move_wv_item WV1.PANEL2:1.CURSOR1 346 224
wv_select_waveview 1 {waveview 1}
wv_waveview_context_menu WV1.PANEL1:1.CURSOR1
wv_select_waveview 1 {waveview 1}
wv_select_menu_item {Custom WaveView} {waveview 1:1} {HairPopMenu.Set as Reference Cursor} 
wv_select_waveview 1 {waveview 1}
wv_select_wv_item WV1.PANEL2:1.CURSORX1
wv_drag_item_to WV1 344 254
wv_move_wv_item WV1.PANEL2:1.CURSOR1 331 278
wv_select_waveview 1 {waveview 1}
wv_select_toolbar_item {Custom WaveView} {waveview 1:1} {Zoom In} 
wv_select_waveview 1 {waveview 1}
wv_select_toolbar_item {Custom WaveView} {waveview 1:1} {Zoom In} 
wv_select_waveview 1 {waveview 1}
wv_select_wv_item WV1.HSLIDER 412 390
wv_drag_item_to WV1 411 390
wv_drag_item_to WV1 353 388
wv_horz_scroll WV1 110
wv_select_waveview 1 {waveview 1}
wv_select_wv_item WV1.PANEL2:1.CURSOR1
wv_drag_item_to WV1 339 197
wv_move_wv_item WV1.PANEL2:1.CURSOR1 322 252
wv_select_waveview 1 {waveview 1}
wv_select_toolbar_item {Custom WaveView} {waveview 1:1} {Zoom In} 
wv_select_waveview 1 {waveview 1}
wv_select_wv_item WV1.PANEL2:1.CURSORX1
wv_drag_item_to WV1 212 268
wv_move_wv_item WV1.PANEL2:1.CURSOR1 193 284
wv_select_waveview 1 {waveview 1}
wv_select_wv_item WV1.HSLIDER 363 386
wv_drag_item_to WV1 361 386
wv_drag_item_to WV1 345 392
wv_horz_scroll WV1 120
wv_select_waveview 1 {waveview 1}
wv_select_wv_item WV1.PANEL2:1.CURSORX1
wv_drag_item_to WV1 365 269
wv_move_wv_item WV1.PANEL2:1.CURSOR1 359 272
wv_select_waveview 1 {waveview 1}
wv_select_wv_item WV1.PANEL2:1.CURSOR1
wv_drag_item_to WV1 360 293
wv_move_wv_item WV1.PANEL2:1.CURSOR1 363 281
wv_select_waveview 1 {waveview 1}
wv_select_toolbar_item {Custom WaveView} {waveview 1:1} {Full Unzoom} 
wv_select_menu_item {Custom WaveView} {} {AxisCursor.Add Cursor} 
wv_select_waveview 1 {waveview 1}
wv_select_wv_item WV1.PANEL1:1.CURSORX2
wv_drag_item_to WV1 429 182
wv_move_wv_item WV1.PANEL1:1.CURSOR2 388 181
wv_select_waveview 1 {waveview 1}
wv_select_wv_item WV1.PANEL1:1.CURSOR2
wv_drag_item_to WV1 431 87
wv_move_wv_item WV1.PANEL1:1.CURSOR2 327 101
wv_select_waveview 1 {waveview 1}
wv_select_toolbar_item {Custom WaveView} {waveview 1:1} {Zoom In} 
wv_select_waveview 1 {waveview 1}
wv_select_wv_item WV1.PANEL1:1.CURSOR2
wv_drag_item_to WV1 223 108
wv_move_wv_item WV1.PANEL1:1.CURSOR2 221 87
wv_select_waveview 1 {waveview 1}
wv_select_toolbar_item {Custom WaveView} {waveview 1:1} {Zoom In} 
wv_select_waveview 1 {waveview 1}
wv_select_wv_item WV1.HSLIDER 442 384
wv_drag_item_to WV1 440 384
wv_drag_item_to WV1 371 382
wv_horz_scroll WV1 98
wv_select_waveview 1 {waveview 1}
wv_select_wv_item WV1.PANEL1:1.CURSORX2
wv_drag_item_to WV1 312 123
wv_move_wv_item WV1.PANEL1:1.CURSOR2 320 123
wv_select_waveview 1 {waveview 1}
wv_select_wv_item WV1.PANEL1:1.CURSOR2
wv_drag_item_to WV1 311 98
wv_move_wv_item WV1.PANEL1:1.CURSOR2 307 97
wv_select_waveview 1 {waveview 1}
wv_select_toolbar_item {Custom WaveView} {waveview 1:1} {Full Unzoom} 
wv_select_waveview 1 {waveview 1}
wv_select_wv_item WV1.PANEL1:1.CURSOR1
wv_move_wv_item WV1.PANEL1:1.CURSOR1 345 108
wv_select_waveview 1 {waveview 1}
wv_select_wv_item WV1.PANEL1:1.CURSOR2
wv_move_wv_item WV1.PANEL1:1.CURSOR2 327 174
wv_select_waveview 1 {waveview 1}
wv_select_wv_item WV1.PANEL1:1.CURSOR1
wv_move_wv_item WV1.PANEL1:1.CURSOR1 346 163
wv_select_waveview 1 {waveview 1}
wv_ctrl_select_panel WV1.PANEL1:1.CURSOR2
wv_select_waveview 1 {waveview 1}
wv_select_panel WV1.PANEL1:1 7.31501e-11 0.364375
wv_move_wv_item WV1.PANEL1:1.CURSOR2 369 131
wv_select_waveview 1 {waveview 1}
wv_select_wv_item WV1.PANEL2:1.CURSOR1
wv_move_wv_item WV1.PANEL2:1.CURSOR1 346 222
wv_select_waveview 1 {waveview 1}
wv_select_wv_item WV1.PANEL2:1.CURSOR1
wv_move_wv_item WV1.PANEL2:1.CURSOR1 347 219
wv_select_waveview 1 {waveview 1}
wv_waveview_context_menu WV1.PANEL2:1.CURSOR1
wv_select_waveview 1 {waveview 1}
wv_select_menu_item {Custom WaveView} {waveview 1:1} {HairPopMenu.Delete All} 
wv_select_menu_item {Custom WaveView} {} {AxisCursor.Add Monitor} 
wv_press_button {MonitorSettings} {} {Ok} 
wv_select_waveview 1 {waveview 1}
wv_select_wv_item WV1.PANEL1:1.LEGEND
wv_select_panel WV1.PANEL1:1.LEGEND
wv_select_waveview 1 {waveview 1}
wv_select_wv_item WV1.PANEL1:1.LEGEND
wv_select_panel WV1.PANEL1:1.LEGEND
wv_select_waveview 1 {waveview 1}
wv_waveview_context_menu WV1.PANEL1:1.VALUECOL1
wv_select_waveview 1 {waveview 1}
wv_select_menu_item {Custom WaveView} {waveview 1:1} {MonitorPopMenu.Link to Cursor} 
wv_press_button {SelectCursor} {} {Cancel} 
wv_select_waveview 1 {waveview 1}
wv_select_wv_item WV1.PANEL1:1.LEGEND
wv_select_panel WV1.PANEL1:1.LEGEND
wv_select_waveview 1 {waveview 1}
wv_select_wv_item WV1.PANEL1:1.LEGEND
wv_select_panel WV1.PANEL1:1.LEGEND
wv_select_menu_item {Custom WaveView} {} {AxisCursor.Add Cursor} 
wv_select_waveview 1 {waveview 1}
wv_select_wv_item WV1.PANEL1:1.CURSORX1
wv_drag_item_to WV1 432 184
wv_move_wv_item WV1.PANEL1:1.CURSOR1 330 156
wv_select_waveview 1 {waveview 1}
wv_select_wv_item WV1.PANEL1:1.CURSOR1
wv_drag_item_to WV1 434 76
wv_move_wv_item WV1.PANEL1:1.CURSOR1 344 270
wv_select_waveview 1 {waveview 1}
wv_select_toolbar_item {Custom WaveView} {waveview 1:1} {Zoom In} 
wv_select_waveview 1 {waveview 1}
wv_select_toolbar_item {Custom WaveView} {waveview 1:1} {Zoom In} 
wv_select_waveview 1 {waveview 1}
wv_select_toolbar_item {Custom WaveView} {waveview 1:1} {Zoom In} 
wv_select_waveview 1 {waveview 1}
wv_select_wv_item WV1.HSLIDER 420 387
wv_drag_item_to WV1 420 388
wv_drag_item_to WV1 348 377
wv_horz_scroll WV1 126
wv_select_waveview 1 {waveview 1}
wv_select_wv_item WV1.PANEL2:1.CURSORX1
wv_drag_item_to WV1 328 201
wv_move_wv_item WV1.PANEL2:1.CURSOR1 306 237
wv_select_waveview 1 {waveview 1}
wv_select_panel WV1.PANEL2:1 6.28702e-11 0.564079
wv_drag_item_to WV1 333 261
wv_zoom WV1.PANEL2:1 6.28702e-11 0.564079 6.22359e-11 0.559661
wv_select_waveview 1 {waveview 1}
wv_select_toolbar_item {Custom WaveView} {waveview 1:1} {Zoom Out} 
wv_select_waveview 1 {waveview 1}
wv_select_toolbar_item {Custom WaveView} {waveview 1:1} {Zoom Out} 
wv_select_waveview 1 {waveview 1}
wv_select_toolbar_item {Custom WaveView} {waveview 1:1} {Zoom Out} 
wv_select_waveview 1 {waveview 1}
wv_select_wv_item WV1.PANEL2:1.CURSOR1
wv_drag_item_to WV1 432 278
wv_move_wv_item WV1.PANEL2:1.CURSOR1 360 314
wv_select_waveview 1 {waveview 1}
wv_select_toolbar_item {Custom WaveView} {waveview 1:1} {Full Unzoom} 
wv_select_waveview 1 {waveview 1}
wv_waveview_context_menu WV1.PANEL2:1.VALUECOL1
wv_select_waveview 1 {waveview 1}
wv_select_menu_item {Custom WaveView} {waveview 1:1} {MonitorPopMenu.Link to Cursor} 
wv_select_list_item {SelectCursor} {} {CursorList} {cursor @ X=  61.802p} 1
wv_press_button {SelectCursor} {} {Ok} 
wv_select_menu_item {Custom WaveView} {} {AxisCursor.Add Cursor} 
wv_select_waveview 1 {waveview 1}
wv_select_wv_item WV1.PANEL1:1.CURSOR2
wv_drag_item_to WV1 432 146
wv_move_wv_item WV1.PANEL1:1.CURSOR2 325 120
wv_select_waveview 1 {waveview 1}
wv_select_toolbar_item {Custom WaveView} {waveview 1:1} {Zoom In} 
wv_select_waveview 1 {waveview 1}
wv_select_toolbar_item {Custom WaveView} {waveview 1:1} {Zoom In} 
wv_select_waveview 1 {waveview 1}
wv_select_wv_item WV1.HSLIDER 429 388
wv_drag_item_to WV1 428 388
wv_drag_item_to WV1 356 387
wv_horz_scroll WV1 96
wv_select_waveview 1 {waveview 1}
wv_select_wv_item WV1.PANEL1:1.CURSOR2
wv_drag_item_to WV1 312 133
wv_move_wv_item WV1.PANEL1:1.CURSOR2 310 125
wv_select_waveview 1 {waveview 1}
wv_waveview_context_menu WV1.PANEL1:1.VALUECOL1
wv_select_waveview 1 {waveview 1}
wv_select_menu_item {Custom WaveView} {waveview 1:1} {MonitorPopMenu.Link to Cursor} 
wv_select_list_item {SelectCursor} {} {CursorList} {cursor 2 @ X=  54.435p} 2
wv_press_button {SelectCursor} {} {Ok} 
wv_select_waveview 1 {waveview 1}
wv_select_wv_item WV1.PANEL1:1.CURSORX2
wv_drag_item_to WV1 310 70
wv_move_wv_item WV1.PANEL1:1.CURSOR2 295 73
wv_select_waveview 1 {waveview 1}
wv_select_wv_item WV1.PANEL1:1.CURSOR2
wv_drag_item_to WV1 309 108
wv_move_wv_item WV1.PANEL1:1.CURSOR2 313 95
wv_select_waveview 1 {waveview 1}
wv_select_toolbar_item {Custom WaveView} {waveview 1:1} {Zoom In} 
wv_select_waveview 1 {waveview 1}
wv_select_wv_item WV1.PANEL1:1.CURSORX2
wv_drag_item_to WV1 197 73
wv_move_wv_item WV1.PANEL1:1.CURSOR2 212 84
wv_select_waveview 1 {waveview 1}
wv_select_wv_item WV1.HSLIDER 341 387
wv_drag_item_to WV1 341 388
wv_drag_item_to WV1 333 388
wv_horz_scroll WV1 116
wv_select_waveview 1 {waveview 1}
wv_select_wv_item WV1.PANEL1:1.CURSOR2
wv_drag_item_to WV1 266 162
wv_move_wv_item WV1.PANEL1:1.CURSOR2 268 124
wv_select_waveview 1 {waveview 1}
wv_select_toolbar_item {Custom WaveView} {waveview 1:1} {Zoom In} 
wv_select_waveview 1 {waveview 1}
wv_select_wv_item WV1.HSLIDER 342 387
wv_drag_item_to WV1 341 387
wv_drag_item_to WV1 323 387
wv_horz_scroll WV1 111
wv_select_waveview 1 {waveview 1}
wv_select_wv_item WV1.PANEL1:1.CURSORX2
wv_drag_item_to WV1 422 107
wv_move_wv_item WV1.PANEL1:1.CURSOR2 414 108
wv_select_waveview 1 {waveview 1}
wv_select_wv_item WV1.PANEL1:1.CURSOR2
wv_drag_item_to WV1 421 148
wv_move_wv_item WV1.PANEL1:1.CURSOR2 423 145
wv_select_waveview 1 {waveview 1}
wv_select_toolbar_item {Custom WaveView} {waveview 1:1} {Full Unzoom} 
wv_select_waveview 1 {waveview 1}
wv_waveview_context_menu WV1.PANEL1:1.VALUECOL1
wv_select_waveview 1 {waveview 1}
wv_select_menu_item {Custom WaveView} {waveview 1:1} {MonitorPopMenu.Delete Monitor} 
wv_select_menu_item {Custom WaveView} {} {AxisCursor.Add Cursor} 
wv_select_waveview 1 {waveview 1}
wv_select_wv_item WV1.PANEL1:1.CURSOR3
wv_drag_item_to WV1 434 160
wv_move_wv_item WV1.PANEL1:1.CURSOR3 447 82
wv_select_waveview 1 {waveview 1}
wv_select_toolbar_item {Custom WaveView} {waveview 1:1} {Zoom In} 
wv_select_waveview 1 {waveview 1}
wv_select_toolbar_item {Custom WaveView} {waveview 1:1} {Zoom In} 
wv_select_waveview 1 {waveview 1}
wv_select_wv_item WV1.PANEL1:1.CURSOR3
wv_drag_item_to WV1 488 51
wv_move_wv_item WV1.PANEL1:1.CURSOR3 480 78
wv_select_waveview 1 {waveview 1}
wv_select_toolbar_item {Custom WaveView} {waveview 1:1} {Full Unzoom} 
wv_tool_button_context_menu {Custom WaveView} {} {PanelCursor0} 914 352
wv_close_context_menu
wv_tool_button_context_menu {Custom WaveView} {} {PanelCursor0} 896 347
wv_close_context_menu
wv_select_menu_item {Custom WaveView} {} {AxisCursor.Add Cursor} 
wv_select_waveview 1 {waveview 1}
wv_select_wv_item WV1.PANEL2:1.CURSOR4
wv_drag_item_to WV1 433 205
wv_move_wv_item WV1.PANEL2:1.CURSOR4 465 255
wv_select_waveview 1 {waveview 1}
wv_select_toolbar_item {Custom WaveView} {waveview 1:1} {Zoom In} 
wv_select_waveview 1 {waveview 1}
wv_select_toolbar_item {Custom WaveView} {waveview 1:1} {Zoom In} 
wv_select_waveview 1 {waveview 1}
wv_select_wv_item WV1.PANEL2:1.CURSOR4
wv_drag_item_to WV1 560 251
wv_move_wv_item WV1.PANEL2:1.CURSOR4 562 247
wv_select_waveview 1 {waveview 1}
wv_select_toolbar_item {Custom WaveView} {waveview 1:1} {Full Unzoom} 
wv_move_window {Custom WaveView} {} 0 0
wv_move_window {Custom WaveView} {} 440 316
wv_select_window {Custom WaveView} 
wv_select_waveview 1 {waveview 1}
wv_select_toolbar_item {Custom WaveView} {waveview 1:1} {Drawing Tool} 
wv_set_text {DrawToolParameters} {} {RemarkText} "tpHL"
wv_select_combox_item {DrawToolParameters} {} {FontSize} "12" 3
wv_press_button {DrawToolParameters} {} {Ok} 
wv_select_waveview 1 {waveview 1}
wv_select_wv_item WV1.TEXT1
wv_drag_item_to WV1 361 187
wv_move_wv_item WV1.TEXT1 295 109
wv_select_waveview 1 {waveview 1}
wv_waveview_context_menu WV1.PANEL1:1.CURSORDBOX4
wv_select_waveview 1 {waveview 1}
wv_waveview_context_menu WV1.PANEL1:1 1.09091e-10 0.598125
wv_select_waveview 1 {waveview 1}
wv_select_wv_item WV1.PANEL1:1.LEGEND
wv_select_panel WV1.PANEL1:1.LEGEND
wv_select_waveview 1 {waveview 1}
wv_select_wv_item WV1.TEXT1
wv_drag_item_to WV1 297 112
wv_move_wv_item WV1.TEXT1 491 148
wv_select_waveview 1 {waveview 1}
wv_select_toolbar_item {Custom WaveView} {waveview 1:1} {Drawing Tool} 
wv_set_text {DrawToolParameters} {} {RemarkText} "tpLH"
wv_select_combox_item {DrawToolParameters} {} {FontSize} "12" 3
wv_press_button {DrawToolParameters} {} {Ok} 
wv_select_waveview 1 {waveview 1}
wv_select_wv_item WV1.TEXT1
wv_drag_item_to WV1 367 189
wv_move_wv_item WV1.TEXT1 299 143
wv_press_tool_button {Custom WaveView} {} {DumpScreen0} 
wv_select_dialog {SaveScreenDump} 
wv_press_button {SaveScreenDump} {} {SaveToFileBrowse} 
wv_press_button {FileDialog} {} {Up} 
wv_select_list_item {FileDialog} {} {FileList} {2a_45nm} 4
wv_dclick_list_item {FileDialog} {} {FileList} {2a_45nm} 4
wv_set_text {FileDialog} {} {FileName} "2a_45nm"
wv_press_button {FileDialog} {} {Ok} 
wv_press_button {SaveScreenDump} {} {Save} 
wv_tree_context_menu {Custom WaveView} {} {hierview} 119 8 {D2:2a_45nm.tr0(0)} {+sep=@}
wv_select_menu_item {Custom WaveView} {} {FileViewPopMenu.Close This File} 
wv_press_button {Confirmation} {} {Ok} 
wv_press_tool_button {Custom WaveView} {} {OpenWaveformFile0} 
wv_select_dialog {FileDialog} 
wv_press_button {FileDialog} {} {Up} 
wv_select_list_item {FileDialog} {} {FileList} {2b_45nm} 5
wv_dclick_list_item {FileDialog} {} {FileList} {2b_45nm} 5
wv_select_list_item {FileDialog} {} {FileList} {2b_45nm.tr0@1} 8
wv_select_list_item {FileDialog} {} {FileList} {2b_45nm.tr0@8} 15 +shift
wv_press_button {FileDialog} {} {Ok} 
wv_expand_tree_item {Custom WaveView} {} {hierview} {D3:2b_45nm.tr0@1(0)} {+sep=/}
wv_select_tree_item {Custom WaveView} {} {hierview} {D3:2b_45nm.tr0@1(0)/toplevel(0)} {0} {+sep=/}
wv_select_list_item {Custom WaveView} {} {sigview} {in} 3
wv_drag_list_item {Custom WaveView} {} {sigview} {in} 3
wv_drag_enter WV1
wv_drop_on WV1
wv_expand_tree_item {Custom WaveView} {} {hierview} {D3:2b_45nm.tr0@2(1)} {+sep=/}
wv_select_tree_item {Custom WaveView} {} {hierview} {D3:2b_45nm.tr0@2(1)/toplevel(0)} {0} {+sep=/}
wv_select_list_item {Custom WaveView} {} {sigview} {in} 3
wv_drag_list_item {Custom WaveView} {} {sigview} {in} 3
wv_drag_enter WV1
wv_drag_to WV1 7 354
wv_drag_leave WV1
wv_drag_enter WV1
wv_drag_to WV1 138 390
wv_drop_on WV1
wv_select_waveview 1 {waveview 1}
wv_select_wv_item WV1.PANEL2:1.LINE1
wv_select_line WV1.PANEL2:1.LINE1
wv_select_waveview 1 {waveview 1}
wv_waveview_context_menu WV1.PANEL2:1.LINE1
wv_select_waveview 1 {waveview 1}
wv_select_menu_item {Custom WaveView} {waveview 1:1} {SignalPopMenu.Delete} 
wv_press_button {Confirmation} {} {Ok} 
wv_select_list_item {Custom WaveView} {} {sigview} {out} 4
wv_select_list_item {Custom WaveView} {} {sigview} {out} 4
wv_drag_list_item {Custom WaveView} {} {sigview} {out} 4
wv_drag_enter WV1
wv_drag_to WV1 49 245
wv_drag_to WV1 94 354
wv_drop_on WV1
wv_select_tree_item {Custom WaveView} {} {hierview} {D3:2b_45nm.tr0@1(0)/toplevel(0)} {0} {+sep=/}
wv_select_list_item {Custom WaveView} {} {sigview} {out} 4
wv_drag_list_item {Custom WaveView} {} {sigview} {out} 4
wv_drag_enter WV1
wv_drag_to WV1 4 212
wv_drag_to WV1 67 192
wv_drop_on WV1
wv_select_tree_item {Custom WaveView} {} {hierview} {D3:2b_45nm.tr0@3(2)} {0} {+sep=/}
wv_expand_tree_item {Custom WaveView} {} {hierview} {D3:2b_45nm.tr0@3(2)} {+sep=/}
wv_select_tree_item {Custom WaveView} {} {hierview} {D3:2b_45nm.tr0@3(2)/toplevel(0)} {0} {+sep=/}
wv_select_list_item {Custom WaveView} {} {sigview} {out} 4
wv_drag_list_item {Custom WaveView} {} {sigview} {out} 4
wv_drag_enter WV1
wv_drag_to WV1 12 342
wv_drag_to WV1 62 354
wv_drop_on WV1
wv_expand_tree_item {Custom WaveView} {} {hierview} {D3:2b_45nm.tr0@4(3)} {+sep=/}
wv_select_tree_item {Custom WaveView} {} {hierview} {D3:2b_45nm.tr0@4(3)/toplevel(0)} {0} {+sep=/}
wv_select_list_item {Custom WaveView} {} {sigview} {vdd!} 5
wv_select_list_item {Custom WaveView} {} {sigview} {out} 4
wv_drag_list_item {Custom WaveView} {} {sigview} {out} 4
wv_drag_enter WV1
wv_drag_to WV1 15 326
wv_drag_to WV1 110 352
wv_drop_on WV1
wv_expand_tree_item {Custom WaveView} {} {hierview} {D3:2b_45nm.tr0@5(4)} {+sep=/}
wv_select_tree_item {Custom WaveView} {} {hierview} {D3:2b_45nm.tr0@5(4)/toplevel(0)} {0} {+sep=/}
wv_select_list_item {Custom WaveView} {} {sigview} {out} 4
wv_drag_list_item {Custom WaveView} {} {sigview} {out} 4
wv_drag_enter WV1
wv_drag_to WV1 10 340
wv_drag_to WV1 54 351
wv_drop_on WV1
wv_expand_tree_item {Custom WaveView} {} {hierview} {D3:2b_45nm.tr0@6(5)} {+sep=/}
wv_move_scrollbar {Custom WaveView} {} {hierview.VScrollBar} {2}
wv_select_tree_item {Custom WaveView} {} {hierview} {D3:2b_45nm.tr0@6(5)/toplevel(0)} {0} {+sep=/}
wv_select_list_item {Custom WaveView} {} {sigview} {out} 4
wv_drag_list_item {Custom WaveView} {} {sigview} {out} 4
wv_drag_enter WV1
wv_drag_to WV1 6 310
wv_drag_to WV1 95 352
wv_drop_on WV1
wv_expand_tree_item {Custom WaveView} {} {hierview} {D3:2b_45nm.tr0@7(6)} {+sep=/}
wv_move_scrollbar {Custom WaveView} {} {hierview.VScrollBar} {3}
wv_select_tree_item {Custom WaveView} {} {hierview} {D3:2b_45nm.tr0@7(6)/toplevel(0)} {0} {+sep=/}
wv_select_list_item {Custom WaveView} {} {sigview} {out} 4
wv_drag_list_item {Custom WaveView} {} {sigview} {out} 4
wv_drag_enter WV1
wv_drag_to WV1 12 337
wv_drag_to WV1 95 352
wv_drop_on WV1
wv_expand_tree_item {Custom WaveView} {} {hierview} {D3:2b_45nm.tr0@8(7)} {+sep=/}
wv_move_scrollbar {Custom WaveView} {} {hierview.VScrollBar} {4}
wv_select_tree_item {Custom WaveView} {} {hierview} {D3:2b_45nm.tr0@8(7)/toplevel(0)} {0} {+sep=/}
wv_select_list_item {Custom WaveView} {} {sigview} {out} 4
wv_drag_list_item {Custom WaveView} {} {sigview} {out} 4
wv_drag_enter WV1
wv_drag_to WV1 15 339
wv_drag_to WV1 68 353
wv_drop_on WV1
wv_select_window {Custom WaveView} 
wv_move_window {Custom WaveView} {} 0 0
wv_move_window {Custom WaveView} {} 440 316
wv_select_window {Custom WaveView} 
wv_close_window {Custom WaveView} 
wv_select_dialog {Confirmation} 
#wv_press_button {Confirmation} {} {Ok} 
#*WARNING* Can not remove '/home/centos/.cx_hostport/.cx_hostport_2024-szjcdl53_10965'.
