### Custom WaveView ADV log file, revision Q-2020.03-SP2-2 (build Oct 29, ) ###
### created at 11:28:26 on Thu Dec 19 2024 (Linux AMD64) ###
### Host Name: 2024-szjcdl53   User ID: centos   PID: 17477   ###
wv_start_log
# (0) running in waveview only mode
# (0) SW_SX_PERL_LIB defined
# (0) SW_SX_TCL_LIB defined
# (0) HOME defined
wv_move_window {Custom WaveView} {} 112 135
wv_select_window {Custom WaveView} 
wv_move_window {Custom WaveView} {} 8 31
wv_press_tool_button {Custom WaveView} {} {RecentFile0} 
wv_expand_tree_item {Custom WaveView} {} {hierview} {D0:sim.tr0(0)} {+sep=@}
wv_select_tree_item {Custom WaveView} {} {hierview} {D0:sim.tr0(0)@toplevel(0)} {0} {+sep=@}
wv_move_scrollbar {Custom WaveView} {} {sigview.HScrolBar} {9}
wv_move_scrollbar {Custom WaveView} {} {sigview.HScrolBar} {28}
wv_move_scrollbar {Custom WaveView} {} {sigview.HScrolBar} {95}
wv_move_scrollbar {Custom WaveView} {} {sigview.HScrolBar} {132}
wv_move_scrollbar {Custom WaveView} {} {sigview.HScrolBar} {170}
wv_move_scrollbar {Custom WaveView} {} {sigview.HScrolBar} {255}
wv_move_scrollbar {Custom WaveView} {} {sigview.HScrolBar} {340}
wv_move_scrollbar {Custom WaveView} {} {sigview.HScrolBar} {378}
wv_move_scrollbar {Custom WaveView} {} {sigview.HScrolBar} {463}
wv_move_scrollbar {Custom WaveView} {} {sigview.HScrolBar} {558}
wv_move_scrollbar {Custom WaveView} {} {sigview.HScrolBar} {624}
wv_move_scrollbar {Custom WaveView} {} {sigview.HScrolBar} {747}
wv_move_scrollbar {Custom WaveView} {} {sigview.HScrolBar} {889}
wv_move_scrollbar {Custom WaveView} {} {sigview.HScrolBar} {964}
wv_move_scrollbar {Custom WaveView} {} {sigview.HScrolBar} {1021}
wv_move_scrollbar {Custom WaveView} {} {sigview.HScrolBar} {1144}
wv_move_scrollbar {Custom WaveView} {} {sigview.HScrolBar} {1191}
wv_move_scrollbar {Custom WaveView} {} {sigview.HScrolBar} {1229}
wv_move_scrollbar {Custom WaveView} {} {sigview.HScrolBar} {1286}
wv_move_scrollbar {Custom WaveView} {} {sigview.HScrolBar} {1305}
wv_move_scrollbar {Custom WaveView} {} {sigview.HScrolBar} {1333}
wv_move_scrollbar {Custom WaveView} {} {sigview.HScrolBar} {1343}
wv_move_scrollbar {Custom WaveView} {} {sigview.HScrolBar} {1371}
wv_move_scrollbar {Custom WaveView} {} {sigview.HScrolBar} {1380}
wv_move_scrollbar {Custom WaveView} {} {sigview.HScrolBar} {1390}
wv_move_scrollbar {Custom WaveView} {} {sigview.HScrolBar} {1399}
wv_move_scrollbar {Custom WaveView} {} {sigview.HScrolBar} {1409}
wv_move_scrollbar {Custom WaveView} {} {sigview.HScrolBar} {1428}
wv_move_scrollbar {Custom WaveView} {} {sigview.HScrolBar} {1522}
wv_move_scrollbar {Custom WaveView} {} {sigview.HScrolBar} {1636}
wv_move_scrollbar {Custom WaveView} {} {sigview.HScrolBar} {1655}
wv_move_scrollbar {Custom WaveView} {} {sigview.HScrolBar} {1683}
wv_move_scrollbar {Custom WaveView} {} {sigview.HScrolBar} {1692}
wv_move_scrollbar {Custom WaveView} {} {sigview.HScrolBar} {1702}
wv_move_scrollbar {Custom WaveView} {} {sigview.HScrolBar} {1721}
wv_move_scrollbar {Custom WaveView} {} {sigview.HScrolBar} {1749}
wv_move_scrollbar {Custom WaveView} {} {sigview.HScrolBar} {1768}
wv_select_list_item {Custom WaveView} {} {sigview} {data_read<95>} 31
wv_select_list_item {Custom WaveView} {} {sigview} {data_read<9>} 36 +shift
wv_drag_list_item {Custom WaveView} {} {sigview} {data_read<95>} 31
wv_drag_enter WV1
wv_drop_on WV1
wv_select_waveview 1 {waveview 1}
wv_waveview_context_menu WV1.PANEL1:1.LEGEND
wv_select_waveview 1 {waveview 1}
wv_select_menu_item {Custom WaveView} {waveview 1:1} {PanelPopMenu.Ungroup} 
wv_select_window {Custom WaveView} 
wv_select_waveview 1 {waveview 1}
wv_select_wv_item WV1.LEGEND.WIDTH
wv_drag_item_to WV1 82 469
wv_move_wv_item WV1.PANEL1:1.LEGEND.WIDTH 157
wv_select_waveview 1 {waveview 1}
wv_select_wv_item WV1.LEGEND.WIDTH
wv_drag_item_to WV1 158 459
wv_move_wv_item WV1.PANEL1:1.LEGEND.WIDTH 133
wv_move_window {Custom WaveView} {} 0 0
wv_move_window {Custom WaveView} {} 8 31
wv_select_window {Custom WaveView} 
wv_move_window {Custom WaveView} {} 0 0
wv_move_window {Custom WaveView} {} 8 31
wv_select_window {Custom WaveView} 
wv_tree_context_menu {Custom WaveView} {} {hierview} 183 18 {D0:sim.tr0(0)@toplevel(0)} {+sep=@}
wv_select_menu_item {Custom WaveView} {} {FileViewPopMenu.Update WDF} 
wv_press_button {Confirmation} {} {Ok} 
wv_move_window {Custom WaveView} {} 0 0
wv_select_window {Custom WaveView} 
wv_move_window {Custom WaveView} {} 8 31
wv_select_window {Custom WaveView} 
wv_tree_context_menu {Custom WaveView} {} {hierview} 144 9 {D0:sim.tr0(0)} {+sep=@}
wv_select_menu_item {Custom WaveView} {} {FileViewPopMenu.Update WDF} 
wv_press_button {Confirmation} {} {Ok} 
wv_move_window {Custom WaveView} {} 0 0
wv_move_window {Custom WaveView} {} 8 31
wv_select_window {Custom WaveView} 
wv_select_tree_item {Custom WaveView} {} {hierview} {D0:sim.tr0(0)@toplevel(0)} {0} {+sep=@}
wv_move_scrollbar {Custom WaveView} {} {sigview.HScrolBar} {19}
wv_move_scrollbar {Custom WaveView} {} {sigview.HScrolBar} {76}
wv_move_scrollbar {Custom WaveView} {} {sigview.HScrolBar} {123}
wv_move_scrollbar {Custom WaveView} {} {sigview.HScrolBar} {180}
wv_move_scrollbar {Custom WaveView} {} {sigview.HScrolBar} {321}
wv_move_scrollbar {Custom WaveView} {} {sigview.HScrolBar} {511}
wv_move_scrollbar {Custom WaveView} {} {sigview.HScrolBar} {596}
wv_move_scrollbar {Custom WaveView} {} {sigview.HScrolBar} {756}
wv_move_scrollbar {Custom WaveView} {} {sigview.HScrolBar} {879}
wv_move_scrollbar {Custom WaveView} {} {sigview.HScrolBar} {927}
wv_move_scrollbar {Custom WaveView} {} {sigview.HScrolBar} {964}
wv_move_scrollbar {Custom WaveView} {} {sigview.HScrolBar} {1049}
wv_move_scrollbar {Custom WaveView} {} {sigview.HScrolBar} {1125}
wv_move_scrollbar {Custom WaveView} {} {sigview.HScrolBar} {1239}
wv_move_scrollbar {Custom WaveView} {} {sigview.HScrolBar} {1295}
wv_move_scrollbar {Custom WaveView} {} {sigview.HScrolBar} {1399}
wv_move_scrollbar {Custom WaveView} {} {sigview.HScrolBar} {1513}
wv_move_scrollbar {Custom WaveView} {} {sigview.HScrolBar} {1569}
wv_move_scrollbar {Custom WaveView} {} {sigview.HScrolBar} {1645}
wv_move_scrollbar {Custom WaveView} {} {sigview.HScrolBar} {1711}
wv_move_scrollbar {Custom WaveView} {} {sigview.HScrolBar} {1721}
wv_move_scrollbar {Custom WaveView} {} {sigview.HScrolBar} {1740}
wv_move_scrollbar {Custom WaveView} {} {sigview.HScrolBar} {1759}
wv_select_list_item {Custom WaveView} {} {sigview} {sram_ren} 60
wv_drag_list_item {Custom WaveView} {} {sigview} {sram_ren} 60
wv_drag_enter WV1
wv_drag_to WV1 25 724
wv_drag_to WV1 96 784
wv_drop_on WV1
wv_select_list_item {Custom WaveView} {} {sigview} {sram_wen} 61
wv_drag_list_item {Custom WaveView} {} {sigview} {sram_wen} 61
wv_drag_enter WV1
wv_drag_to WV1 24 753
wv_drag_to WV1 59 781
wv_drop_on WV1
wv_select_window {Custom WaveView} 
wv_select_list_item {Custom WaveView} {} {sigview} {prc} 59
wv_drag_list_item {Custom WaveView} {} {sigview} {prc} 59
wv_drag_enter WV1
wv_drag_to WV1 8 697
wv_drag_to WV1 101 784
wv_drop_on WV1
wv_select_waveview 1 {waveview 1}
wv_select_wv_item WV1.PANEL9:1.LINE1
wv_drag_item_to WV1 59 711
wv_select_line WV1.PANEL9:1.LINE1
wv_drag_enter WV1
wv_drag_to WV1 62 679
wv_drag_to WV1 72 617
wv_drag_to WV1 73 609
wv_drag_to WV1 97 532
wv_drop_on WV1
wv_drag_item_to WV1 59 711
wv_select_waveview 1 {waveview 1}
wv_select_panel WV1.PANEL8:1 9.26143e-08 0.490909
wv_select_waveview 1 {waveview 1}
wv_select_panel WV1.PANEL8:1 9.87304e-08 0.290909
wv_select_waveview 1 {waveview 1}
wv_select_panel WV1.PANEL8:1 1.33242e-07 0.490909
wv_select_waveview 1 {waveview 1}
wv_select_panel WV1.PANEL7:1 9.82935e-08 0.4
wv_select_panel WV1.PANEL7:1 9.82935e-08 0.4 btnup
wv_select_window {Custom WaveView} 
wv_move_window {Custom WaveView} {} 0 0
wv_move_window {Custom WaveView} {} 8 31
wv_select_window {Custom WaveView} 
wv_tree_context_menu {Custom WaveView} {} {hierview} 135 4 {D0:sim.tr0(0)} {+sep=@}
wv_move_scrollbar {Custom WaveView} {} {sigview.HScrolBar} {1}
wv_select_menu_item {Custom WaveView} {} {FileViewPopMenu.Update WDF} 
wv_press_button {Confirmation} {} {Ok} 
wv_close_window {Custom WaveView} 
wv_select_dialog {Confirmation} 
#wv_press_button {Confirmation} {} {Ok} 
#*WARNING* Can not remove '/home/centos/.cx_hostport/.cx_hostport_2024-szjcdl53_17477'.
