\o Program:		@(#)$CDS: libManager version 6.1.8 - CAT37 09/24/2018 21:00 (ip-172-18-22-224) $
\o Sub version:		sub-version  p015 
\o Arguments:		-mpssession virtuoso17881 -mpshost 2024-szjcdl53 
\o Working Directory:	2024-szjcdl53:/home/centos/EE213/MyLibPDK45
\o 64-bit offsets
\o Qt version: 		5.9.1
\o Log file is "/home/centos/EE213/MyLibPDK45/libManager.log".
\o Opening libManager window.
\a nrSetCurrentWindow(cdsLibManager)
\a nrResizeWindow(cdsLibManager list(191 264 602 491))
\o changeWorkingDir("/home/centos/EE213/MyLibPDK45") unnecessary.
\o ddSetForcedLib("") unnecessary.
\o MPS service: map window
\o Library Manager customization server connected.
\a cdsLibManager->libListBox->value = "analogLib"
\a cdsLibManager->libLineEdit->value = "analogLib"
\a cdsLibManager->libListBox->value = "NCSU_TechLib_FreePDK45"
\a cdsLibManager->libLineEdit->value = "NCSU_TechLib_FreePDK45"
\a cdsLibManager->libListBox->value = "US_8ths"
\a cdsLibManager->libLineEdit->value = "US_8ths"
\a cdsLibManager->libListBox->value = "NCSU_TechLib_FreePDK45"
\a cdsLibManager->libLineEdit->value = "NCSU_TechLib_FreePDK45"
\a cdsLibManager->libListBox->value = "NCSU_TechLib_FreePDK15"
\a cdsLibManager->libLineEdit->value = "NCSU_TechLib_FreePDK15"
\a cdsLibManager->libListBox->value = "NCSU_Devices_FreePDK45"
\a cdsLibManager->libLineEdit->value = "NCSU_Devices_FreePDK45"
\a cdsLibManager->libListBox->value = "NCSU_TechLib_FreePDK15"
\a cdsLibManager->libLineEdit->value = "NCSU_TechLib_FreePDK15"
\a cdsLibManager->libListBox->value = "NCSU_TechLib_FreePDK45"
\a cdsLibManager->libLineEdit->value = "NCSU_TechLib_FreePDK45"
\a cdsLibManager->libListBox->value = "US_8ths"
\a cdsLibManager->libLineEdit->value = "US_8ths"
\a cdsLibManager->libListBox->value = "analogLib"
\a cdsLibManager->libLineEdit->value = "analogLib"
\a cdsLibManager->libListBox->value = "basic"
\a cdsLibManager->libLineEdit->value = "basic"
\a cdsLibManager->libListBox->value = "cdsDefTechLib"
\a cdsLibManager->libLineEdit->value = "cdsDefTechLib"
\a nrSetCurrentWindow(cdsLibManager)
\o MPS service: shutdown
\o libManager is exiting.
\a exit(0)
