### Custom WaveView ADV log file, revision Q-2020.03-SP2-2 (build Oct 29, ) ###
### created at 18:10:16 on Mon Oct 28 2024 (Linux AMD64) ###
### Host Name: 2024-szjcdl53   User ID: centos   PID: 15626   ###
wv_start_log
# (0) running in waveview only mode
# (0) SW_SX_PERL_LIB defined
# (0) SW_SX_TCL_LIB defined
# (0) HOME defined
wv_move_window {Custom WaveView} {} 242 265
wv_select_window {Custom WaveView} 
wv_press_tool_button {Custom WaveView} {} {OpenWaveform0} 
wv_select_dialog {FileDialog} 
wv_select_list_item {FileDialog} {} {FileList} {2a_45nm_tr.tr0} 13
wv_select_list_item {FileDialog} {} {FileList} {2a_45nm_tr.tr0} 13
wv_dclick_list_item {FileDialog} {} {FileList} {2a_45nm_tr.tr0} 13
wv_expand_tree_item {Custom WaveView} {} {hierview} {D0:2a_45nm_tr.tr0(0)} {+sep=@}
wv_select_tree_item {Custom WaveView} {} {hierview} {D0:2a_45nm_tr.tr0(0)@toplevel(0)} {0} {+sep=@}
wv_select_list_item {Custom WaveView} {} {sigview} {i(v1)} 2
wv_drag_list_item {Custom WaveView} {} {sigview} {i(v1)} 2
wv_drag_enter WV1
wv_drop_on WV1
wv_select_list_item {Custom WaveView} {} {sigview} {net3} 4
wv_drag_list_item {Custom WaveView} {} {sigview} {net3} 4
wv_drag_enter WV1
wv_drag_to WV1 6 338
wv_drag_to WV1 39 355
wv_drop_on WV1
wv_select_window {Custom WaveView} 
wv_select_list_item {Custom WaveView} {} {sigview} {i(v2)} 3
wv_drag_list_item {Custom WaveView} {} {sigview} {i(v2)} 3
wv_drag_enter WV1
wv_drag_to WV1 5 336
wv_drag_to WV1 53 354
wv_drop_on WV1
wv_select_window {Custom WaveView} 
wv_select_list_item {Custom WaveView} {} {sigview} {i(v0)} 1
wv_drag_list_item {Custom WaveView} {} {sigview} {i(v0)} 1
wv_drag_enter WV1
wv_drag_to WV1 8 328
wv_drag_to WV1 33 352
wv_drop_on WV1
wv_close_window {Custom WaveView} 
wv_select_dialog {Confirmation} 
wv_press_button {Confirmation} {} {Cancel} 
wv_press_tool_button {Custom WaveView} {} {OpenWaveformFile0} 
wv_select_dialog {FileDialog} 
wv_press_button {FileDialog} {} {Up} 
wv_select_list_item {FileDialog} {} {FileList} {1a_45nm} 2
wv_dclick_list_item {FileDialog} {} {FileList} {1a_45nm} 2
wv_select_list_item {FileDialog} {} {FileList} {1a_45nm.sw0} 6
wv_dclick_list_item {FileDialog} {} {FileList} {1a_45nm.sw0} 6
wv_select_tree_item {Custom WaveView} {} {hierview} {D0:2a_45nm_tr.tr0(0)} {0} {+sep=@}
wv_tree_context_menu {Custom WaveView} {} {hierview} 61 9 {D0:2a_45nm_tr.tr0(0)} {+sep=@}
wv_select_menu_item {Custom WaveView} {} {FileViewPopMenu.Close Selected Files} 
wv_press_button {SelectFilesForCloseOrMeasure} {} {Ok} 
wv_expand_tree_item {Custom WaveView} {} {hierview} {D1:1a_45nm.sw0(0)} {+sep=@}
wv_select_tree_item {Custom WaveView} {} {hierview} {D1:1a_45nm.sw0(0)@toplevel(0)} {0} {+sep=@}
wv_select_list_item {Custom WaveView} {} {sigview} {par(3*vdd/4/i1(m0)*(1-7*lambda*vdd/9))} 9
wv_drag_list_item {Custom WaveView} {} {sigview} {par(3*vdd/4/i1(m0)*(1-7*lambda*vdd/9))} 9
wv_drag_enter WV1
wv_drop_on WV1
wv_select_list_item {Custom WaveView} {} {sigview} {par(3*vdd/4/i1(m1)*(1-7*lambda*vdd/9))} 10
wv_drag_list_item {Custom WaveView} {} {sigview} {par(3*vdd/4/i1(m1)*(1-7*lambda*vdd/9))} 10
wv_drag_enter WV1
wv_drag_to WV1 9 291
wv_drag_to WV1 105 353
wv_drop_on WV1
wv_select_window {Custom WaveView} 
wv_select_waveview 1 {waveview 1}
wv_select_wv_item WV1.LEGEND.WIDTH
wv_drag_item_to WV1 83 289
wv_move_wv_item WV1.PANEL1:1.LEGEND.WIDTH 183
wv_select_waveview 1 {waveview 1}
wv_select_wv_item WV1.LEGEND.WIDTH
wv_drag_item_to WV1 184 287
wv_move_wv_item WV1.PANEL1:1.LEGEND.WIDTH 106
wv_select_waveview 1 {waveview 1}
wv_select_wv_item WV1.PANEL2:1.LEGEND
wv_select_panel WV1.PANEL2:1.LEGEND
wv_select_waveview 1 {waveview 1}
wv_select_wv_item WV1.PANEL1:1.LEGEND
wv_select_panel WV1.PANEL1:1.LEGEND
wv_select_list_item {Custom WaveView} {} {sigview} {i1(m1)} 5
wv_drag_list_item {Custom WaveView} {} {sigview} {i1(m1)} 5
wv_drag_enter WV1
wv_drag_to WV1 11 340
wv_drag_to WV1 45 352
wv_drop_on WV1
wv_select_list_item {Custom WaveView} {} {sigview} {i1(m0)} 4
wv_drag_list_item {Custom WaveView} {} {sigview} {i1(m0)} 4
wv_drag_enter WV1
wv_drag_to WV1 23 329
wv_drag_to WV1 147 352
wv_drop_on WV1
wv_select_window {Custom WaveView} 
wv_move_window {Custom WaveView} {} 0 0
wv_move_window {Custom WaveView} {} 236 231
wv_select_window {Custom WaveView} 
wv_close_window {Custom WaveView} 
wv_select_dialog {Confirmation} 
#wv_press_button {Confirmation} {} {Ok} 
#*WARNING* Can not remove '/home/centos/.cx_hostport/.cx_hostport_2024-szjcdl53_15626'.
