### Custom WaveView ADV log file, revision Q-2020.03-SP2-2 (build Oct 29, ) ###
### created at 21:21:34 on Mon Oct 21 2024 (Linux AMD64) ###
### Host Name: 2024-szjcdl53   User ID: centos   PID: 23278   ###
wv_start_log
# (0) running in waveview only mode
# (0) SW_SX_PERL_LIB defined
# (0) SW_SX_TCL_LIB defined
# (0) HOME defined
wv_move_window {Custom WaveView} {} 138 161
wv_select_window {Custom WaveView} 
wv_move_window {Custom WaveView} {} 547 276
wv_press_tool_button {Custom WaveView} {} {OpenWaveform0} 
wv_select_dialog {FileDialog} 
wv_select_list_item {FileDialog} {} {FileList} {2a_45nm.sw0} 6
wv_dclick_list_item {FileDialog} {} {FileList} {2a_45nm.sw0} 6
wv_expand_tree_item {Custom WaveView} {} {hierview} {D0:2a_45nm.sw0(0)} {+sep=@}
wv_select_tree_item {Custom WaveView} {} {hierview} {D0:2a_45nm.sw0(0)@toplevel(0)} {0} {+sep=@}
wv_select_list_item {Custom WaveView} {} {sigview} {i1(m0)} 4
wv_drag_list_item {Custom WaveView} {} {sigview} {i1(m0)} 4
wv_drag_enter WV1
wv_drop_on WV1
wv_select_waveview 1 {waveview 1}
wv_select_wv_item WV1.LEGEND.HSLIDER 40 385
wv_drag_item_to WV1 41 385
wv_drag_item_to WV1 23 387
wv_horz_scroll WV1.LEGEND 0
wv_select_waveview 1 {waveview 1}
wv_select_wv_item WV1.PANEL1:1.LEGEND
wv_select_panel WV1.PANEL1:1.LEGEND
wv_select_waveview 1 {waveview 1}
wv_select_wv_item WV1.PANEL1:1.LEGEND
wv_select_panel WV1.PANEL1:1.LEGEND
wv_select_waveview 1 {waveview 1}
wv_select_wv_item WV1.PANEL1:1.LINE1
wv_select_line WV1.PANEL1:1.LINE1
wv_select_window {Custom WaveView} 
wv_waveview_context_menu WV1.TAB
wv_select_waveview 1 {waveview 1}
wv_select_menu_item {Custom WaveView} {waveview 1:1} {WaveViewPopMenu.Dump Screen} 
wv_set_check {SaveScreenDump} {} {ExcludeWVHeaderFooterArea} 1
wv_set_text {SaveScreenDump} {} {SaveToFile} "2a_45nm"
wv_press_button {SaveScreenDump} {} {Save} 
wv_move_window {Custom WaveView} {} 0 0
wv_move_window {Custom WaveView} {} 547 276
wv_select_window {Custom WaveView} 
wv_select_waveview 1 {waveview 1}
wv_select_wv_item WV1.PANEL1:1.LEGEND
wv_select_panel WV1.PANEL1:1.LEGEND
wv_select_waveview 1 {waveview 1}
wv_select_panel WV1.PANEL1:1 0.361821 6.24542e-05
wv_move_window {Custom WaveView} {} 0 0
wv_move_window {Custom WaveView} {} 547 276
wv_select_window {Custom WaveView} 
wv_tree_context_menu {Custom WaveView} {} {hierview} 113 11 {D0:2a_45nm.sw0(0)} {+sep=@}
wv_select_window {Custom WaveView} 
wv_press_tool_button {Custom WaveView} {} {OpenWaveformFile0} 
wv_select_dialog {FileDialog} 
wv_select_list_item {FileDialog} {} {FileList} {2a_45nm.sw0@1} 8
wv_select_list_item {FileDialog} {} {FileList} {2a_45nm.sw0@2} 9 +ctrl
wv_press_button {FileDialog} {} {Ok} 
wv_select_tree_item {Custom WaveView} {} {hierview} {D0:2a_45nm.sw0(0)} {0} {+sep=@}
wv_press_key Delete 141 175
wv_select_dialog {Confirmation} 
wv_press_button {Confirmation} {} {Ok} 
wv_tree_context_menu {Custom WaveView} {} {hierview} 61 12 {D0:2a_45nm.sw0(0)} {+sep=@}
wv_select_menu_item {Custom WaveView} {} {FileViewPopMenu.Close Selected Files} 
wv_press_button {SelectFilesForCloseOrMeasure} {} {Ok} 
wv_expand_tree_item {Custom WaveView} {} {hierview} {D0:2a_45nm.sw0@1(0)} {+sep=/}
wv_drag_tree_item {Custom WaveView} {} {hierview} {D0:2a_45nm.sw0@1(0)/toplevel(0)} {+sep=/}
wv_select_tree_item {Custom WaveView} {} {hierview} {D0:2a_45nm.sw0@1(0)/toplevel(0)} {0} {+sep=/}
wv_select_list_item {Custom WaveView} {} {sigview} {i1(m0)} 4
wv_drag_list_item {Custom WaveView} {} {sigview} {i1(m0)} 4
wv_drag_enter WV1
wv_drop_on WV1
wv_drag_tree_item {Custom WaveView} {} {hierview} {D0:2a_45nm.sw0@2(1)} {+sep=/}
wv_select_tree_item {Custom WaveView} {} {hierview} {D0:2a_45nm.sw0@2(1)} {0} {+sep=/}
wv_expand_tree_item {Custom WaveView} {} {hierview} {D0:2a_45nm.sw0@2(1)} {+sep=/}
wv_drag_tree_item {Custom WaveView} {} {hierview} {D0:2a_45nm.sw0@2(1)} {+sep=/}
wv_select_tree_item {Custom WaveView} {} {hierview} {D0:2a_45nm.sw0@2(1)} {0} {+sep=/}
wv_select_tree_item {Custom WaveView} {} {hierview} {D0:2a_45nm.sw0@2(1)/toplevel(0)} {0} {+sep=/}
wv_select_list_item {Custom WaveView} {} {sigview} {i1(m0)} 4
wv_drag_list_item {Custom WaveView} {} {sigview} {i1(m0)} 4
wv_drag_enter WV1
wv_drag_to WV1 17 290
wv_drop_on WV1
wv_select_waveview 1 {waveview 1}
wv_select_wv_item WV1.PANEL1:1.LEGEND
wv_select_panel WV1.PANEL1:1.LEGEND
wv_select_waveview 1 {waveview 1}
wv_select_wv_item WV1.LEGEND.WIDTH
wv_drag_item_to WV1 81 134
wv_move_wv_item WV1.PANEL1:1.LEGEND.WIDTH 209
wv_select_waveview 1 {waveview 1}
wv_select_wv_item WV1.LEGEND.WIDTH
wv_drag_item_to WV1 206 141
wv_move_wv_item WV1.PANEL1:1.LEGEND.WIDTH 96
wv_press_tool_button {Custom WaveView} {} {OpenWaveformFile0} 
wv_select_dialog {FileDialog} 
wv_select_list_item {FileDialog} {} {FileList} {2a_45nm.sw0} 7
wv_press_button {FileDialog} {} {Ok} 
wv_select_tree_item {Custom WaveView} {} {hierview} {D0:2a_45nm.sw0(2)} {0} {+sep=@}
wv_expand_tree_item {Custom WaveView} {} {hierview} {D0:2a_45nm.sw0(2)} {+sep=@}
wv_select_tree_item {Custom WaveView} {} {hierview} {D0:2a_45nm.sw0(2)@toplevel(0)} {0} {+sep=@}
wv_select_list_item {Custom WaveView} {} {sigview} {i1(m0)} 4
wv_drag_list_item {Custom WaveView} {} {sigview} {i1(m0)} 4
wv_drag_enter WV1
wv_drag_to WV1 57 258
wv_drop_on WV1
wv_select_waveview 1 {waveview 1}
wv_select_wv_item WV1.PANEL1:1.LINE3
wv_select_line WV1.PANEL1:1.LINE3
wv_press_key Delete 323 224
wv_select_dialog {Confirmation} 
wv_press_button {Confirmation} {} {Ok} 
wv_select_waveview 1 {waveview 1}
wv_select_wv_item WV1.PANEL1:1.LEGEND
wv_select_panel WV1.PANEL1:1.LEGEND
wv_select_waveview 1 {waveview 1}
wv_select_panel WV1.PANEL1:1 0.100751 6.13411e-05
wv_select_waveview 1 {waveview 1}
wv_select_wv_item WV1.PANEL1:1.LEGEND
wv_select_panel WV1.PANEL1:1.LEGEND
wv_select_list_item {Custom WaveView} {} {sigview} {net4} 6
wv_drag_list_item {Custom WaveView} {} {sigview} {net4} 6
wv_drag_enter WV1
wv_drag_to WV1 20 350
wv_drag_to WV1 122 353
wv_drop_on WV1
wv_select_waveview 1 {waveview 1}
wv_select_wv_item WV1.PANEL2:1.LEGEND
wv_drag_item_to WV1 45 287
wv_select_panel WV1.PANEL2:1.LEGEND
wv_select_tree_item {Custom WaveView} {} {hierview} {D0:2a_45nm.sw0(2)} {0} {+sep=@}
wv_tree_context_menu {Custom WaveView} {} {hierview} 92 76 {D0:2a_45nm.sw0(2)} {+sep=@}
wv_select_menu_item {Custom WaveView} {} {FileViewPopMenu.Close Selected Files} 
wv_press_button {SelectFilesForCloseOrMeasure} {} {Ok} 
wv_select_tree_item {Custom WaveView} {} {hierview} {D0:2a_45nm.sw0@2(1)/toplevel(0)} {0} {+sep=/}
wv_select_list_item {Custom WaveView} {} {sigview} {net4} 6
wv_drag_list_item {Custom WaveView} {} {sigview} {net4} 6
wv_drag_enter WV1
wv_drag_to WV1 34 351
wv_drag_to WV1 52 353
wv_drop_on WV1
wv_select_tree_item {Custom WaveView} {} {hierview} {D0:2a_45nm.sw0@1(0)/toplevel(0)} {0} {+sep=/}
wv_select_list_item {Custom WaveView} {} {sigview} {net4} 6
wv_drag_list_item {Custom WaveView} {} {sigview} {net4} 6
wv_drag_enter WV1
wv_drag_to WV1 31 324
wv_drop_on WV1
wv_select_waveview 1 {waveview 1}
wv_select_panel WV1.PANEL2:1 0.0611111 1.0875
wv_select_panel WV1.PANEL2:1 0.0611111 1.0875 btnup
wv_select_waveview 1 {waveview 1}
wv_select_wv_item WV1.LEGEND.WIDTH
wv_drag_item_to WV1 97 224
wv_move_wv_item WV1.PANEL1:1.LEGEND.WIDTH 175
wv_select_waveview 1 {waveview 1}
wv_select_wv_item WV1.PANEL2:1.LINE2
wv_drag_item_to WV1 126 208
wv_select_line WV1.PANEL2:1.LINE2
wv_drag_enter WV1
wv_drag_to WV1 127 194
wv_drag_to WV1 127 192
wv_drag_to WV1 128 193
wv_drop_on WV1
wv_drag_item_to WV1 126 208
wv_select_waveview 1 {waveview 1}
wv_select_wv_item WV1.PANEL2:1.LINE1
wv_drag_item_to WV1 129 200
wv_select_line WV1.PANEL2:1.LINE1
wv_drag_enter WV1
wv_drag_to WV1 129 207
wv_drop_on WV1
wv_drag_item_to WV1 129 200
wv_select_waveview 1 {waveview 1}
wv_select_wv_item WV1.PANEL2:1.LINE1
wv_drag_item_to WV1 129 198
wv_drag_enter WV1
wv_drag_to WV1 129 204
wv_drop_on WV1
wv_drag_item_to WV1 129 198
wv_select_waveview 1 {waveview 1}
wv_select_wv_item WV1.PANEL2:1.LINE2
wv_drag_item_to WV1 128 209
wv_select_line WV1.PANEL2:1.LINE2
wv_drag_enter WV1
wv_drag_to WV1 128 204
wv_drop_on WV1
wv_drag_item_to WV1 128 209
wv_select_waveview 1 {waveview 1}
wv_select_wv_item WV1.PANEL2:1.LINE1
wv_drag_item_to WV1 131 201
wv_select_line WV1.PANEL2:1.LINE1
wv_drag_enter WV1
wv_drag_to WV1 131 208
wv_drop_on WV1
wv_drag_item_to WV1 131 201
wv_select_waveview 1 {waveview 1}
wv_select_wv_item WV1.PANEL2:1.LEGEND
wv_drag_item_to WV1 120 273
wv_select_panel WV1.PANEL2:1.LEGEND
wv_select_waveview 1 {waveview 1}
wv_select_wv_item WV1.PANEL2:1.LEGEND
wv_select_panel WV1.PANEL2:1.LEGEND
wv_select_waveview 1 {waveview 1}
wv_select_wv_item WV1.LEGEND.WIDTH
wv_drag_item_to WV1 173 263
wv_move_wv_item WV1.PANEL1:1.LEGEND.WIDTH 135
wv_select_waveview 1 {waveview 1}
wv_select_wv_item WV1.PANEL2:1.LEGEND
wv_select_panel WV1.PANEL2:1.LEGEND
wv_select_waveview 1 {waveview 1}
wv_select_wv_item WV1.PANEL2:1.LEGEND
wv_select_panel WV1.PANEL2:1.LEGEND
wv_select_waveview 1 {waveview 1}
wv_select_wv_item WV1.PANEL2:1.LEGEND
wv_select_panel WV1.PANEL2:1.LEGEND
wv_select_waveview 1 {waveview 1}
wv_waveview_context_menu WV1.PANEL2:1.LEGEND
wv_select_waveview 1 {waveview 1}
wv_select_menu_item {Custom WaveView} {waveview 1:1} {PanelPopMenu.Cut} 
wv_close_dialog {Confirmation} 
wv_select_window {Custom WaveView} 
wv_select_waveview 1 {waveview 1}
wv_waveview_context_menu WV1.PANEL2:1.LEGEND
wv_select_waveview 1 {waveview 1}
wv_select_menu_item {Custom WaveView} {waveview 1:1} {PanelPopMenu.Delete} 
wv_press_button {Confirmation} {} {Ok} 
wv_select_waveview 1 {waveview 1}
wv_select_wv_item WV1.PANEL1:1.LEGEND
wv_select_panel WV1.PANEL1:1.LEGEND
wv_select_waveview 1 {waveview 1}
wv_select_wv_item WV1.PANEL1:1.LEGEND
wv_select_panel WV1.PANEL1:1.LEGEND
wv_select_waveview 1 {waveview 1}
wv_select_wv_item WV1.LEGEND.WIDTH
wv_drag_item_to WV1 132 180
wv_move_wv_item WV1.PANEL1:1.LEGEND.WIDTH 97
wv_select_waveview 1 {waveview 1}
wv_select_wv_item WV1.PANEL1:1.LEGEND
wv_select_panel WV1.PANEL1:1.LEGEND
wv_select_waveview 1 {waveview 1}
wv_select_wv_item WV1.PANEL1:1.LEGEND
wv_select_panel WV1.PANEL1:1.LEGEND
wv_select_waveview 1 {waveview 1}
wv_select_toolbar_item {Custom WaveView} {waveview 1:1} {Drawing Tool} 
wv_set_text {DrawToolParameters} {} {RemarkText} "vds = 1.1V"
wv_select_combox_item {DrawToolParameters} {} {FontSize} "12" 3
wv_press_button {DrawToolParameters} {} {Ok} 
wv_select_window {Custom WaveView} 
wv_select_waveview 1 {waveview 1}
wv_select_wv_item WV1.TEXT1
wv_drag_item_to WV1 471 193
wv_move_wv_item WV1.TEXT1 561 167
wv_select_waveview 1 {waveview 1}
wv_select_wv_item WV1.LEGEND.WIDTH
wv_drag_item_to WV1 97 69
wv_move_wv_item WV1.PANEL1:1.LEGEND.WIDTH 184
wv_select_waveview 1 {waveview 1}
wv_select_wv_item WV1.LEGEND.WIDTH
wv_drag_item_to WV1 182 70
wv_move_wv_item WV1.PANEL1:1.LEGEND.WIDTH 109
wv_select_waveview 1 {waveview 1}
wv_select_wv_item WV1.LEGEND.WIDTH
wv_drag_item_to WV1 109 88
wv_move_wv_item WV1.PANEL1:1.LEGEND.WIDTH 102
wv_select_waveview 1 {waveview 1}
wv_select_wv_item WV1.PANEL1:1.LEGEND
wv_select_panel WV1.PANEL1:1.LEGEND
wv_select_waveview 1 {waveview 1}
wv_select_wv_item WV1.PANEL1:1.LEGEND
wv_select_panel WV1.PANEL1:1.LEGEND
wv_select_waveview 1 {waveview 1}
wv_select_toolbar_item {Custom WaveView} {waveview 1:1} {Drawing Tool} 
wv_set_text {DrawToolParameters} {} {RemarkText} "vds = 0.1V"
wv_select_combox_item {DrawToolParameters} {} {FontSize} "12" 3
wv_press_button {DrawToolParameters} {} {Ok} 
wv_select_window {Custom WaveView} 
wv_select_waveview 1 {waveview 1}
wv_select_wv_item WV1.TEXT1
wv_drag_item_to WV1 472 195
wv_move_wv_item WV1.TEXT1 559 280
wv_select_waveview 1 {waveview 1}
wv_select_wv_item WV1.TEXT1
wv_drag_item_to WV1 558 278
wv_move_wv_item WV1.TEXT1 558 278
wv_select_waveview 1 {waveview 1}
wv_select_panel WV1.PANEL1:1 0.758333 4.28652e-05
wv_select_waveview 1 {waveview 1}
wv_select_wv_item WV1.PANEL1:1.LINE1
wv_select_line WV1.PANEL1:1.LINE1
wv_select_waveview 1 {waveview 1}
wv_select_wv_item WV1.PANEL1:1.LINE2
wv_select_line WV1.PANEL1:1.LINE2
wv_select_waveview 1 {waveview 1}
wv_ctrl_select_panel WV1.PANEL1:1.LEGEND
wv_select_waveview 1 {waveview 1}
wv_select_wv_item WV1.PANEL1:1.LINE1
wv_select_line WV1.PANEL1:1.LINE1
wv_select_waveview 1 {waveview 1}
wv_ctrl_select_line WV1.PANEL1:1.LINE2
wv_press_tool_button {Custom WaveView} {} {DumpScreen0} 
wv_select_dialog {SaveScreenDump} 
wv_close_dialog {SaveScreenDump} 
wv_select_window {Custom WaveView} 
wv_press_tool_button {Custom WaveView} {} {ExportWaveform0} 
wv_select_dialog {WaveformExportParameters} 
wv_close_dialog {WaveformExportParameters} 
wv_select_window {Custom WaveView} 
wv_press_tool_button {Custom WaveView} {} {DumpScreen0} 
wv_select_dialog {SaveScreenDump} 
wv_press_button {SaveScreenDump} {} {Save} 
wv_press_button {Confirmation} {} {Ok} 
wv_move_window {Custom WaveView} {} 0 0
wv_move_window {Custom WaveView} {} 547 276
wv_select_window {Custom WaveView} 
wv_press_tool_button {Custom WaveView} {waveview 1:1} {Waveview.CloseBtn} 
wv_select_dialog {Confirmation} 
wv_press_button {Confirmation} {} {Ok} 
wv_press_tool_button {Custom WaveView} {} {OpenWaveformFile0} 
wv_select_dialog {FileDialog} 
wv_close_dialog {FileDialog} 
wv_select_window {Custom WaveView} 
wv_select_tree_item {Custom WaveView} {} {hierview} {D0:2a_45nm.sw0@1(0)} {0} {+sep=/}
wv_select_tree_item {Custom WaveView} {} {hierview} {D0:2a_45nm.sw0@2(1)} {0} {+sep=/}
wv_select_tree_item {Custom WaveView} {} {hierview} {D0:2a_45nm.sw0@1(0)} {0} {+sep=/}
wv_tree_context_menu {Custom WaveView} {} {hierview} 156 8 {D0:2a_45nm.sw0@1(0)} {+sep=/}
wv_select_menu_item {Custom WaveView} {} {FileViewPopMenu.Close All} 
wv_press_button {Confirmation} {} {Ok} 
wv_press_tool_button {Custom WaveView} {} {OpenWaveformFile0} 
wv_select_dialog {FileDialog} 
wv_press_button {FileDialog} {} {Up} 
wv_select_list_item {FileDialog} {} {FileList} {3a_45nm} 4
wv_dclick_list_item {FileDialog} {} {FileList} {3a_45nm} 4
wv_select_list_item {FileDialog} {} {FileList} {3a_45nm.sw0@1} 5
wv_select_list_item {FileDialog} {} {FileList} {3a_45nm.sw0@10} 14 +shift
wv_press_button {FileDialog} {} {Ok} 
wv_expand_tree_item {Custom WaveView} {} {hierview} {D1:3a_45nm.sw0@1(0)} {+sep=/}
wv_select_tree_item {Custom WaveView} {} {hierview} {D1:3a_45nm.sw0@1(0)/toplevel(0)} {0} {+sep=/}
wv_select_list_item {Custom WaveView} {} {sigview} {i1(m0)} 4
wv_drag_list_item {Custom WaveView} {} {sigview} {i1(m0)} 4
wv_drag_enter WV1
wv_drop_on WV1
wv_expand_tree_item {Custom WaveView} {} {hierview} {D1:3a_45nm.sw0@2(1)} {+sep=/}
wv_select_tree_item {Custom WaveView} {} {hierview} {D1:3a_45nm.sw0@2(1)/toplevel(0)} {0} {+sep=/}
wv_select_list_item {Custom WaveView} {} {sigview} {i1(m0)} 4
wv_drag_list_item {Custom WaveView} {} {sigview} {i1(m0)} 4
wv_drag_enter WV1
wv_drag_to WV1 53 281
wv_drop_on WV1
wv_expand_tree_item {Custom WaveView} {} {hierview} {D1:3a_45nm.sw0@3(2)} {+sep=/}
wv_select_tree_item {Custom WaveView} {} {hierview} {D1:3a_45nm.sw0@3(2)/toplevel(0)} {0} {+sep=/}
wv_select_list_item {Custom WaveView} {} {sigview} {i1(m0)} 4
wv_drag_list_item {Custom WaveView} {} {sigview} {i1(m0)} 4
wv_drag_enter WV1
wv_drag_to WV1 22 247
wv_drop_on WV1
wv_expand_tree_item {Custom WaveView} {} {hierview} {D1:3a_45nm.sw0@4(3)} {+sep=/}
wv_select_tree_item {Custom WaveView} {} {hierview} {D1:3a_45nm.sw0@4(3)/toplevel(0)} {0} {+sep=/}
wv_select_list_item {Custom WaveView} {} {sigview} {i1(m0)} 4
wv_drag_list_item {Custom WaveView} {} {sigview} {i1(m0)} 4
wv_drag_enter WV1
wv_drag_to WV1 36 266
wv_drop_on WV1
wv_move_scrollbar {Custom WaveView} {} {hierview.VScrollBar} {2}
wv_select_tree_item {Custom WaveView} {} {hierview} {D1:3a_45nm.sw0@5(4)} {0} {+sep=/}
wv_expand_tree_item {Custom WaveView} {} {hierview} {D1:3a_45nm.sw0@5(4)} {+sep=/}
wv_select_tree_item {Custom WaveView} {} {hierview} {D1:3a_45nm.sw0@5(4)/toplevel(0)} {0} {+sep=/}
wv_select_list_item {Custom WaveView} {} {sigview} {i1(m0)} 4
wv_drag_list_item {Custom WaveView} {} {sigview} {i1(m0)} 4
wv_drag_enter WV1
wv_drag_to WV1 24 270
wv_drop_on WV1
wv_expand_tree_item {Custom WaveView} {} {hierview} {D1:3a_45nm.sw0@6(5)} {+sep=/}
wv_drag_tree_item {Custom WaveView} {} {hierview} {D1:3a_45nm.sw0@6(5)/toplevel(0)} {+sep=/}
wv_select_tree_item {Custom WaveView} {} {hierview} {D1:3a_45nm.sw0@6(5)/toplevel(0)} {0} {+sep=/}
wv_select_list_item {Custom WaveView} {} {sigview} {i1(m0)} 4
wv_drag_list_item {Custom WaveView} {} {sigview} {i1(m0)} 4
wv_drag_enter WV1
wv_drag_to WV1 54 292
wv_drop_on WV1
wv_move_scrollbar {Custom WaveView} {} {hierview.VScrollBar} {4}
wv_select_tree_item {Custom WaveView} {} {hierview} {D1:3a_45nm.sw0@7(6)} {0} {+sep=/}
wv_expand_tree_item {Custom WaveView} {} {hierview} {D1:3a_45nm.sw0@7(6)} {+sep=/}
wv_select_tree_item {Custom WaveView} {} {hierview} {D1:3a_45nm.sw0@7(6)/toplevel(0)} {0} {+sep=/}
wv_select_list_item {Custom WaveView} {} {sigview} {i1(m0)} 4
wv_drag_list_item {Custom WaveView} {} {sigview} {i1(m0)} 4
wv_drag_enter WV1
wv_drag_to WV1 41 249
wv_drop_on WV1
wv_move_scrollbar {Custom WaveView} {} {hierview.VScrollBar} {5}
wv_expand_tree_item {Custom WaveView} {} {hierview} {D1:3a_45nm.sw0@8(7)} {+sep=/}
wv_select_tree_item {Custom WaveView} {} {hierview} {D1:3a_45nm.sw0@8(7)/toplevel(0)} {0} {+sep=/}
wv_select_list_item {Custom WaveView} {} {sigview} {i1(m0)} 4
wv_drag_list_item {Custom WaveView} {} {sigview} {i1(m0)} 4
wv_drag_enter WV1
wv_drag_to WV1 27 267
wv_drop_on WV1
wv_select_window {Custom WaveView} 
wv_move_scrollbar {Custom WaveView} {} {hierview.VScrollBar} {6}
wv_select_waveview 1 {waveview 1}
wv_select_wv_item WV1.LEGEND.WIDTH
wv_drag_item_to WV1 81 163
wv_move_wv_item WV1.PANEL1:1.LEGEND.WIDTH 205
wv_expand_tree_item {Custom WaveView} {} {hierview} {D1:3a_45nm.sw0@9(8)} {+sep=/}
wv_move_scrollbar {Custom WaveView} {} {hierview.VScrollBar} {7}
wv_select_tree_item {Custom WaveView} {} {hierview} {D1:3a_45nm.sw0@9(8)/toplevel(0)} {0} {+sep=/}
wv_select_list_item {Custom WaveView} {} {sigview} {i1(m0)} 4
wv_drag_list_item {Custom WaveView} {} {sigview} {i1(m0)} 4
wv_drag_enter WV1
wv_drag_to WV1 24 260
wv_drop_on WV1
wv_expand_tree_item {Custom WaveView} {} {hierview} {D1:3a_45nm.sw0@10(9)} {+sep=/}
wv_move_scrollbar {Custom WaveView} {} {hierview.VScrollBar} {8}
wv_select_tree_item {Custom WaveView} {} {hierview} {D1:3a_45nm.sw0@10(9)/toplevel(0)} {0} {+sep=/}
wv_select_list_item {Custom WaveView} {} {sigview} {i1(m0)} 4
wv_drag_list_item {Custom WaveView} {} {sigview} {i1(m0)} 4
wv_drag_enter WV1
wv_drag_to WV1 62 286
wv_drop_on WV1
wv_select_waveview 1 {waveview 1}
wv_select_wv_item WV1.LEGEND.WIDTH
wv_drag_item_to WV1 201 206
wv_move_wv_item WV1.PANEL1:1.LEGEND.WIDTH 131
wv_select_waveview 1 {waveview 1}
wv_select_wv_item WV1.LEGEND.WIDTH
wv_drag_item_to WV1 130 211
wv_move_wv_item WV1.PANEL1:1.LEGEND.WIDTH 125
wv_close_window {Custom WaveView} 
wv_select_dialog {Confirmation} 
#wv_press_button {Confirmation} {} {Ok} 
#*WARNING* Can not remove '/home/centos/.cx_hostport/.cx_hostport_2024-szjcdl53_23278'.
