### Custom WaveView ADV log file, revision Q-2020.03-SP2-2 (build Oct 29, ) ###
### created at 00:02:52 on Tue Oct 22 2024 (Linux AMD64) ###
### Host Name: 2024-szjcdl53   User ID: centos   PID: 21587   ###
wv_start_log
# (0) running in waveview only mode
# (0) SW_SX_PERL_LIB defined
# (0) SW_SX_TCL_LIB defined
# (0) HOME defined
wv_move_window {Custom WaveView} {} 34 57
wv_select_window {Custom WaveView} 
wv_press_tool_button {Custom WaveView} {} {OpenWaveform0} 
wv_select_dialog {FileDialog} 
wv_select_list_item {FileDialog} {} {FileList} {3a_45nm.sw0@1} 5
wv_move_scrollbar {FileDialog} {} {FileList.HScrollBar} {83}
wv_select_list_item {FileDialog} {} {FileList} {3a_45nm.sw0@12} 16 +shift
wv_press_button {FileDialog} {} {Ok} 
wv_expand_tree_item {Custom WaveView} {} {hierview} {D0:3a_45nm.sw0@1(0)} {+sep=/}
wv_select_tree_item {Custom WaveView} {} {hierview} {D0:3a_45nm.sw0@1(0)/toplevel(0)} {0} {+sep=/}
wv_select_list_item {Custom WaveView} {} {sigview} {i1(m0)} 4
wv_drag_list_item {Custom WaveView} {} {sigview} {i1(m0)} 4
wv_drag_enter WV1
wv_drop_on WV1
wv_expand_tree_item {Custom WaveView} {} {hierview} {D0:3a_45nm.sw0@2(1)} {+sep=/}
wv_drag_tree_item {Custom WaveView} {} {hierview} {D0:3a_45nm.sw0@2(1)} {+sep=/}
wv_select_tree_item {Custom WaveView} {} {hierview} {D0:3a_45nm.sw0@2(1)} {0} {+sep=/}
wv_select_tree_item {Custom WaveView} {} {hierview} {D0:3a_45nm.sw0@2(1)/toplevel(0)} {0} {+sep=/}
wv_select_list_item {Custom WaveView} {} {sigview} {i1(m0)} 4
wv_drag_list_item {Custom WaveView} {} {sigview} {i1(m0)} 4
wv_drag_enter WV1
wv_drag_to WV1 58 247
wv_drop_on WV1
wv_expand_tree_item {Custom WaveView} {} {hierview} {D0:3a_45nm.sw0@3(2)} {+sep=/}
wv_select_tree_item {Custom WaveView} {} {hierview} {D0:3a_45nm.sw0@3(2)/toplevel(0)} {0} {+sep=/}
wv_select_list_item {Custom WaveView} {} {sigview} {i1(m0)} 4
wv_drag_list_item {Custom WaveView} {} {sigview} {i1(m0)} 4
wv_drag_enter WV1
wv_drag_to WV1 35 276
wv_drop_on WV1
wv_expand_tree_item {Custom WaveView} {} {hierview} {D0:3a_45nm.sw0@4(3)} {+sep=/}
wv_select_tree_item {Custom WaveView} {} {hierview} {D0:3a_45nm.sw0@4(3)/toplevel(0)} {0} {+sep=/}
wv_select_list_item {Custom WaveView} {} {sigview} {i1(m0)} 4
wv_drag_list_item {Custom WaveView} {} {sigview} {i1(m0)} 4
wv_drag_enter WV1
wv_drag_to WV1 51 247
wv_drop_on WV1
wv_move_scrollbar {Custom WaveView} {} {hierview.VScrollBar} {3}
wv_move_scrollbar {Custom WaveView} {} {hierview.VScrollBar} {4}
wv_expand_tree_item {Custom WaveView} {} {hierview} {D0:3a_45nm.sw0@5(4)} {+sep=/}
wv_select_tree_item {Custom WaveView} {} {hierview} {D0:3a_45nm.sw0@5(4)/toplevel(0)} {0} {+sep=/}
wv_select_list_item {Custom WaveView} {} {sigview} {i1(m0)} 4
wv_drag_list_item {Custom WaveView} {} {sigview} {i1(m0)} 4
wv_drag_enter WV1
wv_drag_to WV1 60 246
wv_drop_on WV1
wv_expand_tree_item {Custom WaveView} {} {hierview} {D0:3a_45nm.sw0@6(5)} {+sep=/}
wv_select_tree_item {Custom WaveView} {} {hierview} {D0:3a_45nm.sw0@6(5)/toplevel(0)} {0} {+sep=/}
wv_select_list_item {Custom WaveView} {} {sigview} {i1(m0)} 4
wv_drag_list_item {Custom WaveView} {} {sigview} {i1(m0)} 4
wv_drag_enter WV1
wv_drag_to WV1 15 251
wv_drop_on WV1
wv_move_scrollbar {Custom WaveView} {} {hierview.VScrollBar} {6}
wv_expand_tree_item {Custom WaveView} {} {hierview} {D0:3a_45nm.sw0@7(6)} {+sep=/}
wv_drag_tree_item {Custom WaveView} {} {hierview} {D0:3a_45nm.sw0@7(6)} {+sep=/}
wv_select_tree_item {Custom WaveView} {} {hierview} {D0:3a_45nm.sw0@7(6)} {0} {+sep=/}
wv_select_tree_item {Custom WaveView} {} {hierview} {D0:3a_45nm.sw0@7(6)/toplevel(0)} {0} {+sep=/}
wv_select_list_item {Custom WaveView} {} {sigview} {i1(m0)} 4
wv_drag_list_item {Custom WaveView} {} {sigview} {i1(m0)} 4
wv_drag_enter WV1
wv_drag_to WV1 32 247
wv_drop_on WV1
wv_move_scrollbar {Custom WaveView} {} {hierview.VScrollBar} {7}
wv_expand_tree_item {Custom WaveView} {} {hierview} {D0:3a_45nm.sw0@8(7)} {+sep=/}
wv_select_tree_item {Custom WaveView} {} {hierview} {D0:3a_45nm.sw0@8(7)/toplevel(0)} {0} {+sep=/}
wv_select_list_item {Custom WaveView} {} {sigview} {i1(m0)} 4
wv_drag_list_item {Custom WaveView} {} {sigview} {i1(m0)} 4
wv_drag_enter WV1
wv_drag_to WV1 45 244
wv_drop_on WV1
wv_expand_tree_item {Custom WaveView} {} {hierview} {D0:3a_45nm.sw0@9(8)} {+sep=/}
wv_select_tree_item {Custom WaveView} {} {hierview} {D0:3a_45nm.sw0@9(8)/toplevel(0)} {0} {+sep=/}
wv_select_list_item {Custom WaveView} {} {sigview} {i1(m0)} 4
wv_drag_list_item {Custom WaveView} {} {sigview} {i1(m0)} 4
wv_drag_enter WV1
wv_drag_to WV1 29 251
wv_drop_on WV1
wv_move_scrollbar {Custom WaveView} {} {hierview.VScrollBar} {9}
wv_expand_tree_item {Custom WaveView} {} {hierview} {D0:3a_45nm.sw0@10(9)} {+sep=/}
wv_select_tree_item {Custom WaveView} {} {hierview} {D0:3a_45nm.sw0@10(9)/toplevel(0)} {0} {+sep=/}
wv_select_list_item {Custom WaveView} {} {sigview} {i1(m0)} 4
wv_drag_list_item {Custom WaveView} {} {sigview} {i1(m0)} 4
wv_drag_enter WV1
wv_drag_to WV1 43 248
wv_drop_on WV1
wv_select_combox_item {Custom WaveView} {} {SignalType} "Voltage" 1
wv_select_combox_item {Custom WaveView} {} {SignalType} "Current" 2
wv_move_scrollbar {Custom WaveView} {} {hierview.VScrollBar} {10}
wv_expand_tree_item {Custom WaveView} {} {hierview} {D0:3a_45nm.sw0@11(10)} {+sep=/}
wv_move_scrollbar {Custom WaveView} {} {hierview.VScrollBar} {11}
wv_select_tree_item {Custom WaveView} {} {hierview} {D0:3a_45nm.sw0@11(10)/toplevel(0)} {0} {+sep=/}
wv_select_list_item {Custom WaveView} {} {sigview} {i1(m0)} 4
wv_drag_list_item {Custom WaveView} {} {sigview} {i1(m0)} 4
wv_drag_enter WV1
wv_drag_to WV1 50 245
wv_drop_on WV1
wv_expand_tree_item {Custom WaveView} {} {hierview} {D0:3a_45nm.sw0@12(11)} {+sep=/}
wv_move_scrollbar {Custom WaveView} {} {hierview.VScrollBar} {12}
wv_drag_tree_item {Custom WaveView} {} {hierview} {D0:3a_45nm.sw0@12(11)/toplevel(0)} {+sep=/}
wv_select_tree_item {Custom WaveView} {} {hierview} {D0:3a_45nm.sw0@12(11)/toplevel(0)} {0} {+sep=/}
wv_select_list_item {Custom WaveView} {} {sigview} {i1(m0)} 4
wv_drag_list_item {Custom WaveView} {} {sigview} {i1(m0)} 4
wv_drag_enter WV1
wv_drag_to WV1 17 247
wv_drop_on WV1
wv_select_window {Custom WaveView} 
wv_move_window {Custom WaveView} {} 463 263
wv_select_waveview 1 {waveview 1}
wv_select_panel WV1.PANEL1:1 0.0242291 7.16873e-05
wv_select_waveview 1 {waveview 1}
wv_select_panel WV1.PANEL1:1 0.161527 6.91006e-05
wv_select_waveview 1 {waveview 1}
wv_select_toolbar_item {Custom WaveView} {waveview 1:1} {Drawing Tool} 
wv_set_text {DrawToolParameters} {} {RemarkText} "vbs = -1.1V"
wv_press_button {DrawToolParameters} {} {Ok} 
wv_select_window {Custom WaveView} 
wv_select_waveview 1 {waveview 1}
wv_select_wv_item WV1.TEXT1
wv_drag_item_to WV1 452 192
wv_move_wv_item WV1.TEXT1 602 282
wv_select_waveview 1 {waveview 1}
wv_waveview_context_menu WV1.TEXT1
wv_select_waveview 1 {waveview 1}
wv_select_menu_item {Custom WaveView} {waveview 1:1} {LabelPopMenu.Configure Remark} 
wv_select_combox_item {DrawToolParameters} {} {FontSize} "12" 3
wv_press_button {DrawToolParameters} {} {Ok} 
wv_select_window {Custom WaveView} 
wv_select_waveview 1 {waveview 1}
wv_select_wv_item WV1.TEXT1
wv_drag_item_to WV1 640 273
wv_move_wv_item WV1.TEXT1 655 264
wv_select_waveview 1 {waveview 1}
wv_waveview_context_menu WV1.TEXT1
wv_select_waveview 1 {waveview 1}
wv_select_menu_item {Custom WaveView} {waveview 1:1} {LabelPopMenu.Copy Remark} 
wv_select_waveview 1 {waveview 1}
wv_select_wv_item WV1.TEXT1
wv_drag_item_to WV1 629 286
wv_move_wv_item WV1.TEXT1 606 121
wv_select_waveview 1 {waveview 1}
wv_waveview_context_menu WV1.TEXT1
wv_select_waveview 1 {waveview 1}
wv_select_menu_item {Custom WaveView} {waveview 1:1} {LabelPopMenu.Configure Remark} 
wv_set_text {DrawToolParameters} {} {RemarkText} "vbs = 0V"
wv_press_button {DrawToolParameters} {} {Ok} 
wv_select_window {Custom WaveView} 
wv_select_waveview 1 {waveview 1}
wv_select_wv_item WV1.TEXT1
wv_drag_item_to WV1 582 121
wv_move_wv_item WV1.TEXT1 591 124
wv_select_waveview 1 {waveview 1}
wv_select_panel WV1.PANEL1:1 0.659031 8.16643e-05
wv_select_waveview 1 {waveview 1}
wv_select_toolbar_item {Custom WaveView} {waveview 1:1} {Drawing Tool} 
wv_set_text {DrawToolParameters} {} {RemarkText} "step = 0.1V"
wv_select_combox_item {DrawToolParameters} {} {FontSize} "12" 3
wv_press_button {DrawToolParameters} {} {Ok} 
wv_select_waveview 1 {waveview 1}
wv_select_wv_item WV1.TEXT1
wv_drag_item_to WV1 476 192
wv_move_wv_item WV1.TEXT1 515 185
wv_select_waveview 1 {waveview 1}
wv_select_wv_item WV1.PANEL1:1.LINE1
wv_select_line WV1.PANEL1:1.LINE1
wv_select_waveview 1 {waveview 1}
wv_shift_select_line WV1.PANEL1:1.LINE12
wv_release_wv_item WV1 47 182
wv_select_waveview 1 {waveview 1}
wv_select_wv_item WV1.PANEL1:1.LEGEND
wv_select_panel WV1.PANEL1:1.LEGEND
wv_select_waveview 1 {waveview 1}
wv_select_wv_item WV1.PANEL1:1.LEGEND
wv_select_panel WV1.PANEL1:1.LEGEND
wv_press_tool_button {Custom WaveView} {} {DumpScreen0} 
wv_select_dialog {SaveScreenDump} 
wv_set_check {SaveScreenDump} {} {ExcludeWVHeaderFooterArea} 1
wv_set_text {SaveScreenDump} {} {SaveToFile} "3a_45nm"
wv_press_button {SaveScreenDump} {} {Save} 
wv_close_window {Custom WaveView} 
wv_select_dialog {Confirmation} 
#wv_press_button {Confirmation} {} {Ok} 
#*WARNING* Can not remove '/home/centos/.cx_hostport/.cx_hostport_2024-szjcdl53_21587'.
