### Custom WaveView ADV log file, revision Q-2020.03-SP2-2 (build Oct 29, ) ###
### created at 00:47:57 on Wed Nov 27 2024 (Linux AMD64) ###
### Host Name: 2024-szjcdl53   User ID: centos   PID: 5663   ###
wv_start_log
# (0) running in waveview only mode
# (0) SW_SX_PERL_LIB defined
# (0) SW_SX_TCL_LIB defined
# (0) HOME defined
wv_move_window {Custom WaveView} {} 242 265
wv_select_window {Custom WaveView} 
wv_press_tool_button {Custom WaveView} {} {OpenWaveform0} 
wv_select_dialog {FileDialog} 
wv_select_list_item {FileDialog} {} {FileList} {test_case.tr0} 11
wv_dclick_list_item {FileDialog} {} {FileList} {test_case.tr0} 11
wv_expand_tree_item {Custom WaveView} {} {hierview} {D0:test_case.tr0(0)} {+sep=@}
wv_select_tree_item {Custom WaveView} {} {hierview} {D0:test_case.tr0(0)@toplevel(0)} {0} {+sep=@}
wv_select_list_item {Custom WaveView} {} {sigview} {v(a)} 4
wv_drag_list_item {Custom WaveView} {} {sigview} {v(a)} 4
wv_drag_enter WV1
wv_drop_on WV1
wv_select_list_item {Custom WaveView} {} {sigview} {v(b)} 5
wv_drag_list_item {Custom WaveView} {} {sigview} {v(b)} 5
wv_drag_enter WV1
wv_drag_to WV1 8 433
wv_drag_to WV1 49 450
wv_drop_on WV1
wv_select_list_item {Custom WaveView} {} {sigview} {v(z)} 8
wv_drag_list_item {Custom WaveView} {} {sigview} {v(z)} 8
wv_drag_enter WV1
wv_drag_to WV1 8 457
wv_drop_on WV1
wv_move_window {Custom WaveView} {} 0 0
wv_move_window {Custom WaveView} {} 571 132
wv_select_window {Custom WaveView} 
wv_move_window {Custom WaveView} {} 0 0
wv_move_window {Custom WaveView} {} 571 132
wv_select_window {Custom WaveView} 
wv_move_window {Custom WaveView} {} 0 0
wv_move_window {Custom WaveView} {} 571 132
wv_select_window {Custom WaveView} 
wv_tree_context_menu {Custom WaveView} {} {hierview} 106 11 {D0:test_case.tr0(0)} {+sep=@}
wv_select_menu_item {Custom WaveView} {} {FileViewPopMenu.Update WDF} 
wv_press_button {Confirmation} {} {Ok} 
wv_tree_context_menu {Custom WaveView} {} {hierview} 130 9 {D0:test_case.tr0(0)} {+sep=@}
wv_select_menu_item {Custom WaveView} {} {FileViewPopMenu.Update WDF} 
wv_move_window {Custom WaveView} {} 0 0
wv_select_window {Custom WaveView} 
wv_move_window {Custom WaveView} {} 571 132
wv_select_window {Custom WaveView} 
wv_select_tree_item {Custom WaveView} {} {hierview} {D0:test_case.tr0(0)@toplevel(0)} {0} {+sep=@}
wv_select_list_item {Custom WaveView} {} {sigview} {i(vin1)} 1
wv_drag_list_item {Custom WaveView} {} {sigview} {i(vin1)} 1
wv_drag_enter WV1
wv_drag_to WV1 8 381
wv_drag_to WV1 60 449
wv_drop_on WV1
wv_select_list_item {Custom WaveView} {} {sigview} {i(vin2)} 2
wv_drag_list_item {Custom WaveView} {} {sigview} {i(vin2)} 2
wv_drag_enter WV1
wv_drag_to WV1 5 401
wv_drag_to WV1 50 448
wv_drop_on WV1
wv_select_list_item {Custom WaveView} {} {sigview} {v(vdd!)} 6
wv_drag_list_item {Custom WaveView} {} {sigview} {v(vdd!)} 6
wv_drag_enter WV1
wv_drag_to WV1 14 428
wv_drag_to WV1 53 446
wv_drop_on WV1
wv_select_waveview 1 {waveview 1}
wv_select_wv_item WV1.PANEL6:1.LINE1
wv_select_line WV1.PANEL6:1.LINE1
wv_select_waveview 1 {waveview 1}
wv_select_wv_item WV1.PANEL6:1.LINE1
wv_select_line WV1.PANEL6:1.LINE1
wv_select_waveview 1 {waveview 1}
wv_select_wv_item WV1.PANEL6:1.LINE1
wv_select_line WV1.PANEL6:1.LINE1
wv_press_key Delete 304 554
wv_select_dialog {Confirmation} 
wv_press_button {Confirmation} {} {Ok} 
wv_select_waveview 1 {waveview 1}
wv_select_wv_item WV1.PANEL4:1.LEGEND
wv_select_panel WV1.PANEL4:1.LEGEND
wv_select_waveview 1 {waveview 1}
wv_select_wv_item WV1.PANEL4:1.LEGEND
wv_select_panel WV1.PANEL4:1.LEGEND
wv_select_waveview 1 {waveview 1}
wv_select_wv_item WV1.PANEL4:1.LINE1
wv_select_line WV1.PANEL4:1.LINE1
wv_press_key Delete 307 454
wv_select_dialog {Confirmation} 
wv_press_button {Confirmation} {} {Ok} 
wv_select_waveview 1 {waveview 1}
wv_select_wv_item WV1.PANEL4:1.LEGEND
wv_select_panel WV1.PANEL4:1.LEGEND
wv_press_key Delete 350 509
wv_select_dialog {Confirmation} 
wv_press_button {Confirmation} {} {Cancel} 
wv_select_waveview 1 {waveview 1}
wv_select_wv_item WV1.PANEL4:1.LINE1
wv_select_line WV1.PANEL4:1.LINE1
wv_press_key Delete 343 512
wv_select_dialog {Confirmation} 
wv_press_button {Confirmation} {} {Ok} 
wv_press_tool_button {Custom WaveView} {} {OpenWaveformFile0} 
wv_select_dialog {FileDialog} 
wv_press_button {FileDialog} {} {Up} 
wv_select_list_item {FileDialog} {} {FileList} {myNAND_pre} 5
wv_dclick_list_item {FileDialog} {} {FileList} {myNAND_pre} 5
wv_select_list_item {FileDialog} {} {FileList} {test_case.tr0} 12
wv_dclick_list_item {FileDialog} {} {FileList} {test_case.tr0} 12
wv_expand_tree_item {Custom WaveView} {} {hierview} {D1:test_case.tr0(1)} {+sep=@}
wv_select_tree_item {Custom WaveView} {} {hierview} {D1:test_case.tr0(1)@toplevel(0)} {0} {+sep=@}
wv_select_list_item {Custom WaveView} {} {sigview} {v(z)} 7
wv_drag_list_item {Custom WaveView} {} {sigview} {v(z)} 7
wv_drag_enter WV1
wv_drag_to WV1 8 435
wv_drag_to WV1 39 449
wv_drop_on WV1
wv_select_window {Custom WaveView} 
wv_tree_context_menu {Custom WaveView} {} {hierview} 136 4 {D0:test_case.tr0(0)} {+sep=@}
wv_select_menu_item {Custom WaveView} {} {FileViewPopMenu.Update WDF} 
wv_press_button {Confirmation} {} {Ok} 
wv_move_window {Custom WaveView} {} 0 0
wv_move_window {Custom WaveView} {} 571 132
wv_select_window {Custom WaveView} 
wv_tree_context_menu {Custom WaveView} {} {hierview} 127 10 {D0:test_case.tr0(0)} {+sep=@}
wv_select_menu_item {Custom WaveView} {} {FileViewPopMenu.Update All WDF} 
wv_press_button {ReloadFiles} {} {Yes} 
wv_move_window {Custom WaveView} {} 0 0
wv_move_window {Custom WaveView} {} 571 132
wv_select_window {Custom WaveView} 
wv_move_window {Custom WaveView} {} 0 0
wv_move_window {Custom WaveView} {} 571 132
wv_select_window {Custom WaveView} 
wv_tree_context_menu {Custom WaveView} {} {hierview} 120 7 {D0:test_case.tr0(0)} {+sep=@}
wv_select_menu_item {Custom WaveView} {} {FileViewPopMenu.Update WDF} 
wv_press_button {Confirmation} {} {Ok} 
wv_expand_tree_item {Custom WaveView} {} {hierview} {D0:test_case.tr0(0)@toplevel(0)} {+sep=@}
wv_select_tree_item {Custom WaveView} {} {hierview} {D0:test_case.tr0(0)@toplevel(0)} {0} {+sep=@}
wv_select_tree_item {Custom WaveView} {} {hierview} {D1:test_case.tr0(1)} {0} {+sep=@}
wv_select_tree_item {Custom WaveView} {} {hierview} {D1:test_case.tr0(1)@toplevel(0)} {0} {+sep=@}
wv_select_tree_item {Custom WaveView} {} {hierview} {D0:test_case.tr0(0)} {0} {+sep=@}
wv_select_tree_item {Custom WaveView} {} {hierview} {D0:test_case.tr0(0)@toplevel(0)} {0} {+sep=@}
wv_select_tree_item {Custom WaveView} {} {hierview} {D0:test_case.tr0(0)@toplevel(0)@xi0(0)} {0} {+sep=@}
wv_move_scrollbar {Custom WaveView} {} {sigview.HScrolBar} {1}
wv_move_scrollbar {Custom WaveView} {} {sigview.HScrolBar} {3}
wv_move_scrollbar {Custom WaveView} {} {sigview.HScrolBar} {4}
wv_move_scrollbar {Custom WaveView} {} {sigview.HScrolBar} {7}
wv_move_scrollbar {Custom WaveView} {} {sigview.HScrolBar} {10}
wv_move_scrollbar {Custom WaveView} {} {sigview.HScrolBar} {16}
wv_move_scrollbar {Custom WaveView} {} {sigview.HScrolBar} {21}
wv_move_scrollbar {Custom WaveView} {} {sigview.HScrolBar} {25}
wv_move_scrollbar {Custom WaveView} {} {sigview.HScrolBar} {31}
wv_move_scrollbar {Custom WaveView} {} {sigview.HScrolBar} {36}
wv_move_scrollbar {Custom WaveView} {} {sigview.HScrolBar} {40}
wv_move_scrollbar {Custom WaveView} {} {sigview.HScrolBar} {43}
wv_move_scrollbar {Custom WaveView} {} {sigview.HScrolBar} {48}
wv_move_scrollbar {Custom WaveView} {} {sigview.HScrolBar} {52}
wv_move_scrollbar {Custom WaveView} {} {sigview.HScrolBar} {58}
wv_move_scrollbar {Custom WaveView} {} {sigview.HScrolBar} {61}
wv_move_scrollbar {Custom WaveView} {} {sigview.HScrolBar} {66}
wv_move_scrollbar {Custom WaveView} {} {sigview.HScrolBar} {67}
wv_move_scrollbar {Custom WaveView} {} {sigview.HScrolBar} {69}
wv_move_scrollbar {Custom WaveView} {} {sigview.HScrolBar} {70}
wv_move_scrollbar {Custom WaveView} {} {sigview.HScrolBar} {72}
wv_move_scrollbar {Custom WaveView} {} {sigview.HScrolBar} {73}
wv_move_scrollbar {Custom WaveView} {} {sigview.HScrolBar} {64}
wv_move_scrollbar {Custom WaveView} {} {sigview.HScrolBar} {58}
wv_move_scrollbar {Custom WaveView} {} {sigview.HScrolBar} {54}
wv_move_scrollbar {Custom WaveView} {} {sigview.HScrolBar} {48}
wv_move_scrollbar {Custom WaveView} {} {sigview.HScrolBar} {43}
wv_move_scrollbar {Custom WaveView} {} {sigview.HScrolBar} {39}
wv_move_scrollbar {Custom WaveView} {} {sigview.HScrolBar} {34}
wv_move_scrollbar {Custom WaveView} {} {sigview.HScrolBar} {30}
wv_move_scrollbar {Custom WaveView} {} {sigview.HScrolBar} {24}
wv_move_scrollbar {Custom WaveView} {} {sigview.HScrolBar} {19}
wv_move_scrollbar {Custom WaveView} {} {sigview.HScrolBar} {13}
wv_move_scrollbar {Custom WaveView} {} {sigview.HScrolBar} {9}
wv_move_scrollbar {Custom WaveView} {} {sigview.HScrolBar} {3}
wv_move_scrollbar {Custom WaveView} {} {sigview.HScrolBar} {0}
wv_select_waveview 1 {waveview 1}
wv_select_wv_item WV1.PANEL4:1.LINE1
wv_select_line WV1.PANEL4:1.LINE1
wv_press_key Delete 287 518
wv_select_dialog {Confirmation} 
wv_press_button {Confirmation} {} {Ok} 
wv_select_list_item {Custom WaveView} {} {sigview} {xi0.v(n_a_mm0_g)} 3
wv_drag_list_item {Custom WaveView} {} {sigview} {xi0.v(n_a_mm0_g)} 3
wv_drag_enter WV1
wv_drag_to WV1 4 390
wv_drag_to WV1 40 448
wv_drop_on WV1
wv_select_list_item {Custom WaveView} {} {sigview} {xi0.v(n_a_mm3_g)} 4
wv_drag_list_item {Custom WaveView} {} {sigview} {xi0.v(n_a_mm3_g)} 4
wv_drag_enter WV1
wv_drag_to WV1 1 418
wv_drag_to WV1 41 450
wv_drop_on WV1
wv_select_list_item {Custom WaveView} {} {sigview} {xi0.v(n_b_c_33_n)} 5
wv_select_list_item {Custom WaveView} {} {sigview} {xi0.v(n_b_mm1_g)} 6
wv_select_list_item {Custom WaveView} {} {sigview} {xi0.v(n_b_mm1_g)} 6
wv_drag_list_item {Custom WaveView} {} {sigview} {xi0.v(n_b_mm1_g)} 6
wv_drag_enter WV1
wv_drag_to WV1 3 428
wv_drag_to WV1 34 446
wv_drop_on WV1
wv_select_list_item {Custom WaveView} {} {sigview} {xi0.v(n_b_mm2_g)} 7
wv_drag_list_item {Custom WaveView} {} {sigview} {xi0.v(n_b_mm2_g)} 7
wv_drag_enter WV1
wv_drag_to WV1 1 438
wv_drag_to WV1 27 448
wv_drop_on WV1
wv_select_waveview 1 {waveview 1}
wv_select_wv_item WV1.PANEL4:1.LINE1
wv_select_line WV1.PANEL4:1.LINE1
wv_select_waveview 1 {waveview 1}
wv_shift_select_line WV1.PANEL7:1.LINE1
wv_release_wv_item WV1 62 402
wv_press_key Delete 320 566
wv_select_dialog {Confirmation} 
wv_press_button {Confirmation} {} {Ok} 
wv_select_list_item {Custom WaveView} {} {sigview} {xi0.v(n_gnd!_c_20_n)} 8
wv_select_list_item {Custom WaveView} {} {sigview} {xi0.v(n_gnd!_c_20_n)} 8
wv_drag_list_item {Custom WaveView} {} {sigview} {xi0.v(n_gnd!_c_20_n)} 8
wv_drag_enter WV1
wv_drag_to WV1 13 439
wv_drag_to WV1 48 448
wv_drop_on WV1
wv_select_list_item {Custom WaveView} {} {sigview} {xi0.v(n_gnd!_c_29_p)} 9
wv_drag_list_item {Custom WaveView} {} {sigview} {xi0.v(n_gnd!_c_29_p)} 9
wv_drag_enter WV1
wv_drag_to WV1 6 437
wv_drag_to WV1 61 448
wv_drop_on WV1
wv_select_list_item {Custom WaveView} {} {sigview} {xi0.v(n_gnd!_mm0_b)} 10
wv_drag_list_item {Custom WaveView} {} {sigview} {xi0.v(n_gnd!_mm0_b)} 10
wv_drag_enter WV1
wv_drag_to WV1 3 451
wv_drop_on WV1
wv_select_list_item {Custom WaveView} {} {sigview} {xi0.v(n_gnd!_mm0_s)} 11
wv_drag_list_item {Custom WaveView} {} {sigview} {xi0.v(n_gnd!_mm0_s)} 11
wv_drag_enter WV1
wv_drag_to WV1 3 447
wv_drag_to WV1 46 449
wv_drop_on WV1
wv_move_scrollbar {Custom WaveView} {} {sigview.HScrolBar} {6}
wv_move_scrollbar {Custom WaveView} {} {sigview.HScrolBar} {10}
wv_move_scrollbar {Custom WaveView} {} {sigview.HScrolBar} {16}
wv_move_scrollbar {Custom WaveView} {} {sigview.HScrolBar} {24}
wv_move_scrollbar {Custom WaveView} {} {sigview.HScrolBar} {31}
wv_move_scrollbar {Custom WaveView} {} {sigview.HScrolBar} {42}
wv_move_scrollbar {Custom WaveView} {} {sigview.HScrolBar} {51}
wv_move_scrollbar {Custom WaveView} {} {sigview.HScrolBar} {60}
wv_move_scrollbar {Custom WaveView} {} {sigview.HScrolBar} {66}
wv_move_scrollbar {Custom WaveView} {} {sigview.HScrolBar} {73}
wv_select_list_item {Custom WaveView} {} {sigview} {xi0.v(n_vdd!_c_66_n)} 12
wv_drag_list_item {Custom WaveView} {} {sigview} {xi0.v(n_vdd!_c_66_n)} 12
wv_drag_enter WV1
wv_drag_to WV1 10 345
wv_drag_to WV1 36 389
wv_drag_to WV1 40 397
wv_drag_to WV1 51 450
wv_drop_on WV1
wv_select_waveview 1 {waveview 1}
wv_select_wv_item WV1.LEGEND.HSLIDER 33 484
wv_drag_item_to WV1 34 484
wv_drag_item_to WV1 0 484
wv_horz_scroll WV1.LEGEND 0
wv_select_list_item {Custom WaveView} {} {sigview} {xi0.v(n_vdd!_c_68_n)} 13
wv_drag_list_item {Custom WaveView} {} {sigview} {xi0.v(n_vdd!_c_68_n)} 13
wv_drag_enter WV1
wv_drag_to WV1 36 363
wv_drag_to WV1 80 410
wv_drag_to WV1 101 449
wv_drop_on WV1
wv_select_list_item {Custom WaveView} {} {sigview} {xi0.v(n_z_c_49_n)} 17
wv_select_list_item {Custom WaveView} {} {sigview} {xi0.v(n_z_c_49_n)} 17
wv_drag_list_item {Custom WaveView} {} {sigview} {xi0.v(n_z_c_49_n)} 17
wv_drag_enter WV1
wv_drag_to WV1 2 401
wv_drag_to WV1 9 410
wv_drag_to WV1 41 450
wv_drop_on WV1
wv_select_list_item {Custom WaveView} {} {sigview} {xi0.v(n_vdd!_c_66_n)} 12
wv_select_list_item {Custom WaveView} {} {sigview} {xi0.v(n_vdd!_mm3_b)} 15
wv_select_window {Custom WaveView} 
wv_select_list_item {Custom WaveView} {} {sigview} {xi0.v(n_vdd!_mm3_b)} 15
wv_drag_list_item {Custom WaveView} {} {sigview} {xi0.v(n_vdd!_mm3_b)} 15
wv_drag_enter WV1
wv_drag_to WV1 16 363
wv_drag_to WV1 29 373
wv_drag_to WV1 55 408
wv_drag_to WV1 59 414
wv_drag_to WV1 68 447
wv_drop_on WV1
wv_select_window {Custom WaveView} 
wv_select_waveview 1 {waveview 1}
wv_select_wv_item WV1.PANEL4:1.LEGEND
wv_select_panel WV1.PANEL4:1.LEGEND
wv_select_waveview 1 {waveview 1}
wv_shift_select_line WV1.PANEL11:1.LINE1
wv_release_wv_item WV1 57 421
wv_select_waveview 1 {waveview 1}
wv_shift_select_panel WV1.PANEL4:1.LEGEND
wv_release_wv_item WV1 47 143
wv_select_waveview 1 {waveview 1}
wv_shift_select_panel WV1.PANEL4:1.LEGEND
wv_release_wv_item WV1 43 143
wv_select_waveview 1 {waveview 1}
wv_shift_select_line WV1.PANEL4:1.LINE1
wv_release_wv_item WV1 39 146
wv_select_waveview 1 {waveview 1}
wv_waveview_context_menu WV1.PANEL4:1.LINE1
wv_select_waveview 1 {waveview 1}
wv_select_menu_item {Custom WaveView} {waveview 1:1} {PanelPopMenu.Delete} 
wv_press_button {Confirmation} {} {Ok} 
wv_expand_tree_item {Custom WaveView} {} {hierview} {D0:test_case.tr0(0)@toplevel(0)@xi0(0)} {+sep=@}
wv_select_tree_item {Custom WaveView} {} {hierview} {D0:test_case.tr0(0)@toplevel(0)@xi0(0)@x_pm_mynand%vdd!(3)} {0} {+sep=@}
wv_move_scrollbar {Custom WaveView} {} {sigview.HScrolBar} {0}
wv_select_window {Custom WaveView} 
wv_select_tree_item {Custom WaveView} {} {hierview} {D0:test_case.tr0(0)@toplevel(0)@xi0(0)} {0} {+sep=@}
wv_drag_tree_item {Custom WaveView} {} {hierview} {D0:test_case.tr0(0)@toplevel(0)@xi0(0)@x_pm_mynand%a(0)} {+sep=@}
wv_select_tree_item {Custom WaveView} {} {hierview} {D0:test_case.tr0(0)@toplevel(0)@xi0(0)@x_pm_mynand%a(0)} {0} {+sep=@}
wv_drag_enter WV1
wv_drag_to WV1 7 97
wv_drag_to WV1 53 173
wv_drag_to WV1 111 305
wv_drag_to WV1 120 325
wv_drag_to WV1 122 448
wv_drop_on WV1
wv_select_tree_item {Custom WaveView} {} {hierview} {D0:test_case.tr0(0)@toplevel(0)@xi0(0)@x_pm_mynand%b(1)} {0} {+sep=@}
wv_select_tree_item {Custom WaveView} {} {hierview} {D0:test_case.tr0(0)@toplevel(0)@xi0(0)@x_pm_mynand%b(1)} {0} {+sep=@}
wv_drag_tree_item {Custom WaveView} {} {hierview} {D0:test_case.tr0(0)@toplevel(0)@xi0(0)@x_pm_mynand%b(1)} {+sep=@}
wv_select_tree_item {Custom WaveView} {} {hierview} {D0:test_case.tr0(0)@toplevel(0)@xi0(0)@x_pm_mynand%b(1)} {0} {+sep=@}
wv_drag_enter WV1
wv_drag_to WV1 2 310
wv_drag_to WV1 18 345
wv_drag_to WV1 20 350
wv_drag_to WV1 46 448
wv_drop_on WV1
wv_select_tree_item {Custom WaveView} {} {hierview} {D0:test_case.tr0(0)@toplevel(0)@xi0(0)@x_pm_mynand%gnd!(2)} {0} {+sep=@}
wv_select_tree_item {Custom WaveView} {} {hierview} {D0:test_case.tr0(0)@toplevel(0)@xi0(0)@x_pm_mynand%gnd!(2)} {0} {+sep=@}
wv_drag_tree_item {Custom WaveView} {} {hierview} {D0:test_case.tr0(0)@toplevel(0)@xi0(0)@x_pm_mynand%gnd!(2)} {+sep=@}
wv_select_tree_item {Custom WaveView} {} {hierview} {D0:test_case.tr0(0)@toplevel(0)@xi0(0)@x_pm_mynand%gnd!(2)} {0} {+sep=@}
wv_drag_enter WV1
wv_drag_to WV1 2 240
wv_drag_to WV1 19 281
wv_drag_to WV1 21 288
wv_drag_to WV1 48 361
wv_drag_to WV1 52 369
wv_drag_to WV1 69 447
wv_drop_on WV1
wv_select_tree_item {Custom WaveView} {} {hierview} {D0:test_case.tr0(0)@toplevel(0)@xi0(0)@x_pm_mynand%vdd!(3)} {0} {+sep=@}
wv_select_tree_item {Custom WaveView} {} {hierview} {D0:test_case.tr0(0)@toplevel(0)@xi0(0)@x_pm_mynand%vdd!(3)} {0} {+sep=@}
wv_drag_tree_item {Custom WaveView} {} {hierview} {D0:test_case.tr0(0)@toplevel(0)@xi0(0)@x_pm_mynand%vdd!(3)} {+sep=@}
wv_select_tree_item {Custom WaveView} {} {hierview} {D0:test_case.tr0(0)@toplevel(0)@xi0(0)@x_pm_mynand%vdd!(3)} {0} {+sep=@}
wv_drag_enter WV1
wv_drag_to WV1 5 222
wv_drag_to WV1 8 236
wv_drag_to WV1 13 261
wv_drag_to WV1 23 310
wv_drag_to WV1 24 318
wv_drag_to WV1 38 377
wv_drag_to WV1 41 387
wv_drag_to WV1 55 449
wv_drop_on WV1
wv_select_waveview 1 {waveview 1}
wv_select_wv_item WV1.LEGEND.WIDTH
wv_drag_item_to WV1 81 381
wv_move_wv_item WV1.PANEL1:1.LEGEND.WIDTH 158
wv_select_waveview 1 {waveview 1}
wv_select_wv_item WV1.LEGEND.WIDTH
wv_drag_item_to WV1 160 377
wv_move_wv_item WV1.PANEL1:1.LEGEND.WIDTH 261
wv_select_waveview 1 {waveview 1}
wv_select_wv_item WV1.PANEL7:1.LEGEND.VSLIDER 10 423
wv_drag_item_to WV1 9 423
wv_drag_item_to WV1 24 405
wv_vert_scroll WV1.PANEL7:1.LEGEND 0
wv_select_window {Custom WaveView} 
wv_select_tree_item {Custom WaveView} {} {hierview} {D0:test_case.tr0(0)@toplevel(0)} {0} {+sep=@}
wv_select_tree_item {Custom WaveView} {} {hierview} {D0:test_case.tr0(0)@toplevel(0)} {0} {+sep=@}
wv_select_list_item {Custom WaveView} {} {sigview} {v(vdd!)} 6
wv_drag_list_item {Custom WaveView} {} {sigview} {v(vdd!)} 6
wv_drag_enter WV1
wv_drag_to WV1 3 112
wv_drag_to WV1 61 140
wv_drag_to WV1 64 150
wv_drag_to WV1 78 148
wv_drop_on WV1
wv_select_list_item {Custom WaveView} {} {sigview} {v(vdd)} 7
wv_drag_list_item {Custom WaveView} {} {sigview} {v(vdd)} 7
wv_drag_enter WV1
wv_drag_to WV1 8 220
wv_drag_to WV1 84 186
wv_drop_on WV1
wv_select_tree_item {Custom WaveView} {} {hierview} {D1:test_case.tr0(1)} {0} {+sep=@}
wv_select_tree_item {Custom WaveView} {} {hierview} {D1:test_case.tr0(1)@toplevel(0)} {0} {+sep=@}
wv_select_tree_item {Custom WaveView} {} {hierview} {D0:test_case.tr0(0)@toplevel(0)} {0} {+sep=@}
wv_select_window {Custom WaveView} 
wv_select_waveview 1 {waveview 1}
wv_select_wv_item WV1.PANEL4:1.LINE1
wv_select_line WV1.PANEL4:1.LINE1
wv_dclick_wv_item WV1.PANEL4:1.LINE1
wv_release_wv_item WV1 87 174
wv_select_dialog {WaveformAttributesDialog} 
wv_close_dialog {WaveformAttributesDialog} 
wv_select_window {Custom WaveView} 
wv_select_waveview 1 {waveview 1}
wv_select_wv_item WV1.PANEL4:1.LEGEND
wv_select_panel WV1.PANEL4:1.LEGEND
wv_select_waveview 1 {waveview 1}
wv_select_wv_item WV1.PANEL4:1.LEGEND
wv_select_panel WV1.PANEL4:1.LEGEND
wv_tree_context_menu {Custom WaveView} {} {hierview} 98 30 {D0:test_case.tr0(0)@toplevel(0)} {+sep=@}
wv_select_menu_item {Custom WaveView} {} {FileViewPopMenu.Update WDF} 
wv_press_button {Confirmation} {} {Ok} 
wv_select_tree_item {Custom WaveView} {} {hierview} {D0:test_case.tr0(0)@toplevel(0)} {0} {+sep=@}
wv_close_window {Custom WaveView} 
wv_select_dialog {Confirmation} 
#wv_press_button {Confirmation} {} {Ok} 
#*WARNING* Can not remove '/home/centos/.cx_hostport/.cx_hostport_2024-szjcdl53_5663'.
