### Custom WaveView ADV log file, revision Q-2020.03-SP2-2 (build Oct 29, ) ###
### created at 00:47:57 on Wed Nov 27 2024 (Linux AMD64) ###
### Host Name: 2024-szjcdl53   User ID: centos   PID: 5663   ###
wv_start_log
# (0) running in waveview only mode
# (0) SW_SX_PERL_LIB defined
# (0) SW_SX_TCL_LIB defined
# (0) HOME defined
wv_move_window {Custom WaveView} {} 242 265
wv_select_window {Custom WaveView} 
wv_press_tool_button {Custom WaveView} {} {OpenWaveform0} 
wv_select_dialog {FileDialog} 
wv_select_list_item {FileDialog} {} {FileList} {test_case.tr0} 11
wv_dclick_list_item {FileDialog} {} {FileList} {test_case.tr0} 11
wv_expand_tree_item {Custom WaveView} {} {hierview} {D0:test_case.tr0(0)} {+sep=@}
wv_select_tree_item {Custom WaveView} {} {hierview} {D0:test_case.tr0(0)@toplevel(0)} {0} {+sep=@}
wv_select_list_item {Custom WaveView} {} {sigview} {v(a)} 4
wv_drag_list_item {Custom WaveView} {} {sigview} {v(a)} 4
wv_drag_enter WV1
wv_drop_on WV1
wv_select_list_item {Custom WaveView} {} {sigview} {v(b)} 5
wv_drag_list_item {Custom WaveView} {} {sigview} {v(b)} 5
wv_drag_enter WV1
wv_drag_to WV1 8 433
wv_drag_to WV1 49 450
wv_drop_on WV1
wv_select_list_item {Custom WaveView} {} {sigview} {v(z)} 8
wv_drag_list_item {Custom WaveView} {} {sigview} {v(z)} 8
wv_drag_enter WV1
wv_drag_to WV1 8 457
wv_drop_on WV1
wv_move_window {Custom WaveView} {} 0 0
wv_move_window {Custom WaveView} {} 571 132
wv_select_window {Custom WaveView} 
wv_move_window {Custom WaveView} {} 0 0
wv_move_window {Custom WaveView} {} 571 132
wv_select_window {Custom WaveView} 
wv_move_window {Custom WaveView} {} 0 0
wv_move_window {Custom WaveView} {} 571 132
wv_select_window {Custom WaveView} 
wv_tree_context_menu {Custom WaveView} {} {hierview} 106 11 {D0:test_case.tr0(0)} {+sep=@}
wv_select_menu_item {Custom WaveView} {} {FileViewPopMenu.Update WDF} 
wv_press_button {Confirmation} {} {Ok} 
wv_tree_context_menu {Custom WaveView} {} {hierview} 130 9 {D0:test_case.tr0(0)} {+sep=@}
wv_select_menu_item {Custom WaveView} {} {FileViewPopMenu.Update WDF} 
wv_move_window {Custom WaveView} {} 0 0
wv_select_window {Custom WaveView} 
wv_move_window {Custom WaveView} {} 571 132
wv_select_window {Custom WaveView} 
wv_select_tree_item {Custom WaveView} {} {hierview} {D0:test_case.tr0(0)@toplevel(0)} {0} {+sep=@}
wv_select_list_item {Custom WaveView} {} {sigview} {i(vin1)} 1
wv_drag_list_item {Custom WaveView} {} {sigview} {i(vin1)} 1
wv_drag_enter WV1
wv_drag_to WV1 8 381
wv_drag_to WV1 60 449
wv_drop_on WV1
wv_select_list_item {Custom WaveView} {} {sigview} {i(vin2)} 2
wv_drag_list_item {Custom WaveView} {} {sigview} {i(vin2)} 2
wv_drag_enter WV1
wv_drag_to WV1 5 401
wv_drag_to WV1 50 448
wv_drop_on WV1
wv_select_list_item {Custom WaveView} {} {sigview} {v(vdd!)} 6
wv_drag_list_item {Custom WaveView} {} {sigview} {v(vdd!)} 6
wv_drag_enter WV1
wv_drag_to WV1 14 428
wv_drag_to WV1 53 446
wv_drop_on WV1
wv_select_waveview 1 {waveview 1}
wv_select_wv_item WV1.PANEL6:1.LINE1
wv_select_line WV1.PANEL6:1.LINE1
wv_select_waveview 1 {waveview 1}
wv_select_wv_item WV1.PANEL6:1.LINE1
wv_select_line WV1.PANEL6:1.LINE1
wv_select_waveview 1 {waveview 1}
wv_select_wv_item WV1.PANEL6:1.LINE1
wv_select_line WV1.PANEL6:1.LINE1
wv_press_key Delete 304 554
wv_select_dialog {Confirmation} 
wv_press_button {Confirmation} {} {Ok} 
wv_select_waveview 1 {waveview 1}
wv_select_wv_item WV1.PANEL4:1.LEGEND
wv_select_panel WV1.PANEL4:1.LEGEND
wv_select_waveview 1 {waveview 1}
wv_select_wv_item WV1.PANEL4:1.LEGEND
wv_select_panel WV1.PANEL4:1.LEGEND
wv_select_waveview 1 {waveview 1}
wv_select_wv_item WV1.PANEL4:1.LINE1
wv_select_line WV1.PANEL4:1.LINE1
wv_press_key Delete 307 454
wv_select_dialog {Confirmation} 
wv_press_button {Confirmation} {} {Ok} 
wv_select_waveview 1 {waveview 1}
wv_select_wv_item WV1.PANEL4:1.LEGEND
wv_select_panel WV1.PANEL4:1.LEGEND
wv_press_key Delete 350 509
wv_select_dialog {Confirmation} 
wv_press_button {Confirmation} {} {Cancel} 
wv_select_waveview 1 {waveview 1}
wv_select_wv_item WV1.PANEL4:1.LINE1
wv_select_line WV1.PANEL4:1.LINE1
wv_press_key Delete 343 512
wv_select_dialog {Confirmation} 
wv_press_button {Confirmation} {} {Ok} 
